Archive member included to satisfy reference by file (symbol)

/home/gecko/Ac6/SystemWorkbench/plugins/fr.ac6.mcu.externaltools.arm-none.linux64_1.16.0.201807130628/tools/compiler/bin/../lib/gcc/arm-none-eabi/7.2.1/../../../../arm-none-eabi/lib/thumb/v7-m/libc_nano.a(lib_a-exit.o)
                              /home/gecko/Ac6/SystemWorkbench/plugins/fr.ac6.mcu.externaltools.arm-none.linux64_1.16.0.201807130628/tools/compiler/bin/../lib/gcc/arm-none-eabi/7.2.1/../../../../arm-none-eabi/lib/thumb/v7-m/crt0.o (exit)
/home/gecko/Ac6/SystemWorkbench/plugins/fr.ac6.mcu.externaltools.arm-none.linux64_1.16.0.201807130628/tools/compiler/bin/../lib/gcc/arm-none-eabi/7.2.1/../../../../arm-none-eabi/lib/thumb/v7-m/libc_nano.a(lib_a-impure.o)
                              /home/gecko/Ac6/SystemWorkbench/plugins/fr.ac6.mcu.externaltools.arm-none.linux64_1.16.0.201807130628/tools/compiler/bin/../lib/gcc/arm-none-eabi/7.2.1/../../../../arm-none-eabi/lib/thumb/v7-m/libc_nano.a(lib_a-exit.o) (_global_impure_ptr)
/home/gecko/Ac6/SystemWorkbench/plugins/fr.ac6.mcu.externaltools.arm-none.linux64_1.16.0.201807130628/tools/compiler/bin/../lib/gcc/arm-none-eabi/7.2.1/../../../../arm-none-eabi/lib/thumb/v7-m/libc_nano.a(lib_a-init.o)
                              /home/gecko/Ac6/SystemWorkbench/plugins/fr.ac6.mcu.externaltools.arm-none.linux64_1.16.0.201807130628/tools/compiler/bin/../lib/gcc/arm-none-eabi/7.2.1/../../../../arm-none-eabi/lib/thumb/v7-m/crt0.o (__libc_init_array)
/home/gecko/Ac6/SystemWorkbench/plugins/fr.ac6.mcu.externaltools.arm-none.linux64_1.16.0.201807130628/tools/compiler/bin/../lib/gcc/arm-none-eabi/7.2.1/../../../../arm-none-eabi/lib/thumb/v7-m/libc_nano.a(lib_a-itoa.o)
                              Middlewares/Third_Party/Squashy/gamesys/gamesys.o (itoa)
/home/gecko/Ac6/SystemWorkbench/plugins/fr.ac6.mcu.externaltools.arm-none.linux64_1.16.0.201807130628/tools/compiler/bin/../lib/gcc/arm-none-eabi/7.2.1/../../../../arm-none-eabi/lib/thumb/v7-m/libc_nano.a(lib_a-malloc.o)
                              Middlewares/Third_Party/Squashy/gamesys/gamesys.o (malloc)
/home/gecko/Ac6/SystemWorkbench/plugins/fr.ac6.mcu.externaltools.arm-none.linux64_1.16.0.201807130628/tools/compiler/bin/../lib/gcc/arm-none-eabi/7.2.1/../../../../arm-none-eabi/lib/thumb/v7-m/libc_nano.a(lib_a-memcpy-stub.o)
                              Middlewares/Third_Party/FreeRTOS/Source/queue.o (memcpy)
/home/gecko/Ac6/SystemWorkbench/plugins/fr.ac6.mcu.externaltools.arm-none.linux64_1.16.0.201807130628/tools/compiler/bin/../lib/gcc/arm-none-eabi/7.2.1/../../../../arm-none-eabi/lib/thumb/v7-m/libc_nano.a(lib_a-memset.o)
                              /home/gecko/Ac6/SystemWorkbench/plugins/fr.ac6.mcu.externaltools.arm-none.linux64_1.16.0.201807130628/tools/compiler/bin/../lib/gcc/arm-none-eabi/7.2.1/../../../../arm-none-eabi/lib/thumb/v7-m/crt0.o (memset)
/home/gecko/Ac6/SystemWorkbench/plugins/fr.ac6.mcu.externaltools.arm-none.linux64_1.16.0.201807130628/tools/compiler/bin/../lib/gcc/arm-none-eabi/7.2.1/../../../../arm-none-eabi/lib/thumb/v7-m/libc_nano.a(lib_a-nano-freer.o)
                              /home/gecko/Ac6/SystemWorkbench/plugins/fr.ac6.mcu.externaltools.arm-none.linux64_1.16.0.201807130628/tools/compiler/bin/../lib/gcc/arm-none-eabi/7.2.1/../../../../arm-none-eabi/lib/thumb/v7-m/libc_nano.a(lib_a-malloc.o) (_free_r)
/home/gecko/Ac6/SystemWorkbench/plugins/fr.ac6.mcu.externaltools.arm-none.linux64_1.16.0.201807130628/tools/compiler/bin/../lib/gcc/arm-none-eabi/7.2.1/../../../../arm-none-eabi/lib/thumb/v7-m/libc_nano.a(lib_a-nano-mallocr.o)
                              /home/gecko/Ac6/SystemWorkbench/plugins/fr.ac6.mcu.externaltools.arm-none.linux64_1.16.0.201807130628/tools/compiler/bin/../lib/gcc/arm-none-eabi/7.2.1/../../../../arm-none-eabi/lib/thumb/v7-m/libc_nano.a(lib_a-malloc.o) (_malloc_r)
/home/gecko/Ac6/SystemWorkbench/plugins/fr.ac6.mcu.externaltools.arm-none.linux64_1.16.0.201807130628/tools/compiler/bin/../lib/gcc/arm-none-eabi/7.2.1/../../../../arm-none-eabi/lib/thumb/v7-m/libc_nano.a(lib_a-sbrkr.o)
                              /home/gecko/Ac6/SystemWorkbench/plugins/fr.ac6.mcu.externaltools.arm-none.linux64_1.16.0.201807130628/tools/compiler/bin/../lib/gcc/arm-none-eabi/7.2.1/../../../../arm-none-eabi/lib/thumb/v7-m/libc_nano.a(lib_a-nano-mallocr.o) (_sbrk_r)
/home/gecko/Ac6/SystemWorkbench/plugins/fr.ac6.mcu.externaltools.arm-none.linux64_1.16.0.201807130628/tools/compiler/bin/../lib/gcc/arm-none-eabi/7.2.1/../../../../arm-none-eabi/lib/thumb/v7-m/libc_nano.a(lib_a-utoa.o)
                              /home/gecko/Ac6/SystemWorkbench/plugins/fr.ac6.mcu.externaltools.arm-none.linux64_1.16.0.201807130628/tools/compiler/bin/../lib/gcc/arm-none-eabi/7.2.1/../../../../arm-none-eabi/lib/thumb/v7-m/libc_nano.a(lib_a-itoa.o) (__utoa)
[...]
Memory Configuration

Name             Origin             Length             Attributes
RAM              0x0000000020000000 0x0000000000014000 xrw
FLASH            0x0000000008000000 0x0000000000080000 xr
*default*        0x0000000000000000 0xffffffffffffffff

Linker script and memory map

LOAD /home/gecko/Ac6/SystemWorkbench/plugins/fr.ac6.mcu.externaltools.arm-none.linux64_1.16.0.201807130628/tools/compiler/bin/../lib/gcc/arm-none-eabi/7.2.1/thumb/v7-m/crti.o
LOAD /home/gecko/Ac6/SystemWorkbench/plugins/fr.ac6.mcu.externaltools.arm-none.linux64_1.16.0.201807130628/tools/compiler/bin/../lib/gcc/arm-none-eabi/7.2.1/thumb/v7-m/crtbegin.o
LOAD /home/gecko/Ac6/SystemWorkbench/plugins/fr.ac6.mcu.externaltools.arm-none.linux64_1.16.0.201807130628/tools/compiler/bin/../lib/gcc/arm-none-eabi/7.2.1/../../../../arm-none-eabi/lib/thumb/v7-m/crt0.o
LOAD Drivers/STM32L1xx_HAL_Driver/Src/stm32l1xx_hal.o
LOAD Drivers/STM32L1xx_HAL_Driver/Src/stm32l1xx_hal_cortex.o
LOAD Drivers/STM32L1xx_HAL_Driver/Src/stm32l1xx_hal_dma.o
LOAD Drivers/STM32L1xx_HAL_Driver/Src/stm32l1xx_hal_flash.o
LOAD Drivers/STM32L1xx_HAL_Driver/Src/stm32l1xx_hal_flash_ex.o
LOAD Drivers/STM32L1xx_HAL_Driver/Src/stm32l1xx_hal_flash_ramfunc.o
LOAD Drivers/STM32L1xx_HAL_Driver/Src/stm32l1xx_hal_gpio.o
LOAD Drivers/STM32L1xx_HAL_Driver/Src/stm32l1xx_hal_i2c.o
LOAD Drivers/STM32L1xx_HAL_Driver/Src/stm32l1xx_hal_pwr.o
LOAD Drivers/STM32L1xx_HAL_Driver/Src/stm32l1xx_hal_pwr_ex.o
LOAD Drivers/STM32L1xx_HAL_Driver/Src/stm32l1xx_hal_rcc.o
LOAD Drivers/STM32L1xx_HAL_Driver/Src/stm32l1xx_hal_rcc_ex.o
LOAD Drivers/STM32L1xx_HAL_Driver/Src/stm32l1xx_hal_tim.o
LOAD Drivers/STM32L1xx_HAL_Driver/Src/stm32l1xx_hal_tim_ex.o
LOAD Drivers/STM32L1xx_HAL_Driver/Src/stm32l1xx_hal_uart.o
LOAD Middlewares/Third_Party/FreeRTOS/Source/CMSIS_RTOS/cmsis_os.o
LOAD Middlewares/Third_Party/FreeRTOS/Source/croutine.o
LOAD Middlewares/Third_Party/FreeRTOS/Source/event_groups.o
LOAD Middlewares/Third_Party/FreeRTOS/Source/list.o
LOAD Middlewares/Third_Party/FreeRTOS/Source/queue.o
LOAD Middlewares/Third_Party/FreeRTOS/Source/tasks.o
LOAD Middlewares/Third_Party/FreeRTOS/Source/timers.o
LOAD Middlewares/Third_Party/FreeRTOS/Source/portable/GCC/ARM_CM3/port.o
LOAD Middlewares/Third_Party/FreeRTOS/Source/portable/MemMang/heap_4.o
LOAD Middlewares/Third_Party/SSD1306/fonts.o
LOAD Middlewares/Third_Party/SSD1306/ssd1306.o
LOAD Middlewares/Third_Party/Squashy/controls/controls.o
LOAD Middlewares/Third_Party/Squashy/gamesys/gameobject.o
LOAD Middlewares/Third_Party/Squashy/gamesys/gamesys.o
LOAD Middlewares/Third_Party/Squashy/gamesys/sprite_rendering.o
LOAD Src/freertos.o
LOAD Src/main.o
LOAD Src/stm32l1xx_hal_msp.o
LOAD Src/stm32l1xx_it.o
LOAD Src/system_stm32l1xx.o
LOAD startup/startup_stm32l152xe.o
LOAD /home/gecko/Ac6/SystemWorkbench/plugins/fr.ac6.mcu.externaltools.arm-none.linux64_1.16.0.201807130628/tools/compiler/bin/../lib/gcc/arm-none-eabi/7.2.1/../../../../arm-none-eabi/lib/thumb/v7-m/libm.a
START GROUP
LOAD /home/gecko/Ac6/SystemWorkbench/plugins/fr.ac6.mcu.externaltools.arm-none.linux64_1.16.0.201807130628/tools/compiler/bin/../lib/gcc/arm-none-eabi/7.2.1/thumb/v7-m/libgcc.a
LOAD /home/gecko/Ac6/SystemWorkbench/plugins/fr.ac6.mcu.externaltools.arm-none.linux64_1.16.0.201807130628/tools/compiler/bin/../lib/gcc/arm-none-eabi/7.2.1/../../../../arm-none-eabi/lib/thumb/v7-m/libc_nano.a
END GROUP
START GROUP
LOAD /home/gecko/Ac6/SystemWorkbench/plugins/fr.ac6.mcu.externaltools.arm-none.linux64_1.16.0.201807130628/tools/compiler/bin/../lib/gcc/arm-none-eabi/7.2.1/thumb/v7-m/libgcc.a
LOAD /home/gecko/Ac6/SystemWorkbench/plugins/fr.ac6.mcu.externaltools.arm-none.linux64_1.16.0.201807130628/tools/compiler/bin/../lib/gcc/arm-none-eabi/7.2.1/../../../../arm-none-eabi/lib/thumb/v7-m/libc_nano.a
LOAD /home/gecko/Ac6/SystemWorkbench/plugins/fr.ac6.mcu.externaltools.arm-none.linux64_1.16.0.201807130628/tools/compiler/bin/../lib/gcc/arm-none-eabi/7.2.1/../../../../arm-none-eabi/lib/thumb/v7-m/libnosys.a
END GROUP
START GROUP
LOAD /home/gecko/Ac6/SystemWorkbench/plugins/fr.ac6.mcu.externaltools.arm-none.linux64_1.16.0.201807130628/tools/compiler/bin/../lib/gcc/arm-none-eabi/7.2.1/thumb/v7-m/libgcc.a
LOAD /home/gecko/Ac6/SystemWorkbench/plugins/fr.ac6.mcu.externaltools.arm-none.linux64_1.16.0.201807130628/tools/compiler/bin/../lib/gcc/arm-none-eabi/7.2.1/../../../../arm-none-eabi/lib/thumb/v7-m/libc_nano.a
LOAD /home/gecko/Ac6/SystemWorkbench/plugins/fr.ac6.mcu.externaltools.arm-none.linux64_1.16.0.201807130628/tools/compiler/bin/../lib/gcc/arm-none-eabi/7.2.1/../../../../arm-none-eabi/lib/thumb/v7-m/libnosys.a
END GROUP
LOAD /home/gecko/Ac6/SystemWorkbench/plugins/fr.ac6.mcu.externaltools.arm-none.linux64_1.16.0.201807130628/tools/compiler/bin/../lib/gcc/arm-none-eabi/7.2.1/thumb/v7-m/crtend.o
LOAD /home/gecko/Ac6/SystemWorkbench/plugins/fr.ac6.mcu.externaltools.arm-none.linux64_1.16.0.201807130628/tools/compiler/bin/../lib/gcc/arm-none-eabi/7.2.1/thumb/v7-m/crtn.o
                0x0000000020014000                _estack = 0x20014000
                0x0000000000000200                _Min_Heap_Size = 0x200
                0x0000000000000400                _Min_Stack_Size = 0x400

.isr_vector     0x0000000008000000      0x13c
                0x0000000008000000                . = ALIGN (0x4)
 *(.isr_vector)
 .isr_vector    0x0000000008000000      0x13c startup/startup_stm32l152xe.o
                0x0000000008000000                g_pfnVectors
                0x000000000800013c                . = ALIGN (0x4)

.text           0x0000000008000140     0x340c
                0x0000000008000140                . = ALIGN (0x4)
 *(.text)
 .text          0x0000000008000140       0x40 /home/gecko/Ac6/SystemWorkbench/plugins/fr.ac6.mcu.externaltools.arm-none.linux64_1.16.0.201807130628/tools/compiler/bin/../lib/gcc/arm-none-eabi/7.2.1/thumb/v7-m/crtbegin.o
 *(.text*)
 .text.HAL_InitTick
                0x0000000008000180       0x2c Drivers/STM32L1xx_HAL_Driver/Src/stm32l1xx_hal.o
                0x0000000008000180                HAL_InitTick
 .text.HAL_Init
                0x00000000080001ac       0x16 Drivers/STM32L1xx_HAL_Driver/Src/stm32l1xx_hal.o
                0x00000000080001ac                HAL_Init
 *fill*         0x00000000080001c2        0x2 
 .text.HAL_IncTick
                0x00000000080001c4       0x10 Drivers/STM32L1xx_HAL_Driver/Src/stm32l1xx_hal.o
                0x00000000080001c4                HAL_IncTick
 .text.HAL_GetTick
                0x00000000080001d4        0xc Drivers/STM32L1xx_HAL_Driver/Src/stm32l1xx_hal.o
                0x00000000080001d4                HAL_GetTick
 .text.HAL_Delay
                0x00000000080001e0       0x1c Drivers/STM32L1xx_HAL_Driver/Src/stm32l1xx_hal.o
                0x00000000080001e0                HAL_Delay
 .text.HAL_NVIC_SetPriorityGrouping
                0x00000000080001fc       0x24 Drivers/STM32L1xx_HAL_Driver/Src/stm32l1xx_hal_cortex.o
                0x00000000080001fc                HAL_NVIC_SetPriorityGrouping
 .text.HAL_NVIC_SetPriority
                0x0000000008000220       0x68 Drivers/STM32L1xx_HAL_Driver/Src/stm32l1xx_hal_cortex.o
                0x0000000008000220                HAL_NVIC_SetPriority
 .text.HAL_SYSTICK_Config
                0x0000000008000288       0x2c Drivers/STM32L1xx_HAL_Driver/Src/stm32l1xx_hal_cortex.o
                0x0000000008000288                HAL_SYSTICK_Config
 .text.HAL_GPIO_Init
                0x00000000080002b4      0x1b0 Drivers/STM32L1xx_HAL_Driver/Src/stm32l1xx_hal_gpio.o
                0x00000000080002b4                HAL_GPIO_Init
 .text.HAL_GPIO_ReadPin
                0x0000000008000464        0xe Drivers/STM32L1xx_HAL_Driver/Src/stm32l1xx_hal_gpio.o
                0x0000000008000464                HAL_GPIO_ReadPin
 .text.HAL_GPIO_WritePin
                0x0000000008000472        0xc Drivers/STM32L1xx_HAL_Driver/Src/stm32l1xx_hal_gpio.o
                0x0000000008000472                HAL_GPIO_WritePin
 .text.HAL_GPIO_TogglePin
                0x000000000800047e        0x8 Drivers/STM32L1xx_HAL_Driver/Src/stm32l1xx_hal_gpio.o
                0x000000000800047e                HAL_GPIO_TogglePin
 .text.I2C_IsAcknowledgeFailed
                0x0000000008000486       0x2a Drivers/STM32L1xx_HAL_Driver/Src/stm32l1xx_hal_i2c.o
 .text.I2C_WaitOnFlagUntilTimeout
                0x00000000080004b0       0x68 Drivers/STM32L1xx_HAL_Driver/Src/stm32l1xx_hal_i2c.o
 .text.I2C_WaitOnMasterAddressFlagUntilTimeout
                0x0000000008000518       0x90 Drivers/STM32L1xx_HAL_Driver/Src/stm32l1xx_hal_i2c.o
 .text.I2C_WaitOnTXEFlagUntilTimeout
                0x00000000080005a8       0x4e Drivers/STM32L1xx_HAL_Driver/Src/stm32l1xx_hal_i2c.o
 *fill*         0x00000000080005f6        0x2 
 .text.I2C_RequestMemoryWrite
                0x00000000080005f8       0xd8 Drivers/STM32L1xx_HAL_Driver/Src/stm32l1xx_hal_i2c.o
 .text.I2C_WaitOnBTFFlagUntilTimeout
                0x00000000080006d0       0x4e Drivers/STM32L1xx_HAL_Driver/Src/stm32l1xx_hal_i2c.o
 *fill*         0x000000000800071e        0x2 
 .text.HAL_I2C_Init
                0x0000000008000720      0x164 Drivers/STM32L1xx_HAL_Driver/Src/stm32l1xx_hal_i2c.o
                0x0000000008000720                HAL_I2C_Init
 .text.HAL_I2C_Mem_Write
                0x0000000008000884      0x18c Drivers/STM32L1xx_HAL_Driver/Src/stm32l1xx_hal_i2c.o
                0x0000000008000884                HAL_I2C_Mem_Write
 .text.RCC_SetFlashLatencyFromMSIRange
                0x0000000008000a10       0x94 Drivers/STM32L1xx_HAL_Driver/Src/stm32l1xx_hal_rcc.o
 .text.HAL_RCC_OscConfig
                0x0000000008000aa4      0x78c Drivers/STM32L1xx_HAL_Driver/Src/stm32l1xx_hal_rcc.o
                0x0000000008000aa4                HAL_RCC_OscConfig
 .text.HAL_RCC_GetSysClockFreq
                0x0000000008001230       0x9c Drivers/STM32L1xx_HAL_Driver/Src/stm32l1xx_hal_rcc.o
                0x0000000008001230                HAL_RCC_GetSysClockFreq
 .text.HAL_RCC_ClockConfig
                0x00000000080012cc      0x248 Drivers/STM32L1xx_HAL_Driver/Src/stm32l1xx_hal_rcc.o
                0x00000000080012cc                HAL_RCC_ClockConfig
 .text.HAL_RCC_GetHCLKFreq
                0x0000000008001514        0xc Drivers/STM32L1xx_HAL_Driver/Src/stm32l1xx_hal_rcc.o
                0x0000000008001514                HAL_RCC_GetHCLKFreq
 .text.HAL_RCC_GetPCLK1Freq
                0x0000000008001520       0x2c Drivers/STM32L1xx_HAL_Driver/Src/stm32l1xx_hal_rcc.o
                0x0000000008001520                HAL_RCC_GetPCLK1Freq
 .text.HAL_RCC_GetPCLK2Freq
                0x000000000800154c       0x2c Drivers/STM32L1xx_HAL_Driver/Src/stm32l1xx_hal_rcc.o
                0x000000000800154c                HAL_RCC_GetPCLK2Freq
 .text.TIM_Base_SetConfig
                0x0000000008001578       0x80 Drivers/STM32L1xx_HAL_Driver/Src/stm32l1xx_hal_tim.o
 .text.TIM_OC1_SetConfig
                0x00000000080015f8       0x2e Drivers/STM32L1xx_HAL_Driver/Src/stm32l1xx_hal_tim.o
 .text.TIM_OC2_SetConfig
                0x0000000008001626       0x32 Drivers/STM32L1xx_HAL_Driver/Src/stm32l1xx_hal_tim.o
 .text.TIM_OC3_SetConfig
                0x0000000008001658       0x30 Drivers/STM32L1xx_HAL_Driver/Src/stm32l1xx_hal_tim.o
 .text.TIM_OC4_SetConfig
                0x0000000008001688       0x32 Drivers/STM32L1xx_HAL_Driver/Src/stm32l1xx_hal_tim.o
 .text.TIM_CCxChannelCmd
                0x00000000080016ba       0x1c Drivers/STM32L1xx_HAL_Driver/Src/stm32l1xx_hal_tim.o
 .text.HAL_TIM_PWM_Init
                0x00000000080016d6       0x32 Drivers/STM32L1xx_HAL_Driver/Src/stm32l1xx_hal_tim.o
                0x00000000080016d6                HAL_TIM_PWM_Init
 .text.HAL_TIM_PWM_Stop
                0x0000000008001708       0x2a Drivers/STM32L1xx_HAL_Driver/Src/stm32l1xx_hal_tim.o
                0x0000000008001708                HAL_TIM_PWM_Stop
 .text.HAL_TIM_PWM_ConfigChannel
                0x0000000008001732       0xdc Drivers/STM32L1xx_HAL_Driver/Src/stm32l1xx_hal_tim.o
                0x0000000008001732                HAL_TIM_PWM_ConfigChannel
 .text.HAL_TIMEx_MasterConfigSynchronization
                0x000000000800180e       0x52 Drivers/STM32L1xx_HAL_Driver/Src/stm32l1xx_hal_tim_ex.o
                0x000000000800180e                HAL_TIMEx_MasterConfigSynchronization
 .text.UART_SetConfig
                0x0000000008001860      0x320 Drivers/STM32L1xx_HAL_Driver/Src/stm32l1xx_hal_uart.o
 .text.HAL_UART_Init
                0x0000000008001b80       0x5a Drivers/STM32L1xx_HAL_Driver/Src/stm32l1xx_hal_uart.o
                0x0000000008001b80                HAL_UART_Init
 .text.makeFreeRtosPriority
                0x0000000008001bda        0xc Middlewares/Third_Party/FreeRTOS/Source/CMSIS_RTOS/cmsis_os.o
 .text.osKernelStart
                0x0000000008001be6        0xa Middlewares/Third_Party/FreeRTOS/Source/CMSIS_RTOS/cmsis_os.o
                0x0000000008001be6                osKernelStart
 .text.osThreadCreate
                0x0000000008001bf0       0x34 Middlewares/Third_Party/FreeRTOS/Source/CMSIS_RTOS/cmsis_os.o
                0x0000000008001bf0                osThreadCreate
 .text.osDelay  0x0000000008001c24       0x12 Middlewares/Third_Party/FreeRTOS/Source/CMSIS_RTOS/cmsis_os.o
                0x0000000008001c24                osDelay
 .text.osSystickHandler
                0x0000000008001c36       0x10 Middlewares/Third_Party/FreeRTOS/Source/CMSIS_RTOS/cmsis_os.o
                0x0000000008001c36                osSystickHandler
 .text.vListInitialise
                0x0000000008001c46       0x16 Middlewares/Third_Party/FreeRTOS/Source/list.o
                0x0000000008001c46                vListInitialise
 .text.vListInitialiseItem
                0x0000000008001c5c        0x6 Middlewares/Third_Party/FreeRTOS/Source/list.o
                0x0000000008001c5c                vListInitialiseItem
 .text.vListInsertEnd
                0x0000000008001c62       0x18 Middlewares/Third_Party/FreeRTOS/Source/list.o
                0x0000000008001c62                vListInsertEnd
 .text.vListInsert
                0x0000000008001c7a       0x34 Middlewares/Third_Party/FreeRTOS/Source/list.o
                0x0000000008001c7a                vListInsert
 .text.uxListRemove
                0x0000000008001cae       0x26 Middlewares/Third_Party/FreeRTOS/Source/list.o
                0x0000000008001cae                uxListRemove
 .text.prvResetNextTaskUnblockTime
                0x0000000008001cd4       0x24 Middlewares/Third_Party/FreeRTOS/Source/tasks.o
 .text.prvDeleteTCB
                0x0000000008001cf8       0x12 Middlewares/Third_Party/FreeRTOS/Source/tasks.o
 .text.prvInitialiseNewTask
                0x0000000008001d0a       0x80 Middlewares/Third_Party/FreeRTOS/Source/tasks.o
 *fill*         0x0000000008001d8a        0x2 
 .text.prvInitialiseTaskLists
                0x0000000008001d8c       0x58 Middlewares/Third_Party/FreeRTOS/Source/tasks.o
 .text.prvAddNewTaskToReadyList
                0x0000000008001de4       0xac Middlewares/Third_Party/FreeRTOS/Source/tasks.o
 .text.prvAddCurrentTaskToDelayedList
                0x0000000008001e90       0x88 Middlewares/Third_Party/FreeRTOS/Source/tasks.o
 .text.xTaskCreate
                0x0000000008001f18       0x62 Middlewares/Third_Party/FreeRTOS/Source/tasks.o
                0x0000000008001f18                xTaskCreate
 *fill*         0x0000000008001f7a        0x2 
 .text.vTaskStartScheduler
                0x0000000008001f7c       0x74 Middlewares/Third_Party/FreeRTOS/Source/tasks.o
                0x0000000008001f7c                vTaskStartScheduler
 .text.vTaskSuspendAll
                0x0000000008001ff0       0x14 Middlewares/Third_Party/FreeRTOS/Source/tasks.o
                0x0000000008001ff0                vTaskSuspendAll
 .text.xTaskIncrementTick
                0x0000000008002004      0x10c Middlewares/Third_Party/FreeRTOS/Source/tasks.o
                0x0000000008002004                xTaskIncrementTick
 .text.xTaskResumeAll
                0x0000000008002110       0xf0 Middlewares/Third_Party/FreeRTOS/Source/tasks.o
                0x0000000008002110                xTaskResumeAll
 .text.vTaskDelay
                0x0000000008002200       0x4c Middlewares/Third_Party/FreeRTOS/Source/tasks.o
                0x0000000008002200                vTaskDelay
 .text.prvCheckTasksWaitingTermination
                0x000000000800224c       0x54 Middlewares/Third_Party/FreeRTOS/Source/tasks.o
 .text.prvIdleTask
                0x00000000080022a0       0x28 Middlewares/Third_Party/FreeRTOS/Source/tasks.o
 .text.vTaskSwitchContext
                0x00000000080022c8       0x90 Middlewares/Third_Party/FreeRTOS/Source/tasks.o
                0x00000000080022c8                vTaskSwitchContext
 .text.xTaskGetSchedulerState
                0x0000000008002358       0x20 Middlewares/Third_Party/FreeRTOS/Source/tasks.o
                0x0000000008002358                xTaskGetSchedulerState
 .text.prvTaskExitError
                0x0000000008002378       0x34 Middlewares/Third_Party/FreeRTOS/Source/portable/GCC/ARM_CM3/port.o
 .text.prvPortStartFirstTask
                0x00000000080023ac       0x20 Middlewares/Third_Party/FreeRTOS/Source/portable/GCC/ARM_CM3/port.o
 .text.pxPortInitialiseStack
                0x00000000080023cc       0x24 Middlewares/Third_Party/FreeRTOS/Source/portable/GCC/ARM_CM3/port.o
                0x00000000080023cc                pxPortInitialiseStack
 .text.SVC_Handler
                0x00000000080023f0       0x24 Middlewares/Third_Party/FreeRTOS/Source/portable/GCC/ARM_CM3/port.o
                0x00000000080023f0                SVC_Handler
 .text.vPortEnterCritical
                0x0000000008002414       0x44 Middlewares/Third_Party/FreeRTOS/Source/portable/GCC/ARM_CM3/port.o
                0x0000000008002414                vPortEnterCritical
 .text.vPortExitCritical
                0x0000000008002458       0x2c Middlewares/Third_Party/FreeRTOS/Source/portable/GCC/ARM_CM3/port.o
                0x0000000008002458                vPortExitCritical
 *fill*         0x0000000008002484        0xc 
 .text.PendSV_Handler
                0x0000000008002490       0x44 Middlewares/Third_Party/FreeRTOS/Source/portable/GCC/ARM_CM3/port.o
                0x0000000008002490                PendSV_Handler
 .text.xPortSysTickHandler
                0x00000000080024d4       0x2c Middlewares/Third_Party/FreeRTOS/Source/portable/GCC/ARM_CM3/port.o
                0x00000000080024d4                xPortSysTickHandler
 .text.vPortSetupTimerInterrupt
                0x0000000008002500       0x2c Middlewares/Third_Party/FreeRTOS/Source/portable/GCC/ARM_CM3/port.o
                0x0000000008002500                vPortSetupTimerInterrupt
 .text.xPortStartScheduler
                0x000000000800252c       0x90 Middlewares/Third_Party/FreeRTOS/Source/portable/GCC/ARM_CM3/port.o
                0x000000000800252c                xPortStartScheduler
 .text.prvHeapInit
                0x00000000080025bc       0x54 Middlewares/Third_Party/FreeRTOS/Source/portable/MemMang/heap_4.o
 .text.prvInsertBlockIntoFreeList
                0x0000000008002610       0x58 Middlewares/Third_Party/FreeRTOS/Source/portable/MemMang/heap_4.o
 .text.pvPortMalloc
                0x0000000008002668      0x10c Middlewares/Third_Party/FreeRTOS/Source/portable/MemMang/heap_4.o
                0x0000000008002668                pvPortMalloc
 .text.vPortFree
                0x0000000008002774       0x70 Middlewares/Third_Party/FreeRTOS/Source/portable/MemMang/heap_4.o
                0x0000000008002774                vPortFree
 .text.ssd1306_WriteCommand
                0x00000000080027e4       0x28 Middlewares/Third_Party/SSD1306/ssd1306.o
 .text.ssd1306_Fill
                0x000000000800280c       0x20 Middlewares/Third_Party/SSD1306/ssd1306.o
                0x000000000800280c                ssd1306_Fill
 .text.ssd1306_UpdateScreen
                0x000000000800282c       0x50 Middlewares/Third_Party/SSD1306/ssd1306.o
                0x000000000800282c                ssd1306_UpdateScreen
 .text.ssd1306_Init
                0x000000000800287c       0xd4 Middlewares/Third_Party/SSD1306/ssd1306.o
                0x000000000800287c                ssd1306_Init
 .text.ssd1306_DrawPixel
                0x0000000008002950       0x54 Middlewares/Third_Party/SSD1306/ssd1306.o
                0x0000000008002950                ssd1306_DrawPixel
 .text.ssd1306_WriteChar
                0x00000000080029a4       0xb4 Middlewares/Third_Party/SSD1306/ssd1306.o
                0x00000000080029a4                ssd1306_WriteChar
 .text.ssd1306_WriteString
                0x0000000008002a58       0x30 Middlewares/Third_Party/SSD1306/ssd1306.o
                0x0000000008002a58                ssd1306_WriteString
 .text.ssd1306_SetCursor
                0x0000000008002a88       0x10 Middlewares/Third_Party/SSD1306/ssd1306.o
                0x0000000008002a88                ssd1306_SetCursor
 .text.displayScore
                0x0000000008002a98       0x34 Middlewares/Third_Party/Squashy/gamesys/gamesys.o
                0x0000000008002a98                displayScore
 .text.displayGameOverScreen
                0x0000000008002acc       0x28 Middlewares/Third_Party/Squashy/gamesys/gamesys.o
                0x0000000008002acc                displayGameOverScreen
 .text.vDrawItem
                0x0000000008002af4       0x14 Middlewares/Third_Party/Squashy/gamesys/gamesys.o
                0x0000000008002af4                vDrawItem
 .text.vInitList
                0x0000000008002b08        0xc Middlewares/Third_Party/Squashy/gamesys/gamesys.o
                0x0000000008002b08                vInitList
 .text.appendToGameList
                0x0000000008002b14       0x1c Middlewares/Third_Party/Squashy/gamesys/gamesys.o
                0x0000000008002b14                appendToGameList
 .text.vInitSys
                0x0000000008002b30       0x7c Middlewares/Third_Party/Squashy/gamesys/gamesys.o
                0x0000000008002b30                vInitSys
 .text.vUpdate  0x0000000008002bac      0x148 Middlewares/Third_Party/Squashy/gamesys/gamesys.o
                0x0000000008002bac                vUpdate
 .text.vDraw    0x0000000008002cf4       0x3c Middlewares/Third_Party/Squashy/gamesys/gamesys.o
                0x0000000008002cf4                vDraw
 .text.draw_sprite
                0x0000000008002d30       0x5a Middlewares/Third_Party/Squashy/gamesys/sprite_rendering.o
                0x0000000008002d30                draw_sprite
 .text.vTaskUpdate
                0x0000000008002d8a        0xe Src/main.o
                0x0000000008002d8a                vTaskUpdate
 .text.vTaskDraw
                0x0000000008002d98        0xe Src/main.o
                0x0000000008002d98                vTaskDraw
 *fill*         0x0000000008002da6        0x2 
 .text.MX_GPIO_Init
                0x0000000008002da8       0xcc Src/main.o
 .text.MX_USART2_UART_Init
                0x0000000008002e74       0x2c Src/main.o
 .text.MX_I2C1_Init
                0x0000000008002ea0       0x34 Src/main.o
 .text.MX_TIM3_Init
                0x0000000008002ed4       0x60 Src/main.o
 .text.StartDefaultTask
                0x0000000008002f34        0xa Src/main.o
                0x0000000008002f34                StartDefaultTask
 *fill*         0x0000000008002f3e        0x2 
 .text.vToggleLED
                0x0000000008002f40       0x10 Src/main.o
                0x0000000008002f40                vToggleLED
 .text.vTaskToggleLED
                0x0000000008002f50       0x10 Src/main.o
                0x0000000008002f50                vTaskToggleLED
 .text.vInitSplash
                0x0000000008002f60       0x3c Src/main.o
                0x0000000008002f60                vInitSplash
 .text.user_pwm_setvalue
                0x0000000008002f9c       0x24 Src/main.o
                0x0000000008002f9c                user_pwm_setvalue
 .text.SystemClock_Config
                0x0000000008002fc0       0x68 Src/main.o
                0x0000000008002fc0                SystemClock_Config
 .text.main     0x0000000008003028       0xa8 Src/main.o
                0x0000000008003028                main
 .text.HAL_MspInit
                0x00000000080030d0       0x54 Src/stm32l1xx_hal_msp.o
                0x00000000080030d0                HAL_MspInit
 .text.HAL_I2C_MspInit
                0x0000000008003124       0x70 Src/stm32l1xx_hal_msp.o
                0x0000000008003124                HAL_I2C_MspInit
 .text.HAL_TIM_PWM_MspInit
                0x0000000008003194       0x2c Src/stm32l1xx_hal_msp.o
                0x0000000008003194                HAL_TIM_PWM_MspInit
 .text.HAL_TIM_MspPostInit
                0x00000000080031c0       0x50 Src/stm32l1xx_hal_msp.o
                0x00000000080031c0                HAL_TIM_MspPostInit
 .text.HAL_UART_MspInit
                0x0000000008003210       0x6c Src/stm32l1xx_hal_msp.o
                0x0000000008003210                HAL_UART_MspInit
 .text.NMI_Handler
                0x000000000800327c        0x2 Src/stm32l1xx_it.o
                0x000000000800327c                NMI_Handler
 .text.HardFault_Handler
                0x000000000800327e        0x2 Src/stm32l1xx_it.o
                0x000000000800327e                HardFault_Handler
 .text.MemManage_Handler
                0x0000000008003280        0x2 Src/stm32l1xx_it.o
                0x0000000008003280                MemManage_Handler
 .text.BusFault_Handler
                0x0000000008003282        0x2 Src/stm32l1xx_it.o
                0x0000000008003282                BusFault_Handler
 .text.UsageFault_Handler
                0x0000000008003284        0x2 Src/stm32l1xx_it.o
                0x0000000008003284                UsageFault_Handler
 .text.DebugMon_Handler
                0x0000000008003286        0x2 Src/stm32l1xx_it.o
                0x0000000008003286                DebugMon_Handler
 .text.SysTick_Handler
                0x0000000008003288        0xc Src/stm32l1xx_it.o
                0x0000000008003288                SysTick_Handler
 .text.SystemInit
                0x0000000008003294       0x48 Src/system_stm32l1xx.o
                0x0000000008003294                SystemInit
 .text.Reset_Handler
                0x00000000080032dc       0x48 startup/startup_stm32l152xe.o
                0x00000000080032dc                Reset_Handler
 .text.Default_Handler
                0x0000000008003324        0x2 startup/startup_stm32l152xe.o
                0x0000000008003324                RTC_Alarm_IRQHandler
                0x0000000008003324                EXTI2_IRQHandler
                0x0000000008003324                COMP_ACQ_IRQHandler
                0x0000000008003324                TIM10_IRQHandler
                0x0000000008003324                USB_HP_IRQHandler
                0x0000000008003324                TIM6_IRQHandler
                0x0000000008003324                PVD_IRQHandler
                0x0000000008003324                EXTI3_IRQHandler
                0x0000000008003324                EXTI0_IRQHandler
                0x0000000008003324                I2C2_EV_IRQHandler
                0x0000000008003324                SPI1_IRQHandler
                0x0000000008003324                USB_FS_WKUP_IRQHandler
                0x0000000008003324                DMA2_Channel2_IRQHandler
                0x0000000008003324                DMA1_Channel4_IRQHandler
                0x0000000008003324                ADC1_IRQHandler
                0x0000000008003324                USART3_IRQHandler
                0x0000000008003324                DMA1_Channel7_IRQHandler
                0x0000000008003324                LCD_IRQHandler
                0x0000000008003324                UART5_IRQHandler
                0x0000000008003324                TIM4_IRQHandler
                0x0000000008003324                DMA2_Channel1_IRQHandler
                0x0000000008003324                I2C1_EV_IRQHandler
                0x0000000008003324                DMA1_Channel6_IRQHandler
                0x0000000008003324                UART4_IRQHandler
                0x0000000008003324                DMA2_Channel4_IRQHandler
                0x0000000008003324                TIM3_IRQHandler
                0x0000000008003324                RCC_IRQHandler
                0x0000000008003324                DMA1_Channel1_IRQHandler
                0x0000000008003324                Default_Handler
                0x0000000008003324                EXTI15_10_IRQHandler
                0x0000000008003324                TIM7_IRQHandler
                0x0000000008003324                TIM5_IRQHandler
                0x0000000008003324                EXTI9_5_IRQHandler
                0x0000000008003324                TIM9_IRQHandler
                0x0000000008003324                TAMPER_STAMP_IRQHandler
                0x0000000008003324                RTC_WKUP_IRQHandler
                0x0000000008003324                SPI2_IRQHandler
                0x0000000008003324                DMA2_Channel5_IRQHandler
                0x0000000008003324                DMA1_Channel5_IRQHandler
                0x0000000008003324                USB_LP_IRQHandler
                0x0000000008003324                EXTI4_IRQHandler
                0x0000000008003324                DMA1_Channel3_IRQHandler
                0x0000000008003324                COMP_IRQHandler
                0x0000000008003324                WWDG_IRQHandler
                0x0000000008003324                TIM2_IRQHandler
                0x0000000008003324                DAC_IRQHandler
                0x0000000008003324                EXTI1_IRQHandler
                0x0000000008003324                TIM11_IRQHandler
                0x0000000008003324                USART2_IRQHandler
                0x0000000008003324                I2C2_ER_IRQHandler
                0x0000000008003324                DMA1_Channel2_IRQHandler
                0x0000000008003324                FLASH_IRQHandler
                0x0000000008003324                USART1_IRQHandler
                0x0000000008003324                SPI3_IRQHandler
                0x0000000008003324                I2C1_ER_IRQHandler
                0x0000000008003324                DMA2_Channel3_IRQHandler
 *fill*         0x0000000008003326        0x2 
 .text.__libc_init_array
                0x0000000008003328       0x48 /home/gecko/Ac6/SystemWorkbench/plugins/fr.ac6.mcu.externaltools.arm-none.linux64_1.16.0.201807130628/tools/compiler/bin/../lib/gcc/arm-none-eabi/7.2.1/../../../../arm-none-eabi/lib/thumb/v7-m/libc_nano.a(lib_a-init.o)
                0x0000000008003328                __libc_init_array
 .text.__itoa   0x0000000008003370       0x30 /home/gecko/Ac6/SystemWorkbench/plugins/fr.ac6.mcu.externaltools.arm-none.linux64_1.16.0.201807130628/tools/compiler/bin/../lib/gcc/arm-none-eabi/7.2.1/../../../../arm-none-eabi/lib/thumb/v7-m/libc_nano.a(lib_a-itoa.o)
                0x0000000008003370                __itoa
 .text.itoa     0x00000000080033a0        0x4 /home/gecko/Ac6/SystemWorkbench/plugins/fr.ac6.mcu.externaltools.arm-none.linux64_1.16.0.201807130628/tools/compiler/bin/../lib/gcc/arm-none-eabi/7.2.1/../../../../arm-none-eabi/lib/thumb/v7-m/libc_nano.a(lib_a-itoa.o)
                0x00000000080033a0                itoa
 .text.malloc   0x00000000080033a4       0x10 /home/gecko/Ac6/SystemWorkbench/plugins/fr.ac6.mcu.externaltools.arm-none.linux64_1.16.0.201807130628/tools/compiler/bin/../lib/gcc/arm-none-eabi/7.2.1/../../../../arm-none-eabi/lib/thumb/v7-m/libc_nano.a(lib_a-malloc.o)
                0x00000000080033a4                malloc
 .text.memset   0x00000000080033b4       0x10 /home/gecko/Ac6/SystemWorkbench/plugins/fr.ac6.mcu.externaltools.arm-none.linux64_1.16.0.201807130628/tools/compiler/bin/../lib/gcc/arm-none-eabi/7.2.1/../../../../arm-none-eabi/lib/thumb/v7-m/libc_nano.a(lib_a-memset.o)
                0x00000000080033b4                memset
 .text._malloc_r
                0x00000000080033c4       0xb4 /home/gecko/Ac6/SystemWorkbench/plugins/fr.ac6.mcu.externaltools.arm-none.linux64_1.16.0.201807130628/tools/compiler/bin/../lib/gcc/arm-none-eabi/7.2.1/../../../../arm-none-eabi/lib/thumb/v7-m/libc_nano.a(lib_a-nano-mallocr.o)
                0x00000000080033c4                _malloc_r
 .text._sbrk_r  0x0000000008003478       0x20 /home/gecko/Ac6/SystemWorkbench/plugins/fr.ac6.mcu.externaltools.arm-none.linux64_1.16.0.201807130628/tools/compiler/bin/../lib/gcc/arm-none-eabi/7.2.1/../../../../arm-none-eabi/lib/thumb/v7-m/libc_nano.a(lib_a-sbrkr.o)
                0x0000000008003478                _sbrk_r
 .text.__utoa   0x0000000008003498       0x7c /home/gecko/Ac6/SystemWorkbench/plugins/fr.ac6.mcu.externaltools.arm-none.linux64_1.16.0.201807130628/tools/compiler/bin/../lib/gcc/arm-none-eabi/7.2.1/../../../../arm-none-eabi/lib/thumb/v7-m/libc_nano.a(lib_a-utoa.o)
                0x0000000008003498                __utoa
 .text.__malloc_lock
                0x0000000008003514        0x2 /home/gecko/Ac6/SystemWorkbench/plugins/fr.ac6.mcu.externaltools.arm-none.linux64_1.16.0.201807130628/tools/compiler/bin/../lib/gcc/arm-none-eabi/7.2.1/../../../../arm-none-eabi/lib/thumb/v7-m/libc_nano.a(lib_a-mlock.o)
                0x0000000008003514                __malloc_lock
 .text.__malloc_unlock
                0x0000000008003516        0x2 /home/gecko/Ac6/SystemWorkbench/plugins/fr.ac6.mcu.externaltools.arm-none.linux64_1.16.0.201807130628/tools/compiler/bin/../lib/gcc/arm-none-eabi/7.2.1/../../../../arm-none-eabi/lib/thumb/v7-m/libc_nano.a(lib_a-mlock.o)
                0x0000000008003516                __malloc_unlock
 .text._sbrk    0x0000000008003518       0x1c /home/gecko/Ac6/SystemWorkbench/plugins/fr.ac6.mcu.externaltools.arm-none.linux64_1.16.0.201807130628/tools/compiler/bin/../lib/gcc/arm-none-eabi/7.2.1/../../../../arm-none-eabi/lib/thumb/v7-m/libnosys.a(sbrk.o)
                0x0000000008003518                _sbrk
 *(.glue_7)
 .glue_7        0x0000000008003534        0x0 linker stubs
 *(.glue_7t)
 .glue_7t       0x0000000008003534        0x0 linker stubs
 *(.eh_frame)
 .eh_frame      0x0000000008003534        0x0 /home/gecko/Ac6/SystemWorkbench/plugins/fr.ac6.mcu.externaltools.arm-none.linux64_1.16.0.201807130628/tools/compiler/bin/../lib/gcc/arm-none-eabi/7.2.1/thumb/v7-m/crtbegin.o
 *(.init)
 .init          0x0000000008003534        0x4 /home/gecko/Ac6/SystemWorkbench/plugins/fr.ac6.mcu.externaltools.arm-none.linux64_1.16.0.201807130628/tools/compiler/bin/../lib/gcc/arm-none-eabi/7.2.1/thumb/v7-m/crti.o
                0x0000000008003534                _init
 .init          0x0000000008003538        0x8 /home/gecko/Ac6/SystemWorkbench/plugins/fr.ac6.mcu.externaltools.arm-none.linux64_1.16.0.201807130628/tools/compiler/bin/../lib/gcc/arm-none-eabi/7.2.1/thumb/v7-m/crtn.o
 *(.fini)
 .fini          0x0000000008003540        0x4 /home/gecko/Ac6/SystemWorkbench/plugins/fr.ac6.mcu.externaltools.arm-none.linux64_1.16.0.201807130628/tools/compiler/bin/../lib/gcc/arm-none-eabi/7.2.1/thumb/v7-m/crti.o
                0x0000000008003540                _fini
 .fini          0x0000000008003544        0x8 /home/gecko/Ac6/SystemWorkbench/plugins/fr.ac6.mcu.externaltools.arm-none.linux64_1.16.0.201807130628/tools/compiler/bin/../lib/gcc/arm-none-eabi/7.2.1/thumb/v7-m/crtn.o
                0x000000000800354c                . = ALIGN (0x4)
                0x000000000800354c                _etext = .

.vfp11_veneer   0x000000000800354c        0x0
 .vfp11_veneer  0x000000000800354c        0x0 linker stubs

.v4_bx          0x000000000800354c        0x0
 .v4_bx         0x000000000800354c        0x0 linker stubs

.iplt           0x000000000800354c        0x0
 .iplt          0x000000000800354c        0x0 /home/gecko/Ac6/SystemWorkbench/plugins/fr.ac6.mcu.externaltools.arm-none.linux64_1.16.0.201807130628/tools/compiler/bin/../lib/gcc/arm-none-eabi/7.2.1/thumb/v7-m/crtbegin.o

.rodata         0x000000000800354c     0x28bc
                0x000000000800354c                . = ALIGN (0x4)
 *(.rodata)
 .rodata        0x000000000800354c     0x2814 Middlewares/Third_Party/SSD1306/fonts.o
 .rodata        0x0000000008005d60        0x8 Middlewares/Third_Party/Squashy/gamesys/sprite_rendering.o
                0x0000000008005d60                playerBarSprite
 .rodata        0x0000000008005d68       0x14 Src/main.o
 .rodata        0x0000000008005d7c       0x24 Src/system_stm32l1xx.o
                0x0000000008005d7c                PLLMulTable
                0x0000000008005d88                AHBPrescTable
                0x0000000008005d98                APBPrescTable
 *(.rodata*)
 .rodata.str1.4
                0x0000000008005da0        0x5 Middlewares/Third_Party/FreeRTOS/Source/tasks.o
 *fill*         0x0000000008005da5        0x3 
 .rodata.str1.4
                0x0000000008005da8        0xb Middlewares/Third_Party/Squashy/gamesys/gamesys.o
 *fill*         0x0000000008005db3        0x1 
 .rodata.str1.4
                0x0000000008005db4       0x2c Src/main.o
 .rodata.__utoa.str1.1
                0x0000000008005de0       0x25 /home/gecko/Ac6/SystemWorkbench/plugins/fr.ac6.mcu.externaltools.arm-none.linux64_1.16.0.201807130628/tools/compiler/bin/../lib/gcc/arm-none-eabi/7.2.1/../../../../arm-none-eabi/lib/thumb/v7-m/libc_nano.a(lib_a-utoa.o)
                0x0000000008005e08                . = ALIGN (0x4)
 *fill*         0x0000000008005e05        0x3 

.rel.dyn        0x0000000008005e08        0x0
 .rel.iplt      0x0000000008005e08        0x0 /home/gecko/Ac6/SystemWorkbench/plugins/fr.ac6.mcu.externaltools.arm-none.linux64_1.16.0.201807130628/tools/compiler/bin/../lib/gcc/arm-none-eabi/7.2.1/thumb/v7-m/crtbegin.o

.ARM.extab
 *(.ARM.extab* .gnu.linkonce.armextab.*)

.ARM            0x0000000008005e08        0x0
                0x0000000008005e08                __exidx_start = .
 *(.ARM.exidx*)
                0x0000000008005e08                __exidx_end = .

.preinit_array  0x0000000008005e08        0x0
                0x0000000008005e08                PROVIDE (__preinit_array_start, .)
 *(.preinit_array*)
                0x0000000008005e08                PROVIDE (__preinit_array_end, .)

.init_array     0x0000000008005e08        0x4
                0x0000000008005e08                PROVIDE (__init_array_start, .)
 *(SORT_BY_NAME(.init_array.*))
 *(.init_array*)
 .init_array    0x0000000008005e08        0x4 /home/gecko/Ac6/SystemWorkbench/plugins/fr.ac6.mcu.externaltools.arm-none.linux64_1.16.0.201807130628/tools/compiler/bin/../lib/gcc/arm-none-eabi/7.2.1/thumb/v7-m/crtbegin.o
                0x0000000008005e0c                PROVIDE (__init_array_end, .)

.fini_array     0x0000000008005e0c        0x4
                [!provide]                        PROVIDE (__fini_array_start, .)
 *(SORT_BY_NAME(.fini_array.*))
 *(.fini_array*)
 .fini_array    0x0000000008005e0c        0x4 /home/gecko/Ac6/SystemWorkbench/plugins/fr.ac6.mcu.externaltools.arm-none.linux64_1.16.0.201807130628/tools/compiler/bin/../lib/gcc/arm-none-eabi/7.2.1/thumb/v7-m/crtbegin.o
                [!provide]                        PROVIDE (__fini_array_end, .)
                0x0000000008005e10                _sidata = LOADADDR (.data)

.data           0x0000000020000000       0x84 load address 0x0000000008005e10
                0x0000000020000000                . = ALIGN (0x4)
                0x0000000020000000                _sdata = .
 *(.data)
 .data          0x0000000020000000        0x4 Middlewares/Third_Party/FreeRTOS/Source/portable/GCC/ARM_CM3/port.o
 .data          0x0000000020000004       0x18 Middlewares/Third_Party/SSD1306/fonts.o
                0x0000000020000004                Font_16x26
                0x000000002000000c                Font_11x18
                0x0000000020000014                Font_7x10
 .data          0x000000002000001c        0x4 Src/system_stm32l1xx.o
                0x000000002000001c                SystemCoreClock
 *(.data*)
 .data._impure_ptr
                0x0000000020000020        0x4 /home/gecko/Ac6/SystemWorkbench/plugins/fr.ac6.mcu.externaltools.arm-none.linux64_1.16.0.201807130628/tools/compiler/bin/../lib/gcc/arm-none-eabi/7.2.1/../../../../arm-none-eabi/lib/thumb/v7-m/libc_nano.a(lib_a-impure.o)
                0x0000000020000020                _impure_ptr
 .data.impure_data
                0x0000000020000024       0x60 /home/gecko/Ac6/SystemWorkbench/plugins/fr.ac6.mcu.externaltools.arm-none.linux64_1.16.0.201807130628/tools/compiler/bin/../lib/gcc/arm-none-eabi/7.2.1/../../../../arm-none-eabi/lib/thumb/v7-m/libc_nano.a(lib_a-impure.o)
                0x0000000020000084                . = ALIGN (0x4)
                0x0000000020000084                _edata = .

.igot.plt       0x0000000020000084        0x0 load address 0x0000000008005e94
 .igot.plt      0x0000000020000084        0x0 /home/gecko/Ac6/SystemWorkbench/plugins/fr.ac6.mcu.externaltools.arm-none.linux64_1.16.0.201807130628/tools/compiler/bin/../lib/gcc/arm-none-eabi/7.2.1/thumb/v7-m/crtbegin.o
                0x0000000020000084                . = ALIGN (0x4)

.bss            0x0000000020000084     0x1280 load address 0x0000000008005e94
                0x0000000020000084                _sbss = .
                0x0000000020000084                __bss_start__ = _sbss
 *(.bss)
 .bss           0x0000000020000084       0x1c /home/gecko/Ac6/SystemWorkbench/plugins/fr.ac6.mcu.externaltools.arm-none.linux64_1.16.0.201807130628/tools/compiler/bin/../lib/gcc/arm-none-eabi/7.2.1/thumb/v7-m/crtbegin.o
 .bss           0x00000000200000a0      0x12c Middlewares/Third_Party/FreeRTOS/Source/tasks.o
                0x00000000200001a0                pxCurrentTCB
 .bss           0x00000000200001cc        0x8 Middlewares/Third_Party/FreeRTOS/Source/portable/GCC/ARM_CM3/port.o
 .bss           0x00000000200001d4      0xc18 Middlewares/Third_Party/FreeRTOS/Source/portable/MemMang/heap_4.o
 .bss           0x0000000020000dec      0x406 Middlewares/Third_Party/SSD1306/ssd1306.o
 *fill*         0x00000000200011f2        0x2 
 .bss           0x00000000200011f4       0x10 Middlewares/Third_Party/Squashy/gamesys/gamesys.o
                0x00000000200011f4                score
                0x00000000200011f8                gameover
 *(.bss*)
 .bss.__malloc_free_list
                0x0000000020001204        0x4 /home/gecko/Ac6/SystemWorkbench/plugins/fr.ac6.mcu.externaltools.arm-none.linux64_1.16.0.201807130628/tools/compiler/bin/../lib/gcc/arm-none-eabi/7.2.1/../../../../arm-none-eabi/lib/thumb/v7-m/libc_nano.a(lib_a-nano-mallocr.o)
                0x0000000020001204                __malloc_free_list
 .bss.__malloc_sbrk_start
                0x0000000020001208        0x4 /home/gecko/Ac6/SystemWorkbench/plugins/fr.ac6.mcu.externaltools.arm-none.linux64_1.16.0.201807130628/tools/compiler/bin/../lib/gcc/arm-none-eabi/7.2.1/../../../../arm-none-eabi/lib/thumb/v7-m/libc_nano.a(lib_a-nano-mallocr.o)
                0x0000000020001208                __malloc_sbrk_start
 .bss.heap_end.4102
                0x000000002000120c        0x4 /home/gecko/Ac6/SystemWorkbench/plugins/fr.ac6.mcu.externaltools.arm-none.linux64_1.16.0.201807130628/tools/compiler/bin/../lib/gcc/arm-none-eabi/7.2.1/../../../../arm-none-eabi/lib/thumb/v7-m/libnosys.a(sbrk.o)
 *(COMMON)
 COMMON         0x0000000020001210        0x4 Drivers/STM32L1xx_HAL_Driver/Src/stm32l1xx_hal.o
                0x0000000020001210                uwTick
 COMMON         0x0000000020001214        0xc Middlewares/Third_Party/Squashy/gamesys/gamesys.o
                0x0000000020001214                lHead
                0x0000000020001218                player1
                0x000000002000121c                ball1
 COMMON         0x0000000020001220       0x10 Middlewares/Third_Party/Squashy/gamesys/sprite_rendering.o
                0x0000000020001220                playerBar
                0x0000000020001228                ball
 COMMON         0x0000000020001230       0xd0 Src/main.o
                0x0000000020001230                defaultTaskHandle
                0x0000000020001234                hi2c1
                0x0000000020001288                htim3
                0x00000000200012c0                huart2
 COMMON         0x0000000020001300        0x4 /home/gecko/Ac6/SystemWorkbench/plugins/fr.ac6.mcu.externaltools.arm-none.linux64_1.16.0.201807130628/tools/compiler/bin/../lib/gcc/arm-none-eabi/7.2.1/../../../../arm-none-eabi/lib/thumb/v7-m/libc_nano.a(lib_a-reent.o)
                0x0000000020001300                errno
                0x0000000020001304                . = ALIGN (0x4)
                0x0000000020001304                _ebss = .
                0x0000000020001304                __bss_end__ = _ebss

._user_heap_stack
                0x0000000020001304      0x604 load address 0x0000000008005e94
                0x0000000020001308                . = ALIGN (0x8)
 *fill*         0x0000000020001304        0x4 
                0x0000000020001308                PROVIDE (end, .)
                [!provide]                        PROVIDE (_end, .)
                0x0000000020001508                . = (. + _Min_Heap_Size)
 *fill*         0x0000000020001308      0x200 
                0x0000000020001908                . = (. + _Min_Stack_Size)
 *fill*         0x0000000020001508      0x400 
                0x0000000020001908                . = ALIGN (0x8)

/DISCARD/
 libc.a(*)
 libm.a(*)
 libgcc.a(*)

.ARM.attributes
                0x0000000000000000       0x29
 *(.ARM.attributes)
 .ARM.attributes
                0x0000000000000000       0x1d /home/gecko/Ac6/SystemWorkbench/plugins/fr.ac6.mcu.externaltools.arm-none.linux64_1.16.0.201807130628/tools/compiler/bin/../lib/gcc/arm-none-eabi/7.2.1/thumb/v7-m/crti.o
 .ARM.attributes
                0x000000000000001d       0x2d /home/gecko/Ac6/SystemWorkbench/plugins/fr.ac6.mcu.externaltools.arm-none.linux64_1.16.0.201807130628/tools/compiler/bin/../lib/gcc/arm-none-eabi/7.2.1/thumb/v7-m/crtbegin.o
 .ARM.attributes
                0x000000000000004a       0x33 Drivers/STM32L1xx_HAL_Driver/Src/stm32l1xx_hal.o
 .ARM.attributes
                0x000000000000007d       0x33 Drivers/STM32L1xx_HAL_Driver/Src/stm32l1xx_hal_cortex.o
 .ARM.attributes
                0x00000000000000b0       0x33 Drivers/STM32L1xx_HAL_Driver/Src/stm32l1xx_hal_gpio.o
 .ARM.attributes
                0x00000000000000e3       0x33 Drivers/STM32L1xx_HAL_Driver/Src/stm32l1xx_hal_i2c.o
 .ARM.attributes
                0x0000000000000116       0x33 Drivers/STM32L1xx_HAL_Driver/Src/stm32l1xx_hal_rcc.o
 .ARM.attributes
                0x0000000000000149       0x33 Drivers/STM32L1xx_HAL_Driver/Src/stm32l1xx_hal_tim.o
 .ARM.attributes
                0x000000000000017c       0x33 Drivers/STM32L1xx_HAL_Driver/Src/stm32l1xx_hal_tim_ex.o
 .ARM.attributes
                0x00000000000001af       0x33 Drivers/STM32L1xx_HAL_Driver/Src/stm32l1xx_hal_uart.o
 .ARM.attributes
                0x00000000000001e2       0x33 Middlewares/Third_Party/FreeRTOS/Source/CMSIS_RTOS/cmsis_os.o
 .ARM.attributes
                0x0000000000000215       0x33 Middlewares/Third_Party/FreeRTOS/Source/list.o
 .ARM.attributes
                0x0000000000000248       0x33 Middlewares/Third_Party/FreeRTOS/Source/tasks.o
 .ARM.attributes
                0x000000000000027b       0x33 Middlewares/Third_Party/FreeRTOS/Source/portable/GCC/ARM_CM3/port.o
 .ARM.attributes
                0x00000000000002ae       0x33 Middlewares/Third_Party/FreeRTOS/Source/portable/MemMang/heap_4.o
 .ARM.attributes
                0x00000000000002e1       0x33 Middlewares/Third_Party/SSD1306/fonts.o
 .ARM.attributes
                0x0000000000000314       0x33 Middlewares/Third_Party/SSD1306/ssd1306.o
 .ARM.attributes
                0x0000000000000347       0x33 Middlewares/Third_Party/Squashy/gamesys/gamesys.o
 .ARM.attributes
                0x000000000000037a       0x33 Middlewares/Third_Party/Squashy/gamesys/sprite_rendering.o
 .ARM.attributes
                0x00000000000003ad       0x33 Src/main.o
 .ARM.attributes
                0x00000000000003e0       0x33 Src/stm32l1xx_hal_msp.o
 .ARM.attributes
                0x0000000000000413       0x33 Src/stm32l1xx_it.o
 .ARM.attributes
                0x0000000000000446       0x33 Src/system_stm32l1xx.o
 .ARM.attributes
                0x0000000000000479       0x21 startup/startup_stm32l152xe.o
 .ARM.attributes
                0x000000000000049a       0x2d /home/gecko/Ac6/SystemWorkbench/plugins/fr.ac6.mcu.externaltools.arm-none.linux64_1.16.0.201807130628/tools/compiler/bin/../lib/gcc/arm-none-eabi/7.2.1/../../../../arm-none-eabi/lib/thumb/v7-m/libc_nano.a(lib_a-impure.o)
 .ARM.attributes
                0x00000000000004c7       0x2d /home/gecko/Ac6/SystemWorkbench/plugins/fr.ac6.mcu.externaltools.arm-none.linux64_1.16.0.201807130628/tools/compiler/bin/../lib/gcc/arm-none-eabi/7.2.1/../../../../arm-none-eabi/lib/thumb/v7-m/libc_nano.a(lib_a-init.o)
 .ARM.attributes
                0x00000000000004f4       0x2d /home/gecko/Ac6/SystemWorkbench/plugins/fr.ac6.mcu.externaltools.arm-none.linux64_1.16.0.201807130628/tools/compiler/bin/../lib/gcc/arm-none-eabi/7.2.1/../../../../arm-none-eabi/lib/thumb/v7-m/libc_nano.a(lib_a-itoa.o)
 .ARM.attributes
                0x0000000000000521       0x2d /home/gecko/Ac6/SystemWorkbench/plugins/fr.ac6.mcu.externaltools.arm-none.linux64_1.16.0.201807130628/tools/compiler/bin/../lib/gcc/arm-none-eabi/7.2.1/../../../../arm-none-eabi/lib/thumb/v7-m/libc_nano.a(lib_a-malloc.o)
 .ARM.attributes
                0x000000000000054e       0x2d /home/gecko/Ac6/SystemWorkbench/plugins/fr.ac6.mcu.externaltools.arm-none.linux64_1.16.0.201807130628/tools/compiler/bin/../lib/gcc/arm-none-eabi/7.2.1/../../../../arm-none-eabi/lib/thumb/v7-m/libc_nano.a(lib_a-memset.o)
 .ARM.attributes
                0x000000000000057b       0x2d /home/gecko/Ac6/SystemWorkbench/plugins/fr.ac6.mcu.externaltools.arm-none.linux64_1.16.0.201807130628/tools/compiler/bin/../lib/gcc/arm-none-eabi/7.2.1/../../../../arm-none-eabi/lib/thumb/v7-m/libc_nano.a(lib_a-nano-mallocr.o)
 .ARM.attributes
                0x00000000000005a8       0x2d /home/gecko/Ac6/SystemWorkbench/plugins/fr.ac6.mcu.externaltools.arm-none.linux64_1.16.0.201807130628/tools/compiler/bin/../lib/gcc/arm-none-eabi/7.2.1/../../../../arm-none-eabi/lib/thumb/v7-m/libc_nano.a(lib_a-sbrkr.o)
 .ARM.attributes
                0x00000000000005d5       0x2d /home/gecko/Ac6/SystemWorkbench/plugins/fr.ac6.mcu.externaltools.arm-none.linux64_1.16.0.201807130628/tools/compiler/bin/../lib/gcc/arm-none-eabi/7.2.1/../../../../arm-none-eabi/lib/thumb/v7-m/libc_nano.a(lib_a-utoa.o)
 .ARM.attributes
                0x0000000000000602       0x2d /home/gecko/Ac6/SystemWorkbench/plugins/fr.ac6.mcu.externaltools.arm-none.linux64_1.16.0.201807130628/tools/compiler/bin/../lib/gcc/arm-none-eabi/7.2.1/../../../../arm-none-eabi/lib/thumb/v7-m/libc_nano.a(lib_a-mlock.o)
 .ARM.attributes
                0x000000000000062f       0x2d /home/gecko/Ac6/SystemWorkbench/plugins/fr.ac6.mcu.externaltools.arm-none.linux64_1.16.0.201807130628/tools/compiler/bin/../lib/gcc/arm-none-eabi/7.2.1/../../../../arm-none-eabi/lib/thumb/v7-m/libc_nano.a(lib_a-reent.o)
 .ARM.attributes
                0x000000000000065c       0x2d /home/gecko/Ac6/SystemWorkbench/plugins/fr.ac6.mcu.externaltools.arm-none.linux64_1.16.0.201807130628/tools/compiler/bin/../lib/gcc/arm-none-eabi/7.2.1/../../../../arm-none-eabi/lib/thumb/v7-m/libnosys.a(sbrk.o)
 .ARM.attributes
                0x0000000000000689       0x1d /home/gecko/Ac6/SystemWorkbench/plugins/fr.ac6.mcu.externaltools.arm-none.linux64_1.16.0.201807130628/tools/compiler/bin/../lib/gcc/arm-none-eabi/7.2.1/thumb/v7-m/crtn.o
OUTPUT(NucleoSquashy.elf elf32-littlearm)

.debug_info     0x0000000000000000    0x1e45f
 .debug_info    0x0000000000000000      0xed6 Drivers/STM32L1xx_HAL_Driver/Src/stm32l1xx_hal.o
 .debug_info    0x0000000000000ed6     0x16e4 Drivers/STM32L1xx_HAL_Driver/Src/stm32l1xx_hal_cortex.o
 .debug_info    0x00000000000025ba      0xea7 Drivers/STM32L1xx_HAL_Driver/Src/stm32l1xx_hal_gpio.o
 .debug_info    0x0000000000003461     0x359c Drivers/STM32L1xx_HAL_Driver/Src/stm32l1xx_hal_i2c.o
 .debug_info    0x00000000000069fd     0x1edd Drivers/STM32L1xx_HAL_Driver/Src/stm32l1xx_hal_rcc.o
 .debug_info    0x00000000000088da     0x35a9 Drivers/STM32L1xx_HAL_Driver/Src/stm32l1xx_hal_tim.o
 .debug_info    0x000000000000be83      0xe9c Drivers/STM32L1xx_HAL_Driver/Src/stm32l1xx_hal_tim_ex.o
 .debug_info    0x000000000000cd1f     0x1a29 Drivers/STM32L1xx_HAL_Driver/Src/stm32l1xx_hal_uart.o
 .debug_info    0x000000000000e748     0x231e Middlewares/Third_Party/FreeRTOS/Source/CMSIS_RTOS/cmsis_os.o
 .debug_info    0x0000000000010a66      0xacd Middlewares/Third_Party/FreeRTOS/Source/list.o
 .debug_info    0x0000000000011533     0x2915 Middlewares/Third_Party/FreeRTOS/Source/tasks.o
 .debug_info    0x0000000000013e48      0x4cb Middlewares/Third_Party/FreeRTOS/Source/portable/GCC/ARM_CM3/port.o
 .debug_info    0x0000000000014313      0xc71 Middlewares/Third_Party/FreeRTOS/Source/portable/MemMang/heap_4.o
 .debug_info    0x0000000000014f84      0xa6d Middlewares/Third_Party/SSD1306/fonts.o
 .debug_info    0x00000000000159f1     0x1412 Middlewares/Third_Party/SSD1306/ssd1306.o
 .debug_info    0x0000000000016e03     0x1637 Middlewares/Third_Party/Squashy/gamesys/gamesys.o
 .debug_info    0x000000000001843a     0x109e Middlewares/Third_Party/Squashy/gamesys/sprite_rendering.o
 .debug_info    0x00000000000194d8     0x2051 Src/main.o
 .debug_info    0x000000000001b529     0x189c Src/stm32l1xx_hal_msp.o
 .debug_info    0x000000000001cdc5      0xa02 Src/stm32l1xx_it.o
 .debug_info    0x000000000001d7c7      0xc76 Src/system_stm32l1xx.o
 .debug_info    0x000000000001e43d       0x22 startup/startup_stm32l152xe.o

.debug_abbrev   0x0000000000000000     0x3980
 .debug_abbrev  0x0000000000000000      0x2c9 Drivers/STM32L1xx_HAL_Driver/Src/stm32l1xx_hal.o
 .debug_abbrev  0x00000000000002c9      0x3ba Drivers/STM32L1xx_HAL_Driver/Src/stm32l1xx_hal_cortex.o
 .debug_abbrev  0x0000000000000683      0x2a7 Drivers/STM32L1xx_HAL_Driver/Src/stm32l1xx_hal_gpio.o
 .debug_abbrev  0x000000000000092a      0x2ea Drivers/STM32L1xx_HAL_Driver/Src/stm32l1xx_hal_i2c.o
 .debug_abbrev  0x0000000000000c14      0x352 Drivers/STM32L1xx_HAL_Driver/Src/stm32l1xx_hal_rcc.o
 .debug_abbrev  0x0000000000000f66      0x2cf Drivers/STM32L1xx_HAL_Driver/Src/stm32l1xx_hal_tim.o
 .debug_abbrev  0x0000000000001235      0x1fc Drivers/STM32L1xx_HAL_Driver/Src/stm32l1xx_hal_tim_ex.o
 .debug_abbrev  0x0000000000001431      0x2fd Drivers/STM32L1xx_HAL_Driver/Src/stm32l1xx_hal_uart.o
 .debug_abbrev  0x000000000000172e      0x3d4 Middlewares/Third_Party/FreeRTOS/Source/CMSIS_RTOS/cmsis_os.o
 .debug_abbrev  0x0000000000001b02      0x21c Middlewares/Third_Party/FreeRTOS/Source/list.o
 .debug_abbrev  0x0000000000001d1e      0x3cf Middlewares/Third_Party/FreeRTOS/Source/tasks.o
 .debug_abbrev  0x00000000000020ed      0x24e Middlewares/Third_Party/FreeRTOS/Source/portable/GCC/ARM_CM3/port.o
 .debug_abbrev  0x000000000000233b      0x318 Middlewares/Third_Party/FreeRTOS/Source/portable/MemMang/heap_4.o
 .debug_abbrev  0x0000000000002653      0x1ba Middlewares/Third_Party/SSD1306/fonts.o
 .debug_abbrev  0x000000000000280d      0x2b3 Middlewares/Third_Party/SSD1306/ssd1306.o
 .debug_abbrev  0x0000000000002ac0      0x2a2 Middlewares/Third_Party/Squashy/gamesys/gamesys.o
 .debug_abbrev  0x0000000000002d62      0x260 Middlewares/Third_Party/Squashy/gamesys/sprite_rendering.o
 .debug_abbrev  0x0000000000002fc2      0x33a Src/main.o
 .debug_abbrev  0x00000000000032fc      0x286 Src/stm32l1xx_hal_msp.o
 .debug_abbrev  0x0000000000003582      0x1e7 Src/stm32l1xx_it.o
 .debug_abbrev  0x0000000000003769      0x205 Src/system_stm32l1xx.o
 .debug_abbrev  0x000000000000396e       0x12 startup/startup_stm32l152xe.o

.debug_loc      0x0000000000000000     0xb2b5
 .debug_loc     0x0000000000000000       0x6a Drivers/STM32L1xx_HAL_Driver/Src/stm32l1xx_hal.o
 .debug_loc     0x000000000000006a      0x5ce Drivers/STM32L1xx_HAL_Driver/Src/stm32l1xx_hal_cortex.o
 .debug_loc     0x0000000000000638      0x38d Drivers/STM32L1xx_HAL_Driver/Src/stm32l1xx_hal_gpio.o
 .debug_loc     0x00000000000009c5     0x2988 Drivers/STM32L1xx_HAL_Driver/Src/stm32l1xx_hal_i2c.o
 .debug_loc     0x000000000000334d      0xb22 Drivers/STM32L1xx_HAL_Driver/Src/stm32l1xx_hal_rcc.o
 .debug_loc     0x0000000000003e6f     0x3550 Drivers/STM32L1xx_HAL_Driver/Src/stm32l1xx_hal_tim.o
 .debug_loc     0x00000000000073bf       0xa0 Drivers/STM32L1xx_HAL_Driver/Src/stm32l1xx_hal_tim_ex.o
 .debug_loc     0x000000000000745f     0x1268 Drivers/STM32L1xx_HAL_Driver/Src/stm32l1xx_hal_uart.o
 .debug_loc     0x00000000000086c7      0xee1 Middlewares/Third_Party/FreeRTOS/Source/CMSIS_RTOS/cmsis_os.o
 .debug_loc     0x00000000000095a8       0x70 Middlewares/Third_Party/FreeRTOS/Source/list.o
 .debug_loc     0x0000000000009618     0x11ef Middlewares/Third_Party/FreeRTOS/Source/tasks.o
 .debug_loc     0x000000000000a807       0xce Middlewares/Third_Party/FreeRTOS/Source/portable/GCC/ARM_CM3/port.o
 .debug_loc     0x000000000000a8d5      0x291 Middlewares/Third_Party/FreeRTOS/Source/portable/MemMang/heap_4.o
 .debug_loc     0x000000000000ab66      0x23b Middlewares/Third_Party/SSD1306/ssd1306.o
 .debug_loc     0x000000000000ada1       0x60 Middlewares/Third_Party/Squashy/gamesys/gamesys.o
 .debug_loc     0x000000000000ae01      0x15e Middlewares/Third_Party/Squashy/gamesys/sprite_rendering.o
 .debug_loc     0x000000000000af5f       0xa5 Src/main.o
 .debug_loc     0x000000000000b004      0x122 Src/stm32l1xx_hal_msp.o
 .debug_loc     0x000000000000b126      0x18f Src/system_stm32l1xx.o

.debug_aranges  0x0000000000000000     0x1068
 .debug_aranges
                0x0000000000000000       0xb0 Drivers/STM32L1xx_HAL_Driver/Src/stm32l1xx_hal.o
 .debug_aranges
                0x00000000000000b0       0xa8 Drivers/STM32L1xx_HAL_Driver/Src/stm32l1xx_hal_cortex.o
 .debug_aranges
                0x0000000000000158       0x58 Drivers/STM32L1xx_HAL_Driver/Src/stm32l1xx_hal_gpio.o
 .debug_aranges
                0x00000000000001b0      0x268 Drivers/STM32L1xx_HAL_Driver/Src/stm32l1xx_hal_i2c.o
 .debug_aranges
                0x0000000000000418       0x90 Drivers/STM32L1xx_HAL_Driver/Src/stm32l1xx_hal_rcc.o
 .debug_aranges
                0x00000000000004a8      0x368 Drivers/STM32L1xx_HAL_Driver/Src/stm32l1xx_hal_tim.o
 .debug_aranges
                0x0000000000000810       0x28 Drivers/STM32L1xx_HAL_Driver/Src/stm32l1xx_hal_tim_ex.o
 .debug_aranges
                0x0000000000000838      0x150 Drivers/STM32L1xx_HAL_Driver/Src/stm32l1xx_hal_uart.o
 .debug_aranges
                0x0000000000000988      0x1d8 Middlewares/Third_Party/FreeRTOS/Source/CMSIS_RTOS/cmsis_os.o
 .debug_aranges
                0x0000000000000b60       0x40 Middlewares/Third_Party/FreeRTOS/Source/list.o
 .debug_aranges
                0x0000000000000ba0      0x190 Middlewares/Third_Party/FreeRTOS/Source/tasks.o
 .debug_aranges
                0x0000000000000d30       0x78 Middlewares/Third_Party/FreeRTOS/Source/portable/GCC/ARM_CM3/port.o
 .debug_aranges
                0x0000000000000da8       0x50 Middlewares/Third_Party/FreeRTOS/Source/portable/MemMang/heap_4.o
 .debug_aranges
                0x0000000000000df8       0x18 Middlewares/Third_Party/SSD1306/fonts.o
 .debug_aranges
                0x0000000000000e10       0x58 Middlewares/Third_Party/SSD1306/ssd1306.o
 .debug_aranges
                0x0000000000000e68       0x58 Middlewares/Third_Party/Squashy/gamesys/gamesys.o
 .debug_aranges
                0x0000000000000ec0       0x28 Middlewares/Third_Party/Squashy/gamesys/sprite_rendering.o
 .debug_aranges
                0x0000000000000ee8       0x88 Src/main.o
 .debug_aranges
                0x0000000000000f70       0x58 Src/stm32l1xx_hal_msp.o
 .debug_aranges
                0x0000000000000fc8       0x50 Src/stm32l1xx_it.o
 .debug_aranges
                0x0000000000001018       0x28 Src/system_stm32l1xx.o
 .debug_aranges
                0x0000000000001040       0x28 startup/startup_stm32l152xe.o

.debug_ranges   0x0000000000000000     0x1038
 .debug_ranges  0x0000000000000000       0xa0 Drivers/STM32L1xx_HAL_Driver/Src/stm32l1xx_hal.o
 .debug_ranges  0x00000000000000a0       0xf8 Drivers/STM32L1xx_HAL_Driver/Src/stm32l1xx_hal_cortex.o
 .debug_ranges  0x0000000000000198       0x48 Drivers/STM32L1xx_HAL_Driver/Src/stm32l1xx_hal_gpio.o
 .debug_ranges  0x00000000000001e0      0x258 Drivers/STM32L1xx_HAL_Driver/Src/stm32l1xx_hal_i2c.o
 .debug_ranges  0x0000000000000438       0x98 Drivers/STM32L1xx_HAL_Driver/Src/stm32l1xx_hal_rcc.o
 .debug_ranges  0x00000000000004d0      0x358 Drivers/STM32L1xx_HAL_Driver/Src/stm32l1xx_hal_tim.o
 .debug_ranges  0x0000000000000828       0x18 Drivers/STM32L1xx_HAL_Driver/Src/stm32l1xx_hal_tim_ex.o
 .debug_ranges  0x0000000000000840      0x140 Drivers/STM32L1xx_HAL_Driver/Src/stm32l1xx_hal_uart.o
 .debug_ranges  0x0000000000000980      0x1c8 Middlewares/Third_Party/FreeRTOS/Source/CMSIS_RTOS/cmsis_os.o
 .debug_ranges  0x0000000000000b48       0x30 Middlewares/Third_Party/FreeRTOS/Source/list.o
 .debug_ranges  0x0000000000000b78      0x1f0 Middlewares/Third_Party/FreeRTOS/Source/tasks.o
 .debug_ranges  0x0000000000000d68       0x68 Middlewares/Third_Party/FreeRTOS/Source/portable/GCC/ARM_CM3/port.o
 .debug_ranges  0x0000000000000dd0       0x40 Middlewares/Third_Party/FreeRTOS/Source/portable/MemMang/heap_4.o
 .debug_ranges  0x0000000000000e10       0x48 Middlewares/Third_Party/SSD1306/ssd1306.o
 .debug_ranges  0x0000000000000e58       0x48 Middlewares/Third_Party/Squashy/gamesys/gamesys.o
 .debug_ranges  0x0000000000000ea0       0x60 Middlewares/Third_Party/Squashy/gamesys/sprite_rendering.o
 .debug_ranges  0x0000000000000f00       0x78 Src/main.o
 .debug_ranges  0x0000000000000f78       0x48 Src/stm32l1xx_hal_msp.o
 .debug_ranges  0x0000000000000fc0       0x40 Src/stm32l1xx_it.o
 .debug_ranges  0x0000000000001000       0x18 Src/system_stm32l1xx.o
 .debug_ranges  0x0000000000001018       0x20 startup/startup_stm32l152xe.o

.debug_macro    0x0000000000000000    0x19943
 .debug_macro   0x0000000000000000      0x317 Drivers/STM32L1xx_HAL_Driver/Src/stm32l1xx_hal.o
 .debug_macro   0x0000000000000317      0xa60 Drivers/STM32L1xx_HAL_Driver/Src/stm32l1xx_hal.o
 .debug_macro   0x0000000000000d77       0x94 Drivers/STM32L1xx_HAL_Driver/Src/stm32l1xx_hal.o
 .debug_macro   0x0000000000000e0b       0x2e Drivers/STM32L1xx_HAL_Driver/Src/stm32l1xx_hal.o
 .debug_macro   0x0000000000000e39       0x22 Drivers/STM32L1xx_HAL_Driver/Src/stm32l1xx_hal.o
 .debug_macro   0x0000000000000e5b       0x22 Drivers/STM32L1xx_HAL_Driver/Src/stm32l1xx_hal.o
 .debug_macro   0x0000000000000e7d       0x87 Drivers/STM32L1xx_HAL_Driver/Src/stm32l1xx_hal.o
 .debug_macro   0x0000000000000f04       0x51 Drivers/STM32L1xx_HAL_Driver/Src/stm32l1xx_hal.o
 .debug_macro   0x0000000000000f55       0xef Drivers/STM32L1xx_HAL_Driver/Src/stm32l1xx_hal.o
 .debug_macro   0x0000000000001044       0x6a Drivers/STM32L1xx_HAL_Driver/Src/stm32l1xx_hal.o
 .debug_macro   0x00000000000010ae      0x1df Drivers/STM32L1xx_HAL_Driver/Src/stm32l1xx_hal.o
 .debug_macro   0x000000000000128d       0x34 Drivers/STM32L1xx_HAL_Driver/Src/stm32l1xx_hal.o
 .debug_macro   0x00000000000012c1       0x34 Drivers/STM32L1xx_HAL_Driver/Src/stm32l1xx_hal.o
 .debug_macro   0x00000000000012f5      0xcb4 Drivers/STM32L1xx_HAL_Driver/Src/stm32l1xx_hal.o
 .debug_macro   0x0000000000001fa9     0xbeb6 Drivers/STM32L1xx_HAL_Driver/Src/stm32l1xx_hal.o
 .debug_macro   0x000000000000de5f       0x43 Drivers/STM32L1xx_HAL_Driver/Src/stm32l1xx_hal.o
 .debug_macro   0x000000000000dea2     0x342b Drivers/STM32L1xx_HAL_Driver/Src/stm32l1xx_hal.o
 .debug_macro   0x00000000000112cd       0x58 Drivers/STM32L1xx_HAL_Driver/Src/stm32l1xx_hal.o
 .debug_macro   0x0000000000011325       0x17 Drivers/STM32L1xx_HAL_Driver/Src/stm32l1xx_hal.o
 .debug_macro   0x000000000001133c       0x35 Drivers/STM32L1xx_HAL_Driver/Src/stm32l1xx_hal.o
 .debug_macro   0x0000000000011371       0x9c Drivers/STM32L1xx_HAL_Driver/Src/stm32l1xx_hal.o
 .debug_macro   0x000000000001140d       0x16 Drivers/STM32L1xx_HAL_Driver/Src/stm32l1xx_hal.o
 .debug_macro   0x0000000000011423       0x97 Drivers/STM32L1xx_HAL_Driver/Src/stm32l1xx_hal.o
 .debug_macro   0x00000000000114ba      0x330 Drivers/STM32L1xx_HAL_Driver/Src/stm32l1xx_hal.o
 .debug_macro   0x00000000000117ea       0xfd Drivers/STM32L1xx_HAL_Driver/Src/stm32l1xx_hal.o
 .debug_macro   0x00000000000118e7       0x10 Drivers/STM32L1xx_HAL_Driver/Src/stm32l1xx_hal.o
 .debug_macro   0x00000000000118f7       0x58 Drivers/STM32L1xx_HAL_Driver/Src/stm32l1xx_hal.o
 .debug_macro   0x000000000001194f       0x1f Drivers/STM32L1xx_HAL_Driver/Src/stm32l1xx_hal.o
 .debug_macro   0x000000000001196e       0x43 Drivers/STM32L1xx_HAL_Driver/Src/stm32l1xx_hal.o
 .debug_macro   0x00000000000119b1       0x20 Drivers/STM32L1xx_HAL_Driver/Src/stm32l1xx_hal.o
 .debug_macro   0x00000000000119d1      0x18e Drivers/STM32L1xx_HAL_Driver/Src/stm32l1xx_hal.o
 .debug_macro   0x0000000000011b5f       0x10 Drivers/STM32L1xx_HAL_Driver/Src/stm32l1xx_hal.o
 .debug_macro   0x0000000000011b6f       0x1c Drivers/STM32L1xx_HAL_Driver/Src/stm32l1xx_hal.o
 .debug_macro   0x0000000000011b8b       0x52 Drivers/STM32L1xx_HAL_Driver/Src/stm32l1xx_hal.o
 .debug_macro   0x0000000000011bdd       0x40 Drivers/STM32L1xx_HAL_Driver/Src/stm32l1xx_hal.o
 .debug_macro   0x0000000000011c1d       0x10 Drivers/STM32L1xx_HAL_Driver/Src/stm32l1xx_hal.o
 .debug_macro   0x0000000000011c2d       0x40 Drivers/STM32L1xx_HAL_Driver/Src/stm32l1xx_hal.o
 .debug_macro   0x0000000000011c6d       0xd7 Drivers/STM32L1xx_HAL_Driver/Src/stm32l1xx_hal.o
 .debug_macro   0x0000000000011d44       0x1c Drivers/STM32L1xx_HAL_Driver/Src/stm32l1xx_hal.o
 .debug_macro   0x0000000000011d60       0x3d Drivers/STM32L1xx_HAL_Driver/Src/stm32l1xx_hal.o
 .debug_macro   0x0000000000011d9d       0x16 Drivers/STM32L1xx_HAL_Driver/Src/stm32l1xx_hal.o
 .debug_macro   0x0000000000011db3      0x16f Drivers/STM32L1xx_HAL_Driver/Src/stm32l1xx_hal.o
 .debug_macro   0x0000000000011f22       0x50 Drivers/STM32L1xx_HAL_Driver/Src/stm32l1xx_hal.o
 .debug_macro   0x0000000000011f72      0xe3e Drivers/STM32L1xx_HAL_Driver/Src/stm32l1xx_hal.o
 .debug_macro   0x0000000000012db0      0x363 Drivers/STM32L1xx_HAL_Driver/Src/stm32l1xx_hal.o
 .debug_macro   0x0000000000013113      0x141 Drivers/STM32L1xx_HAL_Driver/Src/stm32l1xx_hal.o
 .debug_macro   0x0000000000013254       0xc6 Drivers/STM32L1xx_HAL_Driver/Src/stm32l1xx_hal.o
 .debug_macro   0x000000000001331a      0x25d Drivers/STM32L1xx_HAL_Driver/Src/stm32l1xx_hal.o
 .debug_macro   0x0000000000013577      0x23a Drivers/STM32L1xx_HAL_Driver/Src/stm32l1xx_hal.o
 .debug_macro   0x00000000000137b1      0x113 Drivers/STM32L1xx_HAL_Driver/Src/stm32l1xx_hal.o
 .debug_macro   0x00000000000138c4      0x56c Drivers/STM32L1xx_HAL_Driver/Src/stm32l1xx_hal.o
 .debug_macro   0x0000000000013e30      0x225 Drivers/STM32L1xx_HAL_Driver/Src/stm32l1xx_hal.o
 .debug_macro   0x0000000000014055      0x1ed Drivers/STM32L1xx_HAL_Driver/Src/stm32l1xx_hal.o
 .debug_macro   0x0000000000014242       0x22 Drivers/STM32L1xx_HAL_Driver/Src/stm32l1xx_hal.o
 .debug_macro   0x0000000000014264      0x757 Drivers/STM32L1xx_HAL_Driver/Src/stm32l1xx_hal.o
 .debug_macro   0x00000000000149bb       0xac Drivers/STM32L1xx_HAL_Driver/Src/stm32l1xx_hal.o
 .debug_macro   0x0000000000014a67      0x287 Drivers/STM32L1xx_HAL_Driver/Src/stm32l1xx_hal.o
 .debug_macro   0x0000000000014cee      0x470 Drivers/STM32L1xx_HAL_Driver/Src/stm32l1xx_hal.o
 .debug_macro   0x000000000001515e      0x2f3 Drivers/STM32L1xx_HAL_Driver/Src/stm32l1xx_hal_cortex.o
 .debug_macro   0x0000000000015451      0x32c Drivers/STM32L1xx_HAL_Driver/Src/stm32l1xx_hal_gpio.o
 .debug_macro   0x000000000001577d      0x341 Drivers/STM32L1xx_HAL_Driver/Src/stm32l1xx_hal_i2c.o
 .debug_macro   0x0000000000015abe      0x32f Drivers/STM32L1xx_HAL_Driver/Src/stm32l1xx_hal_rcc.o
 .debug_macro   0x0000000000015ded      0x2f4 Drivers/STM32L1xx_HAL_Driver/Src/stm32l1xx_hal_tim.o
 .debug_macro   0x00000000000160e1      0x2f3 Drivers/STM32L1xx_HAL_Driver/Src/stm32l1xx_hal_tim_ex.o
 .debug_macro   0x00000000000163d4      0x2f4 Drivers/STM32L1xx_HAL_Driver/Src/stm32l1xx_hal_uart.o
 .debug_macro   0x00000000000166c8      0x1ed Middlewares/Third_Party/FreeRTOS/Source/CMSIS_RTOS/cmsis_os.o
 .debug_macro   0x00000000000168b5       0x52 Middlewares/Third_Party/FreeRTOS/Source/CMSIS_RTOS/cmsis_os.o
 .debug_macro   0x0000000000016907       0x8d Middlewares/Third_Party/FreeRTOS/Source/CMSIS_RTOS/cmsis_os.o
 .debug_macro   0x0000000000016994      0x174 Middlewares/Third_Party/FreeRTOS/Source/CMSIS_RTOS/cmsis_os.o
 .debug_macro   0x0000000000016b08       0x57 Middlewares/Third_Party/FreeRTOS/Source/CMSIS_RTOS/cmsis_os.o
 .debug_macro   0x0000000000016b5f       0x10 Middlewares/Third_Party/FreeRTOS/Source/CMSIS_RTOS/cmsis_os.o
 .debug_macro   0x0000000000016b6f       0x35 Middlewares/Third_Party/FreeRTOS/Source/CMSIS_RTOS/cmsis_os.o
 .debug_macro   0x0000000000016ba4       0xd8 Middlewares/Third_Party/FreeRTOS/Source/CMSIS_RTOS/cmsis_os.o
 .debug_macro   0x0000000000016c7c      0x168 Middlewares/Third_Party/FreeRTOS/Source/CMSIS_RTOS/cmsis_os.o
 .debug_macro   0x0000000000016de4       0xe4 Middlewares/Third_Party/FreeRTOS/Source/CMSIS_RTOS/cmsis_os.o
 .debug_macro   0x0000000000016ec8       0x10 Middlewares/Third_Party/FreeRTOS/Source/CMSIS_RTOS/cmsis_os.o
 .debug_macro   0x0000000000016ed8       0x1f Middlewares/Third_Party/FreeRTOS/Source/CMSIS_RTOS/cmsis_os.o
 .debug_macro   0x0000000000016ef7      0x40f Middlewares/Third_Party/FreeRTOS/Source/CMSIS_RTOS/cmsis_os.o
 .debug_macro   0x0000000000017306       0xc0 Middlewares/Third_Party/FreeRTOS/Source/CMSIS_RTOS/cmsis_os.o
 .debug_macro   0x00000000000173c6       0x8c Middlewares/Third_Party/FreeRTOS/Source/CMSIS_RTOS/cmsis_os.o
 .debug_macro   0x0000000000017452       0x91 Middlewares/Third_Party/FreeRTOS/Source/CMSIS_RTOS/cmsis_os.o
 .debug_macro   0x00000000000174e3       0x94 Middlewares/Third_Party/FreeRTOS/Source/CMSIS_RTOS/cmsis_os.o
 .debug_macro   0x0000000000017577       0x63 Middlewares/Third_Party/FreeRTOS/Source/CMSIS_RTOS/cmsis_os.o
 .debug_macro   0x00000000000175da       0x19 Middlewares/Third_Party/FreeRTOS/Source/CMSIS_RTOS/cmsis_os.o
 .debug_macro   0x00000000000175f3       0xcf Middlewares/Third_Party/FreeRTOS/Source/CMSIS_RTOS/cmsis_os.o
 .debug_macro   0x00000000000176c2       0x26 Middlewares/Third_Party/FreeRTOS/Source/CMSIS_RTOS/cmsis_os.o
 .debug_macro   0x00000000000176e8      0x17b Middlewares/Third_Party/FreeRTOS/Source/list.o
 .debug_macro   0x0000000000017863      0x264 Middlewares/Third_Party/FreeRTOS/Source/tasks.o
 .debug_macro   0x0000000000017ac7       0x11 Middlewares/Third_Party/FreeRTOS/Source/tasks.o
 .debug_macro   0x0000000000017ad8      0x176 Middlewares/Third_Party/FreeRTOS/Source/portable/GCC/ARM_CM3/port.o
 .debug_macro   0x0000000000017c4e      0x1a2 Middlewares/Third_Party/FreeRTOS/Source/portable/MemMang/heap_4.o
 .debug_macro   0x0000000000017df0      0x2fd Middlewares/Third_Party/SSD1306/fonts.o
 .debug_macro   0x00000000000180ed      0x306 Middlewares/Third_Party/SSD1306/ssd1306.o
 .debug_macro   0x00000000000183f3       0x22 Middlewares/Third_Party/SSD1306/ssd1306.o
 .debug_macro   0x0000000000018415      0x360 Middlewares/Third_Party/Squashy/gamesys/gamesys.o
 .debug_macro   0x0000000000018775      0x310 Middlewares/Third_Party/Squashy/gamesys/sprite_rendering.o
 .debug_macro   0x0000000000018a85      0x42b Src/main.o
 .debug_macro   0x0000000000018eb0       0xd8 Src/main.o
 .debug_macro   0x0000000000018f88      0x302 Src/stm32l1xx_hal_msp.o
 .debug_macro   0x000000000001928a      0x3c0 Src/stm32l1xx_it.o
 .debug_macro   0x000000000001964a      0x2f9 Src/system_stm32l1xx.o

.debug_line     0x0000000000000000     0xe5f7
 .debug_line    0x0000000000000000      0x915 Drivers/STM32L1xx_HAL_Driver/Src/stm32l1xx_hal.o
 .debug_line    0x0000000000000915      0x9f1 Drivers/STM32L1xx_HAL_Driver/Src/stm32l1xx_hal_cortex.o
 .debug_line    0x0000000000001306      0x92f Drivers/STM32L1xx_HAL_Driver/Src/stm32l1xx_hal_gpio.o
 .debug_line    0x0000000000001c35     0x1902 Drivers/STM32L1xx_HAL_Driver/Src/stm32l1xx_hal_i2c.o
 .debug_line    0x0000000000003537      0xdc2 Drivers/STM32L1xx_HAL_Driver/Src/stm32l1xx_hal_rcc.o
 .debug_line    0x00000000000042f9     0x1672 Drivers/STM32L1xx_HAL_Driver/Src/stm32l1xx_hal_tim.o
 .debug_line    0x000000000000596b      0x836 Drivers/STM32L1xx_HAL_Driver/Src/stm32l1xx_hal_tim_ex.o
 .debug_line    0x00000000000061a1      0xe8f Drivers/STM32L1xx_HAL_Driver/Src/stm32l1xx_hal_uart.o
 .debug_line    0x0000000000007030      0xbe4 Middlewares/Third_Party/FreeRTOS/Source/CMSIS_RTOS/cmsis_os.o
 .debug_line    0x0000000000007c14      0x583 Middlewares/Third_Party/FreeRTOS/Source/list.o
 .debug_line    0x0000000000008197      0xe1f Middlewares/Third_Party/FreeRTOS/Source/tasks.o
 .debug_line    0x0000000000008fb6      0x5ef Middlewares/Third_Party/FreeRTOS/Source/portable/GCC/ARM_CM3/port.o
 .debug_line    0x00000000000095a5      0x637 Middlewares/Third_Party/FreeRTOS/Source/portable/MemMang/heap_4.o
 .debug_line    0x0000000000009bdc      0x7fe Middlewares/Third_Party/SSD1306/fonts.o
 .debug_line    0x000000000000a3da      0x93c Middlewares/Third_Party/SSD1306/ssd1306.o
 .debug_line    0x000000000000ad16      0x973 Middlewares/Third_Party/Squashy/gamesys/gamesys.o
 .debug_line    0x000000000000b689      0x895 Middlewares/Third_Party/Squashy/gamesys/sprite_rendering.o
 .debug_line    0x000000000000bf1e      0xc04 Src/main.o
 .debug_line    0x000000000000cb22      0x875 Src/stm32l1xx_hal_msp.o
 .debug_line    0x000000000000d397      0xa05 Src/stm32l1xx_it.o
 .debug_line    0x000000000000dd9c      0x7de Src/system_stm32l1xx.o
 .debug_line    0x000000000000e57a       0x7d startup/startup_stm32l152xe.o

.debug_str      0x0000000000000000    0x94d6c
 .debug_str     0x0000000000000000    0x89eb4 Drivers/STM32L1xx_HAL_Driver/Src/stm32l1xx_hal.o
                                      0x8a257 (size before relaxing)
 .debug_str     0x0000000000089eb4      0x3d0 Drivers/STM32L1xx_HAL_Driver/Src/stm32l1xx_hal_cortex.o
                                      0x8a3a2 (size before relaxing)
 .debug_str     0x000000000008a284      0x294 Drivers/STM32L1xx_HAL_Driver/Src/stm32l1xx_hal_gpio.o
                                      0x89e25 (size before relaxing)
 .debug_str     0x000000000008a518      0xe7b Drivers/STM32L1xx_HAL_Driver/Src/stm32l1xx_hal_i2c.o
                                      0x8aa4b (size before relaxing)
 .debug_str     0x000000000008b393      0x533 Drivers/STM32L1xx_HAL_Driver/Src/stm32l1xx_hal_rcc.o
                                      0x8a1a8 (size before relaxing)
 .debug_str     0x000000000008b8c6      0xe4f Drivers/STM32L1xx_HAL_Driver/Src/stm32l1xx_hal_tim.o
                                      0x8ac1b (size before relaxing)
 .debug_str     0x000000000008c715       0xc7 Drivers/STM32L1xx_HAL_Driver/Src/stm32l1xx_hal_tim_ex.o
                                      0x89f6a (size before relaxing)
 .debug_str     0x000000000008c7dc      0x50a Drivers/STM32L1xx_HAL_Driver/Src/stm32l1xx_hal_uart.o
                                      0x8a2c6 (size before relaxing)
 .debug_str     0x000000000008cce6     0x5d11 Middlewares/Third_Party/FreeRTOS/Source/CMSIS_RTOS/cmsis_os.o
                                       0xcaef (size before relaxing)
 .debug_str     0x00000000000929f7      0x234 Middlewares/Third_Party/FreeRTOS/Source/list.o
                                       0x9d7f (size before relaxing)
 .debug_str     0x0000000000092c2b     0x10b7 Middlewares/Third_Party/FreeRTOS/Source/tasks.o
                                       0xbe12 (size before relaxing)
 .debug_str     0x0000000000093ce2      0x666 Middlewares/Third_Party/FreeRTOS/Source/portable/GCC/ARM_CM3/port.o
                                       0x7be8 (size before relaxing)
 .debug_str     0x0000000000094348      0x243 Middlewares/Third_Party/FreeRTOS/Source/portable/MemMang/heap_4.o
                                       0xa4bf (size before relaxing)
 .debug_str     0x000000000009458b       0x8c Middlewares/Third_Party/SSD1306/fonts.o
                                      0x89b6c (size before relaxing)
 .debug_str     0x0000000000094617      0x18a Middlewares/Third_Party/SSD1306/ssd1306.o
                                      0x8a126 (size before relaxing)
 .debug_str     0x00000000000947a1      0x187 Middlewares/Third_Party/Squashy/gamesys/gamesys.o
                                      0x8a4ee (size before relaxing)
 .debug_str     0x0000000000094928       0x61 Middlewares/Third_Party/Squashy/gamesys/sprite_rendering.o
                                      0x8a0c8 (size before relaxing)
 .debug_str     0x0000000000094989      0x280 Src/main.o
                                      0x8feca (size before relaxing)
 .debug_str     0x0000000000094c09       0x24 Src/stm32l1xx_hal_msp.o
                                      0x8a8a8 (size before relaxing)
 .debug_str     0x0000000000094c2d       0x9d Src/stm32l1xx_it.o
                                      0x8ee9f (size before relaxing)
 .debug_str     0x0000000000094cca       0x72 Src/system_stm32l1xx.o
                                      0x89bfc (size before relaxing)
 .debug_str     0x0000000000094d3c       0x30 startup/startup_stm32l152xe.o
                                         0x5a (size before relaxing)

.comment        0x0000000000000000       0x7e
 .comment       0x0000000000000000       0x7e Drivers/STM32L1xx_HAL_Driver/Src/stm32l1xx_hal.o
                                         0x7f (size before relaxing)
 .comment       0x000000000000007e       0x7f Drivers/STM32L1xx_HAL_Driver/Src/stm32l1xx_hal_cortex.o
 .comment       0x000000000000007e       0x7f Drivers/STM32L1xx_HAL_Driver/Src/stm32l1xx_hal_gpio.o
 .comment       0x000000000000007e       0x7f Drivers/STM32L1xx_HAL_Driver/Src/stm32l1xx_hal_i2c.o
 .comment       0x000000000000007e       0x7f Drivers/STM32L1xx_HAL_Driver/Src/stm32l1xx_hal_rcc.o
 .comment       0x000000000000007e       0x7f Drivers/STM32L1xx_HAL_Driver/Src/stm32l1xx_hal_tim.o
 .comment       0x000000000000007e       0x7f Drivers/STM32L1xx_HAL_Driver/Src/stm32l1xx_hal_tim_ex.o
 .comment       0x000000000000007e       0x7f Drivers/STM32L1xx_HAL_Driver/Src/stm32l1xx_hal_uart.o
 .comment       0x000000000000007e       0x7f Middlewares/Third_Party/FreeRTOS/Source/CMSIS_RTOS/cmsis_os.o
 .comment       0x000000000000007e       0x7f Middlewares/Third_Party/FreeRTOS/Source/list.o
 .comment       0x000000000000007e       0x7f Middlewares/Third_Party/FreeRTOS/Source/tasks.o
 .comment       0x000000000000007e       0x7f Middlewares/Third_Party/FreeRTOS/Source/portable/GCC/ARM_CM3/port.o
 .comment       0x000000000000007e       0x7f Middlewares/Third_Party/FreeRTOS/Source/portable/MemMang/heap_4.o
 .comment       0x000000000000007e       0x7f Middlewares/Third_Party/SSD1306/fonts.o
 .comment       0x000000000000007e       0x7f Middlewares/Third_Party/SSD1306/ssd1306.o
 .comment       0x000000000000007e       0x7f Middlewares/Third_Party/Squashy/gamesys/gamesys.o
 .comment       0x000000000000007e       0x7f Middlewares/Third_Party/Squashy/gamesys/sprite_rendering.o
 .comment       0x000000000000007e       0x7f Src/main.o
 .comment       0x000000000000007e       0x7f Src/stm32l1xx_hal_msp.o
 .comment       0x000000000000007e       0x7f Src/stm32l1xx_it.o
 .comment       0x000000000000007e       0x7f Src/system_stm32l1xx.o

.debug_frame    0x0000000000000000     0x2e74
 .debug_frame   0x0000000000000000      0x168 Drivers/STM32L1xx_HAL_Driver/Src/stm32l1xx_hal.o
 .debug_frame   0x0000000000000168      0x15c Drivers/STM32L1xx_HAL_Driver/Src/stm32l1xx_hal_cortex.o
 .debug_frame   0x00000000000002c4       0xec Drivers/STM32L1xx_HAL_Driver/Src/stm32l1xx_hal_gpio.o
 .debug_frame   0x00000000000003b0      0x854 Drivers/STM32L1xx_HAL_Driver/Src/stm32l1xx_hal_i2c.o
 .debug_frame   0x0000000000000c04      0x168 Drivers/STM32L1xx_HAL_Driver/Src/stm32l1xx_hal_rcc.o
 .debug_frame   0x0000000000000d6c      0x9c8 Drivers/STM32L1xx_HAL_Driver/Src/stm32l1xx_hal_tim.o
 .debug_frame   0x0000000000001734       0x3c Drivers/STM32L1xx_HAL_Driver/Src/stm32l1xx_hal_tim_ex.o
 .debug_frame   0x0000000000001770      0x380 Drivers/STM32L1xx_HAL_Driver/Src/stm32l1xx_hal_uart.o
 .debug_frame   0x0000000000001af0      0x584 Middlewares/Third_Party/FreeRTOS/Source/CMSIS_RTOS/cmsis_os.o
 .debug_frame   0x0000000000002074       0x6c Middlewares/Third_Party/FreeRTOS/Source/list.o
 .debug_frame   0x00000000000020e0      0x4e8 Middlewares/Third_Party/FreeRTOS/Source/tasks.o
 .debug_frame   0x00000000000025c8       0xe0 Middlewares/Third_Party/FreeRTOS/Source/portable/GCC/ARM_CM3/port.o
 .debug_frame   0x00000000000026a8       0xac Middlewares/Third_Party/FreeRTOS/Source/portable/MemMang/heap_4.o
 .debug_frame   0x0000000000002754       0xe8 Middlewares/Third_Party/SSD1306/ssd1306.o
 .debug_frame   0x000000000000283c       0xd0 Middlewares/Third_Party/Squashy/gamesys/gamesys.o
 .debug_frame   0x000000000000290c       0x54 Middlewares/Third_Party/Squashy/gamesys/sprite_rendering.o
 .debug_frame   0x0000000000002960      0x178 Src/main.o
 .debug_frame   0x0000000000002ad8       0xe4 Src/stm32l1xx_hal_msp.o
 .debug_frame   0x0000000000002bbc       0x88 Src/stm32l1xx_it.o
 .debug_frame   0x0000000000002c44       0x30 Src/system_stm32l1xx.o
 .debug_frame   0x0000000000002c74       0x2c /home/gecko/Ac6/SystemWorkbench/plugins/fr.ac6.mcu.externaltools.arm-none.linux64_1.16.0.201807130628/tools/compiler/bin/../lib/gcc/arm-none-eabi/7.2.1/../../../../arm-none-eabi/lib/thumb/v7-m/libc_nano.a(lib_a-init.o)
 .debug_frame   0x0000000000002ca0       0x38 /home/gecko/Ac6/SystemWorkbench/plugins/fr.ac6.mcu.externaltools.arm-none.linux64_1.16.0.201807130628/tools/compiler/bin/../lib/gcc/arm-none-eabi/7.2.1/../../../../arm-none-eabi/lib/thumb/v7-m/libc_nano.a(lib_a-itoa.o)
 .debug_frame   0x0000000000002cd8       0x30 /home/gecko/Ac6/SystemWorkbench/plugins/fr.ac6.mcu.externaltools.arm-none.linux64_1.16.0.201807130628/tools/compiler/bin/../lib/gcc/arm-none-eabi/7.2.1/../../../../arm-none-eabi/lib/thumb/v7-m/libc_nano.a(lib_a-malloc.o)
 .debug_frame   0x0000000000002d08       0x20 /home/gecko/Ac6/SystemWorkbench/plugins/fr.ac6.mcu.externaltools.arm-none.linux64_1.16.0.201807130628/tools/compiler/bin/../lib/gcc/arm-none-eabi/7.2.1/../../../../arm-none-eabi/lib/thumb/v7-m/libc_nano.a(lib_a-memset.o)
 .debug_frame   0x0000000000002d28       0x2c /home/gecko/Ac6/SystemWorkbench/plugins/fr.ac6.mcu.externaltools.arm-none.linux64_1.16.0.201807130628/tools/compiler/bin/../lib/gcc/arm-none-eabi/7.2.1/../../../../arm-none-eabi/lib/thumb/v7-m/libc_nano.a(lib_a-nano-mallocr.o)
 .debug_frame   0x0000000000002d54       0x2c /home/gecko/Ac6/SystemWorkbench/plugins/fr.ac6.mcu.externaltools.arm-none.linux64_1.16.0.201807130628/tools/compiler/bin/../lib/gcc/arm-none-eabi/7.2.1/../../../../arm-none-eabi/lib/thumb/v7-m/libc_nano.a(lib_a-sbrkr.o)
 .debug_frame   0x0000000000002d80       0x48 /home/gecko/Ac6/SystemWorkbench/plugins/fr.ac6.mcu.externaltools.arm-none.linux64_1.16.0.201807130628/tools/compiler/bin/../lib/gcc/arm-none-eabi/7.2.1/../../../../arm-none-eabi/lib/thumb/v7-m/libc_nano.a(lib_a-utoa.o)
 .debug_frame   0x0000000000002dc8       0x30 /home/gecko/Ac6/SystemWorkbench/plugins/fr.ac6.mcu.externaltools.arm-none.linux64_1.16.0.201807130628/tools/compiler/bin/../lib/gcc/arm-none-eabi/7.2.1/../../../../arm-none-eabi/lib/thumb/v7-m/libc_nano.a(lib_a-mlock.o)
 .debug_frame   0x0000000000002df8       0x5c /home/gecko/Ac6/SystemWorkbench/plugins/fr.ac6.mcu.externaltools.arm-none.linux64_1.16.0.201807130628/tools/compiler/bin/../lib/gcc/arm-none-eabi/7.2.1/../../../../arm-none-eabi/lib/thumb/v7-m/libc_nano.a(lib_a-reent.o)
 .debug_frame   0x0000000000002e54       0x20 /home/gecko/Ac6/SystemWorkbench/plugins/fr.ac6.mcu.externaltools.arm-none.linux64_1.16.0.201807130628/tools/compiler/bin/../lib/gcc/arm-none-eabi/7.2.1/../../../../arm-none-eabi/lib/thumb/v7-m/libnosys.a(sbrk.o)
