Archive member included to satisfy reference by file (symbol)

/home/gecko/Ac6/SystemWorkbench/plugins/fr.ac6.mcu.externaltools.arm-none.linux64_1.16.0.201807130628/tools/compiler/bin/../lib/gcc/arm-none-eabi/7.2.1/../../../../arm-none-eabi/lib/thumb/v7-m/libc_nano.a(lib_a-exit.o)
                              /home/gecko/Ac6/SystemWorkbench/plugins/fr.ac6.mcu.externaltools.arm-none.linux64_1.16.0.201807130628/tools/compiler/bin/../lib/gcc/arm-none-eabi/7.2.1/../../../../arm-none-eabi/lib/thumb/v7-m/crt0.o (exit)
/home/gecko/Ac6/SystemWorkbench/plugins/fr.ac6.mcu.externaltools.arm-none.linux64_1.16.0.201807130628/tools/compiler/bin/../lib/gcc/arm-none-eabi/7.2.1/../../../../arm-none-eabi/lib/thumb/v7-m/libc_nano.a(lib_a-impure.o)
                              /home/gecko/Ac6/SystemWorkbench/plugins/fr.ac6.mcu.externaltools.arm-none.linux64_1.16.0.201807130628/tools/compiler/bin/../lib/gcc/arm-none-eabi/7.2.1/../../../../arm-none-eabi/lib/thumb/v7-m/libc_nano.a(lib_a-exit.o) (_global_impure_ptr)
/home/gecko/Ac6/SystemWorkbench/plugins/fr.ac6.mcu.externaltools.arm-none.linux64_1.16.0.201807130628/tools/compiler/bin/../lib/gcc/arm-none-eabi/7.2.1/../../../../arm-none-eabi/lib/thumb/v7-m/libc_nano.a(lib_a-init.o)
                              /home/gecko/Ac6/SystemWorkbench/plugins/fr.ac6.mcu.externaltools.arm-none.linux64_1.16.0.201807130628/tools/compiler/bin/../lib/gcc/arm-none-eabi/7.2.1/../../../../arm-none-eabi/lib/thumb/v7-m/crt0.o (__libc_init_array)
/home/gecko/Ac6/SystemWorkbench/plugins/fr.ac6.mcu.externaltools.arm-none.linux64_1.16.0.201807130628/tools/compiler/bin/../lib/gcc/arm-none-eabi/7.2.1/../../../../arm-none-eabi/lib/thumb/v7-m/libc_nano.a(lib_a-malloc.o)
                              Middlewares/gamesys/gamesys.o (malloc)
/home/gecko/Ac6/SystemWorkbench/plugins/fr.ac6.mcu.externaltools.arm-none.linux64_1.16.0.201807130628/tools/compiler/bin/../lib/gcc/arm-none-eabi/7.2.1/../../../../arm-none-eabi/lib/thumb/v7-m/libc_nano.a(lib_a-memcpy-stub.o)
                              Middlewares/Third_Party/FreeRTOS/Source/queue.o (memcpy)
/home/gecko/Ac6/SystemWorkbench/plugins/fr.ac6.mcu.externaltools.arm-none.linux64_1.16.0.201807130628/tools/compiler/bin/../lib/gcc/arm-none-eabi/7.2.1/../../../../arm-none-eabi/lib/thumb/v7-m/libc_nano.a(lib_a-memset.o)
                              /home/gecko/Ac6/SystemWorkbench/plugins/fr.ac6.mcu.externaltools.arm-none.linux64_1.16.0.201807130628/tools/compiler/bin/../lib/gcc/arm-none-eabi/7.2.1/../../../../arm-none-eabi/lib/thumb/v7-m/crt0.o (memset)
/home/gecko/Ac6/SystemWorkbench/plugins/fr.ac6.mcu.externaltools.arm-none.linux64_1.16.0.201807130628/tools/compiler/bin/../lib/gcc/arm-none-eabi/7.2.1/../../../../arm-none-eabi/lib/thumb/v7-m/libc_nano.a(lib_a-nano-freer.o)
                              /home/gecko/Ac6/SystemWorkbench/plugins/fr.ac6.mcu.externaltools.arm-none.linux64_1.16.0.201807130628/tools/compiler/bin/../lib/gcc/arm-none-eabi/7.2.1/../../../../arm-none-eabi/lib/thumb/v7-m/libc_nano.a(lib_a-malloc.o) (_free_r)
/home/gecko/Ac6/SystemWorkbench/plugins/fr.ac6.mcu.externaltools.arm-none.linux64_1.16.0.201807130628/tools/compiler/bin/../lib/gcc/arm-none-eabi/7.2.1/../../../../arm-none-eabi/lib/thumb/v7-m/libc_nano.a(lib_a-nano-mallocr.o)
                              /home/gecko/Ac6/SystemWorkbench/plugins/fr.ac6.mcu.externaltools.arm-none.linux64_1.16.0.201807130628/tools/compiler/bin/../lib/gcc/arm-none-eabi/7.2.1/../../../../arm-none-eabi/lib/thumb/v7-m/libc_nano.a(lib_a-malloc.o) (_malloc_r)
/home/gecko/Ac6/SystemWorkbench/plugins/fr.ac6.mcu.externaltools.arm-none.linux64_1.16.0.201807130628/tools/compiler/bin/../lib/gcc/arm-none-eabi/7.2.1/../../../../arm-none-eabi/lib/thumb/v7-m/libc_nano.a(lib_a-sbrkr.o)
                              /home/gecko/Ac6/SystemWorkbench/plugins/fr.ac6.mcu.externaltools.arm-none.linux64_1.16.0.201807130628/tools/compiler/bin/../lib/gcc/arm-none-eabi/7.2.1/../../../../arm-none-eabi/lib/thumb/v7-m/libc_nano.a(lib_a-nano-mallocr.o) (_sbrk_r)
/home/gecko/Ac6/SystemWorkbench/plugins/fr.ac6.mcu.externaltools.arm-none.linux64_1.16.0.201807130628/tools/compiler/bin/../lib/gcc/arm-none-eabi/7.2.1/../../../../arm-none-eabi/lib/thumb/v7-m/libc_nano.a(lib_a-mlock.o)
                              /home/gecko/Ac6/SystemWorkbench/plugins/fr.ac6.mcu.externaltools.arm-none.linux64_1.16.0.201807130628/tools/compiler/bin/../lib/gcc/arm-none-eabi/7.2.1/../../../../arm-none-eabi/lib/thumb/v7-m/libc_nano.a(lib_a-nano-freer.o) (__malloc_lock)
/home/gecko/Ac6/SystemWorkbench/plugins/fr.ac6.mcu.externaltools.arm-none.linux64_1.16.0.201807130628/tools/compiler/bin/../lib/gcc/arm-none-eabi/7.2.1/../../../../arm-none-eabi/lib/thumb/v7-m/libc_nano.a(lib_a-reent.o)
                              /home/gecko/Ac6/SystemWorkbench/plugins/fr.ac6.mcu.externaltools.arm-none.linux64_1.16.0.201807130628/tools/compiler/bin/../lib/gcc/arm-none-eabi/7.2.1/../../../../arm-none-eabi/lib/thumb/v7-m/libc_nano.a(lib_a-sbrkr.o) (errno)
[...]
Memory Configuration

Name             Origin             Length             Attributes
RAM              0x0000000020000000 0x0000000000014000 xrw
FLASH            0x0000000008000000 0x0000000000080000 xr
*default*        0x0000000000000000 0xffffffffffffffff

Linker script and memory map

LOAD /home/gecko/Ac6/SystemWorkbench/plugins/fr.ac6.mcu.externaltools.arm-none.linux64_1.16.0.201807130628/tools/compiler/bin/../lib/gcc/arm-none-eabi/7.2.1/thumb/v7-m/crti.o
LOAD /home/gecko/Ac6/SystemWorkbench/plugins/fr.ac6.mcu.externaltools.arm-none.linux64_1.16.0.201807130628/tools/compiler/bin/../lib/gcc/arm-none-eabi/7.2.1/thumb/v7-m/crtbegin.o
LOAD /home/gecko/Ac6/SystemWorkbench/plugins/fr.ac6.mcu.externaltools.arm-none.linux64_1.16.0.201807130628/tools/compiler/bin/../lib/gcc/arm-none-eabi/7.2.1/../../../../arm-none-eabi/lib/thumb/v7-m/crt0.o
LOAD Drivers/STM32L1xx_HAL_Driver/Src/stm32l1xx_hal.o
LOAD Drivers/STM32L1xx_HAL_Driver/Src/stm32l1xx_hal_cortex.o
LOAD Drivers/STM32L1xx_HAL_Driver/Src/stm32l1xx_hal_dma.o
LOAD Drivers/STM32L1xx_HAL_Driver/Src/stm32l1xx_hal_flash.o
LOAD Drivers/STM32L1xx_HAL_Driver/Src/stm32l1xx_hal_flash_ex.o
LOAD Drivers/STM32L1xx_HAL_Driver/Src/stm32l1xx_hal_flash_ramfunc.o
LOAD Drivers/STM32L1xx_HAL_Driver/Src/stm32l1xx_hal_gpio.o
LOAD Drivers/STM32L1xx_HAL_Driver/Src/stm32l1xx_hal_i2c.o
LOAD Drivers/STM32L1xx_HAL_Driver/Src/stm32l1xx_hal_pwr.o
LOAD Drivers/STM32L1xx_HAL_Driver/Src/stm32l1xx_hal_pwr_ex.o
LOAD Drivers/STM32L1xx_HAL_Driver/Src/stm32l1xx_hal_rcc.o
LOAD Drivers/STM32L1xx_HAL_Driver/Src/stm32l1xx_hal_rcc_ex.o
LOAD Drivers/STM32L1xx_HAL_Driver/Src/stm32l1xx_hal_tim.o
LOAD Drivers/STM32L1xx_HAL_Driver/Src/stm32l1xx_hal_tim_ex.o
LOAD Drivers/STM32L1xx_HAL_Driver/Src/stm32l1xx_hal_uart.o
LOAD Middlewares/Third_Party/FreeRTOS/Source/CMSIS_RTOS/cmsis_os.o
LOAD Middlewares/Third_Party/FreeRTOS/Source/croutine.o
LOAD Middlewares/Third_Party/FreeRTOS/Source/event_groups.o
LOAD Middlewares/Third_Party/FreeRTOS/Source/list.o
LOAD Middlewares/Third_Party/FreeRTOS/Source/queue.o
LOAD Middlewares/Third_Party/FreeRTOS/Source/tasks.o
LOAD Middlewares/Third_Party/FreeRTOS/Source/timers.o
LOAD Middlewares/Third_Party/FreeRTOS/Source/portable/GCC/ARM_CM3/port.o
LOAD Middlewares/Third_Party/FreeRTOS/Source/portable/MemMang/heap_4.o
LOAD Middlewares/Third_Party/SSD1306/fonts.o
LOAD Middlewares/Third_Party/SSD1306/ssd1306.o
LOAD Middlewares/gamesys/gameobject.o
LOAD Middlewares/gamesys/gamesys.o
LOAD Middlewares/gamesys/sprites.o
LOAD Src/freertos.o
LOAD Src/main.o
LOAD Src/stm32l1xx_hal_msp.o
LOAD Src/stm32l1xx_it.o
LOAD Src/system_stm32l1xx.o
LOAD startup/startup_stm32l152xe.o
LOAD /home/gecko/Ac6/SystemWorkbench/plugins/fr.ac6.mcu.externaltools.arm-none.linux64_1.16.0.201807130628/tools/compiler/bin/../lib/gcc/arm-none-eabi/7.2.1/../../../../arm-none-eabi/lib/thumb/v7-m/libm.a
START GROUP
LOAD /home/gecko/Ac6/SystemWorkbench/plugins/fr.ac6.mcu.externaltools.arm-none.linux64_1.16.0.201807130628/tools/compiler/bin/../lib/gcc/arm-none-eabi/7.2.1/thumb/v7-m/libgcc.a
LOAD /home/gecko/Ac6/SystemWorkbench/plugins/fr.ac6.mcu.externaltools.arm-none.linux64_1.16.0.201807130628/tools/compiler/bin/../lib/gcc/arm-none-eabi/7.2.1/../../../../arm-none-eabi/lib/thumb/v7-m/libc_nano.a
END GROUP
START GROUP
LOAD /home/gecko/Ac6/SystemWorkbench/plugins/fr.ac6.mcu.externaltools.arm-none.linux64_1.16.0.201807130628/tools/compiler/bin/../lib/gcc/arm-none-eabi/7.2.1/thumb/v7-m/libgcc.a
LOAD /home/gecko/Ac6/SystemWorkbench/plugins/fr.ac6.mcu.externaltools.arm-none.linux64_1.16.0.201807130628/tools/compiler/bin/../lib/gcc/arm-none-eabi/7.2.1/../../../../arm-none-eabi/lib/thumb/v7-m/libc_nano.a
LOAD /home/gecko/Ac6/SystemWorkbench/plugins/fr.ac6.mcu.externaltools.arm-none.linux64_1.16.0.201807130628/tools/compiler/bin/../lib/gcc/arm-none-eabi/7.2.1/../../../../arm-none-eabi/lib/thumb/v7-m/libnosys.a
END GROUP
START GROUP
LOAD /home/gecko/Ac6/SystemWorkbench/plugins/fr.ac6.mcu.externaltools.arm-none.linux64_1.16.0.201807130628/tools/compiler/bin/../lib/gcc/arm-none-eabi/7.2.1/thumb/v7-m/libgcc.a
LOAD /home/gecko/Ac6/SystemWorkbench/plugins/fr.ac6.mcu.externaltools.arm-none.linux64_1.16.0.201807130628/tools/compiler/bin/../lib/gcc/arm-none-eabi/7.2.1/../../../../arm-none-eabi/lib/thumb/v7-m/libc_nano.a
LOAD /home/gecko/Ac6/SystemWorkbench/plugins/fr.ac6.mcu.externaltools.arm-none.linux64_1.16.0.201807130628/tools/compiler/bin/../lib/gcc/arm-none-eabi/7.2.1/../../../../arm-none-eabi/lib/thumb/v7-m/libnosys.a
END GROUP
LOAD /home/gecko/Ac6/SystemWorkbench/plugins/fr.ac6.mcu.externaltools.arm-none.linux64_1.16.0.201807130628/tools/compiler/bin/../lib/gcc/arm-none-eabi/7.2.1/thumb/v7-m/crtend.o
LOAD /home/gecko/Ac6/SystemWorkbench/plugins/fr.ac6.mcu.externaltools.arm-none.linux64_1.16.0.201807130628/tools/compiler/bin/../lib/gcc/arm-none-eabi/7.2.1/thumb/v7-m/crtn.o
                0x0000000020014000                _estack = 0x20014000
                0x0000000000000200                _Min_Heap_Size = 0x200
                0x0000000000000400                _Min_Stack_Size = 0x400

.isr_vector     0x0000000008000000      0x13c
                0x0000000008000000                . = ALIGN (0x4)
 *(.isr_vector)
 .isr_vector    0x0000000008000000      0x13c startup/startup_stm32l152xe.o
                0x0000000008000000                g_pfnVectors
                0x000000000800013c                . = ALIGN (0x4)

.text           0x0000000008000140     0x2d28
                0x0000000008000140                . = ALIGN (0x4)
 *(.text)
 .text          0x0000000008000140       0x40 /home/gecko/Ac6/SystemWorkbench/plugins/fr.ac6.mcu.externaltools.arm-none.linux64_1.16.0.201807130628/tools/compiler/bin/../lib/gcc/arm-none-eabi/7.2.1/thumb/v7-m/crtbegin.o
 *(.text*)
 .text.HAL_InitTick
                0x0000000008000180       0x2c Drivers/STM32L1xx_HAL_Driver/Src/stm32l1xx_hal.o
                0x0000000008000180                HAL_InitTick
 .text.HAL_Init
                0x00000000080001ac       0x16 Drivers/STM32L1xx_HAL_Driver/Src/stm32l1xx_hal.o
                0x00000000080001ac                HAL_Init
 *fill*         0x00000000080001c2        0x2 
 .text.HAL_IncTick
                0x00000000080001c4       0x10 Drivers/STM32L1xx_HAL_Driver/Src/stm32l1xx_hal.o
                0x00000000080001c4                HAL_IncTick
 .text.HAL_GetTick
                0x00000000080001d4        0xc Drivers/STM32L1xx_HAL_Driver/Src/stm32l1xx_hal.o
                0x00000000080001d4                HAL_GetTick
 .text.HAL_Delay
                0x00000000080001e0       0x1c Drivers/STM32L1xx_HAL_Driver/Src/stm32l1xx_hal.o
                0x00000000080001e0                HAL_Delay
 .text.HAL_NVIC_SetPriorityGrouping
                0x00000000080001fc       0x24 Drivers/STM32L1xx_HAL_Driver/Src/stm32l1xx_hal_cortex.o
                0x00000000080001fc                HAL_NVIC_SetPriorityGrouping
 .text.HAL_NVIC_SetPriority
                0x0000000008000220       0x68 Drivers/STM32L1xx_HAL_Driver/Src/stm32l1xx_hal_cortex.o
                0x0000000008000220                HAL_NVIC_SetPriority
 .text.HAL_SYSTICK_Config
                0x0000000008000288       0x2c Drivers/STM32L1xx_HAL_Driver/Src/stm32l1xx_hal_cortex.o
                0x0000000008000288                HAL_SYSTICK_Config
 .text.HAL_GPIO_Init
                0x00000000080002b4      0x1b0 Drivers/STM32L1xx_HAL_Driver/Src/stm32l1xx_hal_gpio.o
                0x00000000080002b4                HAL_GPIO_Init
 .text.HAL_GPIO_WritePin
                0x0000000008000464        0xc Drivers/STM32L1xx_HAL_Driver/Src/stm32l1xx_hal_gpio.o
                0x0000000008000464                HAL_GPIO_WritePin
 .text.HAL_GPIO_TogglePin
                0x0000000008000470        0x8 Drivers/STM32L1xx_HAL_Driver/Src/stm32l1xx_hal_gpio.o
                0x0000000008000470                HAL_GPIO_TogglePin
 .text.I2C_IsAcknowledgeFailed
                0x0000000008000478       0x2a Drivers/STM32L1xx_HAL_Driver/Src/stm32l1xx_hal_i2c.o
 .text.I2C_WaitOnFlagUntilTimeout
                0x00000000080004a2       0x68 Drivers/STM32L1xx_HAL_Driver/Src/stm32l1xx_hal_i2c.o
 .text.I2C_WaitOnMasterAddressFlagUntilTimeout
                0x000000000800050a       0x90 Drivers/STM32L1xx_HAL_Driver/Src/stm32l1xx_hal_i2c.o
 .text.I2C_WaitOnTXEFlagUntilTimeout
                0x000000000800059a       0x4e Drivers/STM32L1xx_HAL_Driver/Src/stm32l1xx_hal_i2c.o
 .text.I2C_RequestMemoryWrite
                0x00000000080005e8       0xd8 Drivers/STM32L1xx_HAL_Driver/Src/stm32l1xx_hal_i2c.o
 .text.I2C_WaitOnBTFFlagUntilTimeout
                0x00000000080006c0       0x4e Drivers/STM32L1xx_HAL_Driver/Src/stm32l1xx_hal_i2c.o
 *fill*         0x000000000800070e        0x2 
 .text.HAL_I2C_Init
                0x0000000008000710      0x164 Drivers/STM32L1xx_HAL_Driver/Src/stm32l1xx_hal_i2c.o
                0x0000000008000710                HAL_I2C_Init
 .text.HAL_I2C_Mem_Write
                0x0000000008000874      0x18c Drivers/STM32L1xx_HAL_Driver/Src/stm32l1xx_hal_i2c.o
                0x0000000008000874                HAL_I2C_Mem_Write
 .text.RCC_SetFlashLatencyFromMSIRange
                0x0000000008000a00       0x94 Drivers/STM32L1xx_HAL_Driver/Src/stm32l1xx_hal_rcc.o
 .text.HAL_RCC_OscConfig
                0x0000000008000a94      0x78c Drivers/STM32L1xx_HAL_Driver/Src/stm32l1xx_hal_rcc.o
                0x0000000008000a94                HAL_RCC_OscConfig
 .text.HAL_RCC_GetSysClockFreq
                0x0000000008001220       0x9c Drivers/STM32L1xx_HAL_Driver/Src/stm32l1xx_hal_rcc.o
                0x0000000008001220                HAL_RCC_GetSysClockFreq
 .text.HAL_RCC_ClockConfig
                0x00000000080012bc      0x248 Drivers/STM32L1xx_HAL_Driver/Src/stm32l1xx_hal_rcc.o
                0x00000000080012bc                HAL_RCC_ClockConfig
 .text.HAL_RCC_GetHCLKFreq
                0x0000000008001504        0xc Drivers/STM32L1xx_HAL_Driver/Src/stm32l1xx_hal_rcc.o
                0x0000000008001504                HAL_RCC_GetHCLKFreq
 .text.HAL_RCC_GetPCLK1Freq
                0x0000000008001510       0x2c Drivers/STM32L1xx_HAL_Driver/Src/stm32l1xx_hal_rcc.o
                0x0000000008001510                HAL_RCC_GetPCLK1Freq
 .text.HAL_RCC_GetPCLK2Freq
                0x000000000800153c       0x2c Drivers/STM32L1xx_HAL_Driver/Src/stm32l1xx_hal_rcc.o
                0x000000000800153c                HAL_RCC_GetPCLK2Freq
 .text.UART_SetConfig
                0x0000000008001568      0x320 Drivers/STM32L1xx_HAL_Driver/Src/stm32l1xx_hal_uart.o
 .text.HAL_UART_Init
                0x0000000008001888       0x5a Drivers/STM32L1xx_HAL_Driver/Src/stm32l1xx_hal_uart.o
                0x0000000008001888                HAL_UART_Init
 .text.makeFreeRtosPriority
                0x00000000080018e2        0xc Middlewares/Third_Party/FreeRTOS/Source/CMSIS_RTOS/cmsis_os.o
 .text.osKernelStart
                0x00000000080018ee        0xa Middlewares/Third_Party/FreeRTOS/Source/CMSIS_RTOS/cmsis_os.o
                0x00000000080018ee                osKernelStart
 .text.osThreadCreate
                0x00000000080018f8       0x34 Middlewares/Third_Party/FreeRTOS/Source/CMSIS_RTOS/cmsis_os.o
                0x00000000080018f8                osThreadCreate
 .text.osDelay  0x000000000800192c       0x12 Middlewares/Third_Party/FreeRTOS/Source/CMSIS_RTOS/cmsis_os.o
                0x000000000800192c                osDelay
 .text.osSystickHandler
                0x000000000800193e       0x10 Middlewares/Third_Party/FreeRTOS/Source/CMSIS_RTOS/cmsis_os.o
                0x000000000800193e                osSystickHandler
 .text.vListInitialise
                0x000000000800194e       0x16 Middlewares/Third_Party/FreeRTOS/Source/list.o
                0x000000000800194e                vListInitialise
 .text.vListInitialiseItem
                0x0000000008001964        0x6 Middlewares/Third_Party/FreeRTOS/Source/list.o
                0x0000000008001964                vListInitialiseItem
 .text.vListInsertEnd
                0x000000000800196a       0x18 Middlewares/Third_Party/FreeRTOS/Source/list.o
                0x000000000800196a                vListInsertEnd
 .text.vListInsert
                0x0000000008001982       0x34 Middlewares/Third_Party/FreeRTOS/Source/list.o
                0x0000000008001982                vListInsert
 .text.uxListRemove
                0x00000000080019b6       0x26 Middlewares/Third_Party/FreeRTOS/Source/list.o
                0x00000000080019b6                uxListRemove
 .text.prvResetNextTaskUnblockTime
                0x00000000080019dc       0x24 Middlewares/Third_Party/FreeRTOS/Source/tasks.o
 .text.prvDeleteTCB
                0x0000000008001a00       0x12 Middlewares/Third_Party/FreeRTOS/Source/tasks.o
 .text.prvInitialiseNewTask
                0x0000000008001a12       0x80 Middlewares/Third_Party/FreeRTOS/Source/tasks.o
 *fill*         0x0000000008001a92        0x2 
 .text.prvInitialiseTaskLists
                0x0000000008001a94       0x58 Middlewares/Third_Party/FreeRTOS/Source/tasks.o
 .text.prvAddNewTaskToReadyList
                0x0000000008001aec       0xac Middlewares/Third_Party/FreeRTOS/Source/tasks.o
 .text.prvAddCurrentTaskToDelayedList
                0x0000000008001b98       0x88 Middlewares/Third_Party/FreeRTOS/Source/tasks.o
 .text.xTaskCreate
                0x0000000008001c20       0x62 Middlewares/Third_Party/FreeRTOS/Source/tasks.o
                0x0000000008001c20                xTaskCreate
 *fill*         0x0000000008001c82        0x2 
 .text.vTaskStartScheduler
                0x0000000008001c84       0x74 Middlewares/Third_Party/FreeRTOS/Source/tasks.o
                0x0000000008001c84                vTaskStartScheduler
 .text.vTaskSuspendAll
                0x0000000008001cf8       0x14 Middlewares/Third_Party/FreeRTOS/Source/tasks.o
                0x0000000008001cf8                vTaskSuspendAll
 .text.xTaskIncrementTick
                0x0000000008001d0c      0x10c Middlewares/Third_Party/FreeRTOS/Source/tasks.o
                0x0000000008001d0c                xTaskIncrementTick
 .text.xTaskResumeAll
                0x0000000008001e18       0xf0 Middlewares/Third_Party/FreeRTOS/Source/tasks.o
                0x0000000008001e18                xTaskResumeAll
 .text.vTaskDelay
                0x0000000008001f08       0x4c Middlewares/Third_Party/FreeRTOS/Source/tasks.o
                0x0000000008001f08                vTaskDelay
 .text.prvCheckTasksWaitingTermination
                0x0000000008001f54       0x54 Middlewares/Third_Party/FreeRTOS/Source/tasks.o
 .text.prvIdleTask
                0x0000000008001fa8       0x28 Middlewares/Third_Party/FreeRTOS/Source/tasks.o
 .text.vTaskSwitchContext
                0x0000000008001fd0       0x90 Middlewares/Third_Party/FreeRTOS/Source/tasks.o
                0x0000000008001fd0                vTaskSwitchContext
 .text.xTaskGetSchedulerState
                0x0000000008002060       0x20 Middlewares/Third_Party/FreeRTOS/Source/tasks.o
                0x0000000008002060                xTaskGetSchedulerState
 .text.prvTaskExitError
                0x0000000008002080       0x34 Middlewares/Third_Party/FreeRTOS/Source/portable/GCC/ARM_CM3/port.o
 .text.prvPortStartFirstTask
                0x00000000080020b4       0x20 Middlewares/Third_Party/FreeRTOS/Source/portable/GCC/ARM_CM3/port.o
 .text.pxPortInitialiseStack
                0x00000000080020d4       0x24 Middlewares/Third_Party/FreeRTOS/Source/portable/GCC/ARM_CM3/port.o
                0x00000000080020d4                pxPortInitialiseStack
 *fill*         0x00000000080020f8        0x8 
 .text.SVC_Handler
                0x0000000008002100       0x24 Middlewares/Third_Party/FreeRTOS/Source/portable/GCC/ARM_CM3/port.o
                0x0000000008002100                SVC_Handler
 .text.vPortEnterCritical
                0x0000000008002124       0x44 Middlewares/Third_Party/FreeRTOS/Source/portable/GCC/ARM_CM3/port.o
                0x0000000008002124                vPortEnterCritical
 .text.vPortExitCritical
                0x0000000008002168       0x2c Middlewares/Third_Party/FreeRTOS/Source/portable/GCC/ARM_CM3/port.o
                0x0000000008002168                vPortExitCritical
 *fill*         0x0000000008002194        0xc 
 .text.PendSV_Handler
                0x00000000080021a0       0x44 Middlewares/Third_Party/FreeRTOS/Source/portable/GCC/ARM_CM3/port.o
                0x00000000080021a0                PendSV_Handler
 .text.xPortSysTickHandler
                0x00000000080021e4       0x2c Middlewares/Third_Party/FreeRTOS/Source/portable/GCC/ARM_CM3/port.o
                0x00000000080021e4                xPortSysTickHandler
 .text.vPortSetupTimerInterrupt
                0x0000000008002210       0x2c Middlewares/Third_Party/FreeRTOS/Source/portable/GCC/ARM_CM3/port.o
                0x0000000008002210                vPortSetupTimerInterrupt
 .text.xPortStartScheduler
                0x000000000800223c       0x90 Middlewares/Third_Party/FreeRTOS/Source/portable/GCC/ARM_CM3/port.o
                0x000000000800223c                xPortStartScheduler
 .text.prvHeapInit
                0x00000000080022cc       0x54 Middlewares/Third_Party/FreeRTOS/Source/portable/MemMang/heap_4.o
 .text.prvInsertBlockIntoFreeList
                0x0000000008002320       0x58 Middlewares/Third_Party/FreeRTOS/Source/portable/MemMang/heap_4.o
 .text.pvPortMalloc
                0x0000000008002378      0x10c Middlewares/Third_Party/FreeRTOS/Source/portable/MemMang/heap_4.o
                0x0000000008002378                pvPortMalloc
 .text.vPortFree
                0x0000000008002484       0x70 Middlewares/Third_Party/FreeRTOS/Source/portable/MemMang/heap_4.o
                0x0000000008002484                vPortFree
 .text.ssd1306_WriteCommand
                0x00000000080024f4       0x28 Middlewares/Third_Party/SSD1306/ssd1306.o
 .text.ssd1306_Fill
                0x000000000800251c       0x20 Middlewares/Third_Party/SSD1306/ssd1306.o
                0x000000000800251c                ssd1306_Fill
 .text.ssd1306_UpdateScreen
                0x000000000800253c       0x50 Middlewares/Third_Party/SSD1306/ssd1306.o
                0x000000000800253c                ssd1306_UpdateScreen
 .text.ssd1306_Init
                0x000000000800258c       0xd4 Middlewares/Third_Party/SSD1306/ssd1306.o
                0x000000000800258c                ssd1306_Init
 .text.ssd1306_DrawPixel
                0x0000000008002660       0x54 Middlewares/Third_Party/SSD1306/ssd1306.o
                0x0000000008002660                ssd1306_DrawPixel
 .text.ssd1306_WriteChar
                0x00000000080026b4       0xb4 Middlewares/Third_Party/SSD1306/ssd1306.o
                0x00000000080026b4                ssd1306_WriteChar
 .text.ssd1306_WriteString
                0x0000000008002768       0x30 Middlewares/Third_Party/SSD1306/ssd1306.o
                0x0000000008002768                ssd1306_WriteString
 .text.ssd1306_SetCursor
                0x0000000008002798       0x10 Middlewares/Third_Party/SSD1306/ssd1306.o
                0x0000000008002798                ssd1306_SetCursor
 .text.vDrawItem
                0x00000000080027a8       0x12 Middlewares/gamesys/gamesys.o
                0x00000000080027a8                vDrawItem
 *fill*         0x00000000080027ba        0x2 
 .text.vInitList
                0x00000000080027bc       0x18 Middlewares/gamesys/gamesys.o
                0x00000000080027bc                vInitList
 .text.vInitSys
                0x00000000080027d4       0x48 Middlewares/gamesys/gamesys.o
                0x00000000080027d4                vInitSys
 .text.vUpdate  0x000000000800281c        0x2 Middlewares/gamesys/gamesys.o
                0x000000000800281c                vUpdate
 *fill*         0x000000000800281e        0x2 
 .text.vDraw    0x0000000008002820       0x20 Middlewares/gamesys/gamesys.o
                0x0000000008002820                vDraw
 .text.draw_sprite
                0x0000000008002840       0x5a Middlewares/gamesys/sprites.o
                0x0000000008002840                draw_sprite
 .text.vTaskUpdate
                0x000000000800289a        0xe Src/main.o
                0x000000000800289a                vTaskUpdate
 .text.vTaskDraw
                0x00000000080028a8       0x18 Src/main.o
                0x00000000080028a8                vTaskDraw
 .text.MX_GPIO_Init
                0x00000000080028c0       0xa4 Src/main.o
 .text.MX_USART2_UART_Init
                0x0000000008002964       0x2c Src/main.o
 .text.MX_I2C1_Init
                0x0000000008002990       0x34 Src/main.o
 .text.StartDefaultTask
                0x00000000080029c4        0xa Src/main.o
                0x00000000080029c4                StartDefaultTask
 *fill*         0x00000000080029ce        0x2 
 .text.vToggleLED
                0x00000000080029d0       0x10 Src/main.o
                0x00000000080029d0                vToggleLED
 .text.vTaskToggleLED
                0x00000000080029e0       0x10 Src/main.o
                0x00000000080029e0                vTaskToggleLED
 .text.SystemClock_Config
                0x00000000080029f0       0x68 Src/main.o
                0x00000000080029f0                SystemClock_Config
 .text.main     0x0000000008002a58       0xc0 Src/main.o
                0x0000000008002a58                main
 .text.HAL_MspInit
                0x0000000008002b18       0x54 Src/stm32l1xx_hal_msp.o
                0x0000000008002b18                HAL_MspInit
 .text.HAL_I2C_MspInit
                0x0000000008002b6c       0x70 Src/stm32l1xx_hal_msp.o
                0x0000000008002b6c                HAL_I2C_MspInit
 .text.HAL_UART_MspInit
                0x0000000008002bdc       0x6c Src/stm32l1xx_hal_msp.o
                0x0000000008002bdc                HAL_UART_MspInit
 .text.NMI_Handler
                0x0000000008002c48        0x2 Src/stm32l1xx_it.o
                0x0000000008002c48                NMI_Handler
 .text.HardFault_Handler
                0x0000000008002c4a        0x2 Src/stm32l1xx_it.o
                0x0000000008002c4a                HardFault_Handler
 .text.MemManage_Handler
                0x0000000008002c4c        0x2 Src/stm32l1xx_it.o
                0x0000000008002c4c                MemManage_Handler
 .text.BusFault_Handler
                0x0000000008002c4e        0x2 Src/stm32l1xx_it.o
                0x0000000008002c4e                BusFault_Handler
 .text.UsageFault_Handler
                0x0000000008002c50        0x2 Src/stm32l1xx_it.o
                0x0000000008002c50                UsageFault_Handler
 .text.DebugMon_Handler
                0x0000000008002c52        0x2 Src/stm32l1xx_it.o
                0x0000000008002c52                DebugMon_Handler
 .text.SysTick_Handler
                0x0000000008002c54        0xc Src/stm32l1xx_it.o
                0x0000000008002c54                SysTick_Handler
 .text.SystemInit
                0x0000000008002c60       0x48 Src/system_stm32l1xx.o
                0x0000000008002c60                SystemInit
 .text.Reset_Handler
                0x0000000008002ca8       0x48 startup/startup_stm32l152xe.o
                0x0000000008002ca8                Reset_Handler
 .text.Default_Handler
                0x0000000008002cf0        0x2 startup/startup_stm32l152xe.o
                0x0000000008002cf0                RTC_Alarm_IRQHandler
                0x0000000008002cf0                EXTI2_IRQHandler
                0x0000000008002cf0                COMP_ACQ_IRQHandler
                0x0000000008002cf0                TIM10_IRQHandler
                0x0000000008002cf0                USB_HP_IRQHandler
                0x0000000008002cf0                TIM6_IRQHandler
                0x0000000008002cf0                PVD_IRQHandler
                0x0000000008002cf0                EXTI3_IRQHandler
                0x0000000008002cf0                EXTI0_IRQHandler
                0x0000000008002cf0                I2C2_EV_IRQHandler
                0x0000000008002cf0                SPI1_IRQHandler
                0x0000000008002cf0                USB_FS_WKUP_IRQHandler
                0x0000000008002cf0                DMA2_Channel2_IRQHandler
                0x0000000008002cf0                DMA1_Channel4_IRQHandler
                0x0000000008002cf0                ADC1_IRQHandler
                0x0000000008002cf0                USART3_IRQHandler
                0x0000000008002cf0                DMA1_Channel7_IRQHandler
                0x0000000008002cf0                LCD_IRQHandler
                0x0000000008002cf0                UART5_IRQHandler
                0x0000000008002cf0                TIM4_IRQHandler
                0x0000000008002cf0                DMA2_Channel1_IRQHandler
                0x0000000008002cf0                I2C1_EV_IRQHandler
                0x0000000008002cf0                DMA1_Channel6_IRQHandler
                0x0000000008002cf0                UART4_IRQHandler
                0x0000000008002cf0                DMA2_Channel4_IRQHandler
                0x0000000008002cf0                TIM3_IRQHandler
                0x0000000008002cf0                RCC_IRQHandler
                0x0000000008002cf0                DMA1_Channel1_IRQHandler
                0x0000000008002cf0                Default_Handler
                0x0000000008002cf0                EXTI15_10_IRQHandler
                0x0000000008002cf0                TIM7_IRQHandler
                0x0000000008002cf0                TIM5_IRQHandler
                0x0000000008002cf0                EXTI9_5_IRQHandler
                0x0000000008002cf0                TIM9_IRQHandler
                0x0000000008002cf0                TAMPER_STAMP_IRQHandler
                0x0000000008002cf0                RTC_WKUP_IRQHandler
                0x0000000008002cf0                SPI2_IRQHandler
                0x0000000008002cf0                DMA2_Channel5_IRQHandler
                0x0000000008002cf0                DMA1_Channel5_IRQHandler
                0x0000000008002cf0                USB_LP_IRQHandler
                0x0000000008002cf0                EXTI4_IRQHandler
                0x0000000008002cf0                DMA1_Channel3_IRQHandler
                0x0000000008002cf0                COMP_IRQHandler
                0x0000000008002cf0                WWDG_IRQHandler
                0x0000000008002cf0                TIM2_IRQHandler
                0x0000000008002cf0                DAC_IRQHandler
                0x0000000008002cf0                EXTI1_IRQHandler
                0x0000000008002cf0                TIM11_IRQHandler
                0x0000000008002cf0                USART2_IRQHandler
                0x0000000008002cf0                I2C2_ER_IRQHandler
                0x0000000008002cf0                DMA1_Channel2_IRQHandler
                0x0000000008002cf0                FLASH_IRQHandler
                0x0000000008002cf0                USART1_IRQHandler
                0x0000000008002cf0                SPI3_IRQHandler
                0x0000000008002cf0                I2C1_ER_IRQHandler
                0x0000000008002cf0                DMA2_Channel3_IRQHandler
 *fill*         0x0000000008002cf2        0x2 
 .text.__libc_init_array
                0x0000000008002cf4       0x48 /home/gecko/Ac6/SystemWorkbench/plugins/fr.ac6.mcu.externaltools.arm-none.linux64_1.16.0.201807130628/tools/compiler/bin/../lib/gcc/arm-none-eabi/7.2.1/../../../../arm-none-eabi/lib/thumb/v7-m/libc_nano.a(lib_a-init.o)
                0x0000000008002cf4                __libc_init_array
 .text.malloc   0x0000000008002d3c       0x10 /home/gecko/Ac6/SystemWorkbench/plugins/fr.ac6.mcu.externaltools.arm-none.linux64_1.16.0.201807130628/tools/compiler/bin/../lib/gcc/arm-none-eabi/7.2.1/../../../../arm-none-eabi/lib/thumb/v7-m/libc_nano.a(lib_a-malloc.o)
                0x0000000008002d3c                malloc
 .text.memset   0x0000000008002d4c       0x10 /home/gecko/Ac6/SystemWorkbench/plugins/fr.ac6.mcu.externaltools.arm-none.linux64_1.16.0.201807130628/tools/compiler/bin/../lib/gcc/arm-none-eabi/7.2.1/../../../../arm-none-eabi/lib/thumb/v7-m/libc_nano.a(lib_a-memset.o)
                0x0000000008002d4c                memset
 .text._malloc_r
                0x0000000008002d5c       0xb4 /home/gecko/Ac6/SystemWorkbench/plugins/fr.ac6.mcu.externaltools.arm-none.linux64_1.16.0.201807130628/tools/compiler/bin/../lib/gcc/arm-none-eabi/7.2.1/../../../../arm-none-eabi/lib/thumb/v7-m/libc_nano.a(lib_a-nano-mallocr.o)
                0x0000000008002d5c                _malloc_r
 .text._sbrk_r  0x0000000008002e10       0x20 /home/gecko/Ac6/SystemWorkbench/plugins/fr.ac6.mcu.externaltools.arm-none.linux64_1.16.0.201807130628/tools/compiler/bin/../lib/gcc/arm-none-eabi/7.2.1/../../../../arm-none-eabi/lib/thumb/v7-m/libc_nano.a(lib_a-sbrkr.o)
                0x0000000008002e10                _sbrk_r
 .text.__malloc_lock
                0x0000000008002e30        0x2 /home/gecko/Ac6/SystemWorkbench/plugins/fr.ac6.mcu.externaltools.arm-none.linux64_1.16.0.201807130628/tools/compiler/bin/../lib/gcc/arm-none-eabi/7.2.1/../../../../arm-none-eabi/lib/thumb/v7-m/libc_nano.a(lib_a-mlock.o)
                0x0000000008002e30                __malloc_lock
 .text.__malloc_unlock
                0x0000000008002e32        0x2 /home/gecko/Ac6/SystemWorkbench/plugins/fr.ac6.mcu.externaltools.arm-none.linux64_1.16.0.201807130628/tools/compiler/bin/../lib/gcc/arm-none-eabi/7.2.1/../../../../arm-none-eabi/lib/thumb/v7-m/libc_nano.a(lib_a-mlock.o)
                0x0000000008002e32                __malloc_unlock
 .text._sbrk    0x0000000008002e34       0x1c /home/gecko/Ac6/SystemWorkbench/plugins/fr.ac6.mcu.externaltools.arm-none.linux64_1.16.0.201807130628/tools/compiler/bin/../lib/gcc/arm-none-eabi/7.2.1/../../../../arm-none-eabi/lib/thumb/v7-m/libnosys.a(sbrk.o)
                0x0000000008002e34                _sbrk
 *(.glue_7)
 .glue_7        0x0000000008002e50        0x0 linker stubs
 *(.glue_7t)
 .glue_7t       0x0000000008002e50        0x0 linker stubs
 *(.eh_frame)
 .eh_frame      0x0000000008002e50        0x0 /home/gecko/Ac6/SystemWorkbench/plugins/fr.ac6.mcu.externaltools.arm-none.linux64_1.16.0.201807130628/tools/compiler/bin/../lib/gcc/arm-none-eabi/7.2.1/thumb/v7-m/crtbegin.o
 *(.init)
 .init          0x0000000008002e50        0x4 /home/gecko/Ac6/SystemWorkbench/plugins/fr.ac6.mcu.externaltools.arm-none.linux64_1.16.0.201807130628/tools/compiler/bin/../lib/gcc/arm-none-eabi/7.2.1/thumb/v7-m/crti.o
                0x0000000008002e50                _init
 .init          0x0000000008002e54        0x8 /home/gecko/Ac6/SystemWorkbench/plugins/fr.ac6.mcu.externaltools.arm-none.linux64_1.16.0.201807130628/tools/compiler/bin/../lib/gcc/arm-none-eabi/7.2.1/thumb/v7-m/crtn.o
 *(.fini)
 .fini          0x0000000008002e5c        0x4 /home/gecko/Ac6/SystemWorkbench/plugins/fr.ac6.mcu.externaltools.arm-none.linux64_1.16.0.201807130628/tools/compiler/bin/../lib/gcc/arm-none-eabi/7.2.1/thumb/v7-m/crti.o
                0x0000000008002e5c                _fini
 .fini          0x0000000008002e60        0x8 /home/gecko/Ac6/SystemWorkbench/plugins/fr.ac6.mcu.externaltools.arm-none.linux64_1.16.0.201807130628/tools/compiler/bin/../lib/gcc/arm-none-eabi/7.2.1/thumb/v7-m/crtn.o
                0x0000000008002e68                . = ALIGN (0x4)
                0x0000000008002e68                _etext = .

.vfp11_veneer   0x0000000008002e68        0x0
 .vfp11_veneer  0x0000000008002e68        0x0 linker stubs

.v4_bx          0x0000000008002e68        0x0
 .v4_bx         0x0000000008002e68        0x0 linker stubs

.iplt           0x0000000008002e68        0x0
 .iplt          0x0000000008002e68        0x0 /home/gecko/Ac6/SystemWorkbench/plugins/fr.ac6.mcu.externaltools.arm-none.linux64_1.16.0.201807130628/tools/compiler/bin/../lib/gcc/arm-none-eabi/7.2.1/thumb/v7-m/crtbegin.o

.rodata         0x0000000008002e68     0x28a0
                0x0000000008002e68                . = ALIGN (0x4)
 *(.rodata)
 .rodata        0x0000000008002e68     0x2814 Middlewares/Third_Party/SSD1306/fonts.o
 .rodata        0x000000000800567c       0x28 Middlewares/gamesys/sprites.o
                0x000000000800567c                playerBarSprite
 .rodata        0x00000000080056a4       0x14 Src/main.o
 .rodata        0x00000000080056b8       0x24 Src/system_stm32l1xx.o
                0x00000000080056b8                PLLMulTable
                0x00000000080056c4                AHBPrescTable
                0x00000000080056d4                APBPrescTable
 *(.rodata*)
 .rodata.str1.4
                0x00000000080056dc        0x5 Middlewares/Third_Party/FreeRTOS/Source/tasks.o
 *fill*         0x00000000080056e1        0x3 
 .rodata.str1.4
                0x00000000080056e4       0x24 Src/main.o
                0x0000000008005708                . = ALIGN (0x4)

.rel.dyn        0x0000000008005708        0x0
 .rel.iplt      0x0000000008005708        0x0 /home/gecko/Ac6/SystemWorkbench/plugins/fr.ac6.mcu.externaltools.arm-none.linux64_1.16.0.201807130628/tools/compiler/bin/../lib/gcc/arm-none-eabi/7.2.1/thumb/v7-m/crtbegin.o

.ARM.extab
 *(.ARM.extab* .gnu.linkonce.armextab.*)

.ARM            0x0000000008005708        0x0
                0x0000000008005708                __exidx_start = .
 *(.ARM.exidx*)
                0x0000000008005708                __exidx_end = .

.preinit_array  0x0000000008005708        0x0
                0x0000000008005708                PROVIDE (__preinit_array_start, .)
 *(.preinit_array*)
                0x0000000008005708                PROVIDE (__preinit_array_end, .)

.init_array     0x0000000008005708        0x4
                0x0000000008005708                PROVIDE (__init_array_start, .)
 *(SORT_BY_NAME(.init_array.*))
 *(.init_array*)
 .init_array    0x0000000008005708        0x4 /home/gecko/Ac6/SystemWorkbench/plugins/fr.ac6.mcu.externaltools.arm-none.linux64_1.16.0.201807130628/tools/compiler/bin/../lib/gcc/arm-none-eabi/7.2.1/thumb/v7-m/crtbegin.o
                0x000000000800570c                PROVIDE (__init_array_end, .)

.fini_array     0x000000000800570c        0x4
                [!provide]                        PROVIDE (__fini_array_start, .)
 *(SORT_BY_NAME(.fini_array.*))
 *(.fini_array*)
 .fini_array    0x000000000800570c        0x4 /home/gecko/Ac6/SystemWorkbench/plugins/fr.ac6.mcu.externaltools.arm-none.linux64_1.16.0.201807130628/tools/compiler/bin/../lib/gcc/arm-none-eabi/7.2.1/thumb/v7-m/crtbegin.o
                [!provide]                        PROVIDE (__fini_array_end, .)
                0x0000000008005710                _sidata = LOADADDR (.data)

.data           0x0000000020000000       0x84 load address 0x0000000008005710
                0x0000000020000000                . = ALIGN (0x4)
                0x0000000020000000                _sdata = .
 *(.data)
 .data          0x0000000020000000        0x4 Middlewares/Third_Party/FreeRTOS/Source/portable/GCC/ARM_CM3/port.o
 .data          0x0000000020000004       0x18 Middlewares/Third_Party/SSD1306/fonts.o
                0x0000000020000004                Font_16x26
                0x000000002000000c                Font_11x18
                0x0000000020000014                Font_7x10
 .data          0x000000002000001c        0x4 Src/system_stm32l1xx.o
                0x000000002000001c                SystemCoreClock
 *(.data*)
 .data._impure_ptr
                0x0000000020000020        0x4 /home/gecko/Ac6/SystemWorkbench/plugins/fr.ac6.mcu.externaltools.arm-none.linux64_1.16.0.201807130628/tools/compiler/bin/../lib/gcc/arm-none-eabi/7.2.1/../../../../arm-none-eabi/lib/thumb/v7-m/libc_nano.a(lib_a-impure.o)
                0x0000000020000020                _impure_ptr
 .data.impure_data
                0x0000000020000024       0x60 /home/gecko/Ac6/SystemWorkbench/plugins/fr.ac6.mcu.externaltools.arm-none.linux64_1.16.0.201807130628/tools/compiler/bin/../lib/gcc/arm-none-eabi/7.2.1/../../../../arm-none-eabi/lib/thumb/v7-m/libc_nano.a(lib_a-impure.o)
                0x0000000020000084                . = ALIGN (0x4)
                0x0000000020000084                _edata = .

.igot.plt       0x0000000020000084        0x0 load address 0x0000000008005794
 .igot.plt      0x0000000020000084        0x0 /home/gecko/Ac6/SystemWorkbench/plugins/fr.ac6.mcu.externaltools.arm-none.linux64_1.16.0.201807130628/tools/compiler/bin/../lib/gcc/arm-none-eabi/7.2.1/thumb/v7-m/crtbegin.o
                0x0000000020000084                . = ALIGN (0x4)

.bss            0x0000000020000084     0x1228 load address 0x0000000008005794
                0x0000000020000084                _sbss = .
                0x0000000020000084                __bss_start__ = _sbss
 *(.bss)
 .bss           0x0000000020000084       0x1c /home/gecko/Ac6/SystemWorkbench/plugins/fr.ac6.mcu.externaltools.arm-none.linux64_1.16.0.201807130628/tools/compiler/bin/../lib/gcc/arm-none-eabi/7.2.1/thumb/v7-m/crtbegin.o
 .bss           0x00000000200000a0      0x12c Middlewares/Third_Party/FreeRTOS/Source/tasks.o
                0x00000000200001a0                pxCurrentTCB
 .bss           0x00000000200001cc        0x8 Middlewares/Third_Party/FreeRTOS/Source/portable/GCC/ARM_CM3/port.o
 .bss           0x00000000200001d4      0xc18 Middlewares/Third_Party/FreeRTOS/Source/portable/MemMang/heap_4.o
 .bss           0x0000000020000dec      0x406 Middlewares/Third_Party/SSD1306/ssd1306.o
 *(.bss*)
 *fill*         0x00000000200011f2        0x2 
 .bss.__malloc_free_list
                0x00000000200011f4        0x4 /home/gecko/Ac6/SystemWorkbench/plugins/fr.ac6.mcu.externaltools.arm-none.linux64_1.16.0.201807130628/tools/compiler/bin/../lib/gcc/arm-none-eabi/7.2.1/../../../../arm-none-eabi/lib/thumb/v7-m/libc_nano.a(lib_a-nano-mallocr.o)
                0x00000000200011f4                __malloc_free_list
 .bss.__malloc_sbrk_start
                0x00000000200011f8        0x4 /home/gecko/Ac6/SystemWorkbench/plugins/fr.ac6.mcu.externaltools.arm-none.linux64_1.16.0.201807130628/tools/compiler/bin/../lib/gcc/arm-none-eabi/7.2.1/../../../../arm-none-eabi/lib/thumb/v7-m/libc_nano.a(lib_a-nano-mallocr.o)
                0x00000000200011f8                __malloc_sbrk_start
 .bss.heap_end.4102
                0x00000000200011fc        0x4 /home/gecko/Ac6/SystemWorkbench/plugins/fr.ac6.mcu.externaltools.arm-none.linux64_1.16.0.201807130628/tools/compiler/bin/../lib/gcc/arm-none-eabi/7.2.1/../../../../arm-none-eabi/lib/thumb/v7-m/libnosys.a(sbrk.o)
 *(COMMON)
 COMMON         0x0000000020001200        0x4 Drivers/STM32L1xx_HAL_Driver/Src/stm32l1xx_hal.o
                0x0000000020001200                uwTick
 COMMON         0x0000000020001204        0x4 Middlewares/gamesys/gamesys.o
                0x0000000020001204                lHead
 COMMON         0x0000000020001208        0x8 Middlewares/gamesys/sprites.o
                0x0000000020001208                playerBar
 COMMON         0x0000000020001210       0x98 Src/main.o
                0x0000000020001210                defaultTaskHandle
                0x0000000020001214                hi2c1
                0x0000000020001268                huart2
 COMMON         0x00000000200012a8        0x4 /home/gecko/Ac6/SystemWorkbench/plugins/fr.ac6.mcu.externaltools.arm-none.linux64_1.16.0.201807130628/tools/compiler/bin/../lib/gcc/arm-none-eabi/7.2.1/../../../../arm-none-eabi/lib/thumb/v7-m/libc_nano.a(lib_a-reent.o)
                0x00000000200012a8                errno
                0x00000000200012ac                . = ALIGN (0x4)
                0x00000000200012ac                _ebss = .
                0x00000000200012ac                __bss_end__ = _ebss

._user_heap_stack
                0x00000000200012ac      0x604 load address 0x0000000008005794
                0x00000000200012b0                . = ALIGN (0x8)
 *fill*         0x00000000200012ac        0x4 
                0x00000000200012b0                PROVIDE (end, .)
                [!provide]                        PROVIDE (_end, .)
                0x00000000200014b0                . = (. + _Min_Heap_Size)
 *fill*         0x00000000200012b0      0x200 
                0x00000000200018b0                . = (. + _Min_Stack_Size)
 *fill*         0x00000000200014b0      0x400 
                0x00000000200018b0                . = ALIGN (0x8)

/DISCARD/
 libc.a(*)
 libm.a(*)
 libgcc.a(*)

.ARM.attributes
                0x0000000000000000       0x29
 *(.ARM.attributes)
 .ARM.attributes
                0x0000000000000000       0x1d /home/gecko/Ac6/SystemWorkbench/plugins/fr.ac6.mcu.externaltools.arm-none.linux64_1.16.0.201807130628/tools/compiler/bin/../lib/gcc/arm-none-eabi/7.2.1/thumb/v7-m/crti.o
 .ARM.attributes
                0x000000000000001d       0x2d /home/gecko/Ac6/SystemWorkbench/plugins/fr.ac6.mcu.externaltools.arm-none.linux64_1.16.0.201807130628/tools/compiler/bin/../lib/gcc/arm-none-eabi/7.2.1/thumb/v7-m/crtbegin.o
 .ARM.attributes
                0x000000000000004a       0x33 Drivers/STM32L1xx_HAL_Driver/Src/stm32l1xx_hal.o
 .ARM.attributes
                0x000000000000007d       0x33 Drivers/STM32L1xx_HAL_Driver/Src/stm32l1xx_hal_cortex.o
 .ARM.attributes
                0x00000000000000b0       0x33 Drivers/STM32L1xx_HAL_Driver/Src/stm32l1xx_hal_gpio.o
 .ARM.attributes
                0x00000000000000e3       0x33 Drivers/STM32L1xx_HAL_Driver/Src/stm32l1xx_hal_i2c.o
 .ARM.attributes
                0x0000000000000116       0x33 Drivers/STM32L1xx_HAL_Driver/Src/stm32l1xx_hal_rcc.o
 .ARM.attributes
                0x0000000000000149       0x33 Drivers/STM32L1xx_HAL_Driver/Src/stm32l1xx_hal_uart.o
 .ARM.attributes
                0x000000000000017c       0x33 Middlewares/Third_Party/FreeRTOS/Source/CMSIS_RTOS/cmsis_os.o
 .ARM.attributes
                0x00000000000001af       0x33 Middlewares/Third_Party/FreeRTOS/Source/list.o
 .ARM.attributes
                0x00000000000001e2       0x33 Middlewares/Third_Party/FreeRTOS/Source/tasks.o
 .ARM.attributes
                0x0000000000000215       0x33 Middlewares/Third_Party/FreeRTOS/Source/portable/GCC/ARM_CM3/port.o
 .ARM.attributes
                0x0000000000000248       0x33 Middlewares/Third_Party/FreeRTOS/Source/portable/MemMang/heap_4.o
 .ARM.attributes
                0x000000000000027b       0x33 Middlewares/Third_Party/SSD1306/fonts.o
 .ARM.attributes
                0x00000000000002ae       0x33 Middlewares/Third_Party/SSD1306/ssd1306.o
 .ARM.attributes
                0x00000000000002e1       0x33 Middlewares/gamesys/gamesys.o
 .ARM.attributes
                0x0000000000000314       0x33 Middlewares/gamesys/sprites.o
 .ARM.attributes
                0x0000000000000347       0x33 Src/main.o
 .ARM.attributes
                0x000000000000037a       0x33 Src/stm32l1xx_hal_msp.o
 .ARM.attributes
                0x00000000000003ad       0x33 Src/stm32l1xx_it.o
 .ARM.attributes
                0x00000000000003e0       0x33 Src/system_stm32l1xx.o
 .ARM.attributes
                0x0000000000000413       0x21 startup/startup_stm32l152xe.o
 .ARM.attributes
                0x0000000000000434       0x2d /home/gecko/Ac6/SystemWorkbench/plugins/fr.ac6.mcu.externaltools.arm-none.linux64_1.16.0.201807130628/tools/compiler/bin/../lib/gcc/arm-none-eabi/7.2.1/../../../../arm-none-eabi/lib/thumb/v7-m/libc_nano.a(lib_a-impure.o)
 .ARM.attributes
                0x0000000000000461       0x2d /home/gecko/Ac6/SystemWorkbench/plugins/fr.ac6.mcu.externaltools.arm-none.linux64_1.16.0.201807130628/tools/compiler/bin/../lib/gcc/arm-none-eabi/7.2.1/../../../../arm-none-eabi/lib/thumb/v7-m/libc_nano.a(lib_a-init.o)
 .ARM.attributes
                0x000000000000048e       0x2d /home/gecko/Ac6/SystemWorkbench/plugins/fr.ac6.mcu.externaltools.arm-none.linux64_1.16.0.201807130628/tools/compiler/bin/../lib/gcc/arm-none-eabi/7.2.1/../../../../arm-none-eabi/lib/thumb/v7-m/libc_nano.a(lib_a-malloc.o)
 .ARM.attributes
                0x00000000000004bb       0x2d /home/gecko/Ac6/SystemWorkbench/plugins/fr.ac6.mcu.externaltools.arm-none.linux64_1.16.0.201807130628/tools/compiler/bin/../lib/gcc/arm-none-eabi/7.2.1/../../../../arm-none-eabi/lib/thumb/v7-m/libc_nano.a(lib_a-memset.o)
 .ARM.attributes
                0x00000000000004e8       0x2d /home/gecko/Ac6/SystemWorkbench/plugins/fr.ac6.mcu.externaltools.arm-none.linux64_1.16.0.201807130628/tools/compiler/bin/../lib/gcc/arm-none-eabi/7.2.1/../../../../arm-none-eabi/lib/thumb/v7-m/libc_nano.a(lib_a-nano-mallocr.o)
 .ARM.attributes
                0x0000000000000515       0x2d /home/gecko/Ac6/SystemWorkbench/plugins/fr.ac6.mcu.externaltools.arm-none.linux64_1.16.0.201807130628/tools/compiler/bin/../lib/gcc/arm-none-eabi/7.2.1/../../../../arm-none-eabi/lib/thumb/v7-m/libc_nano.a(lib_a-sbrkr.o)
 .ARM.attributes
                0x0000000000000542       0x2d /home/gecko/Ac6/SystemWorkbench/plugins/fr.ac6.mcu.externaltools.arm-none.linux64_1.16.0.201807130628/tools/compiler/bin/../lib/gcc/arm-none-eabi/7.2.1/../../../../arm-none-eabi/lib/thumb/v7-m/libc_nano.a(lib_a-mlock.o)
 .ARM.attributes
                0x000000000000056f       0x2d /home/gecko/Ac6/SystemWorkbench/plugins/fr.ac6.mcu.externaltools.arm-none.linux64_1.16.0.201807130628/tools/compiler/bin/../lib/gcc/arm-none-eabi/7.2.1/../../../../arm-none-eabi/lib/thumb/v7-m/libc_nano.a(lib_a-reent.o)
 .ARM.attributes
                0x000000000000059c       0x2d /home/gecko/Ac6/SystemWorkbench/plugins/fr.ac6.mcu.externaltools.arm-none.linux64_1.16.0.201807130628/tools/compiler/bin/../lib/gcc/arm-none-eabi/7.2.1/../../../../arm-none-eabi/lib/thumb/v7-m/libnosys.a(sbrk.o)
 .ARM.attributes
                0x00000000000005c9       0x1d /home/gecko/Ac6/SystemWorkbench/plugins/fr.ac6.mcu.externaltools.arm-none.linux64_1.16.0.201807130628/tools/compiler/bin/../lib/gcc/arm-none-eabi/7.2.1/thumb/v7-m/crtn.o
OUTPUT(NucleoSquashy.elf elf32-littlearm)

.debug_info     0x0000000000000000    0x19257
 .debug_info    0x0000000000000000      0xed6 Drivers/STM32L1xx_HAL_Driver/Src/stm32l1xx_hal.o
 .debug_info    0x0000000000000ed6     0x16e4 Drivers/STM32L1xx_HAL_Driver/Src/stm32l1xx_hal_cortex.o
 .debug_info    0x00000000000025ba      0xea7 Drivers/STM32L1xx_HAL_Driver/Src/stm32l1xx_hal_gpio.o
 .debug_info    0x0000000000003461     0x359c Drivers/STM32L1xx_HAL_Driver/Src/stm32l1xx_hal_i2c.o
 .debug_info    0x00000000000069fd     0x1edd Drivers/STM32L1xx_HAL_Driver/Src/stm32l1xx_hal_rcc.o
 .debug_info    0x00000000000088da     0x1a29 Drivers/STM32L1xx_HAL_Driver/Src/stm32l1xx_hal_uart.o
 .debug_info    0x000000000000a303     0x231e Middlewares/Third_Party/FreeRTOS/Source/CMSIS_RTOS/cmsis_os.o
 .debug_info    0x000000000000c621      0xacd Middlewares/Third_Party/FreeRTOS/Source/list.o
 .debug_info    0x000000000000d0ee     0x2915 Middlewares/Third_Party/FreeRTOS/Source/tasks.o
 .debug_info    0x000000000000fa03      0x4cb Middlewares/Third_Party/FreeRTOS/Source/portable/GCC/ARM_CM3/port.o
 .debug_info    0x000000000000fece      0xc71 Middlewares/Third_Party/FreeRTOS/Source/portable/MemMang/heap_4.o
 .debug_info    0x0000000000010b3f      0xa6d Middlewares/Third_Party/SSD1306/fonts.o
 .debug_info    0x00000000000115ac     0x1412 Middlewares/Third_Party/SSD1306/ssd1306.o
 .debug_info    0x00000000000129be     0x10a1 Middlewares/gamesys/gamesys.o
 .debug_info    0x0000000000013a5f     0x108c Middlewares/gamesys/sprites.o
 .debug_info    0x0000000000014aeb     0x1b5f Src/main.o
 .debug_info    0x000000000001664a     0x1573 Src/stm32l1xx_hal_msp.o
 .debug_info    0x0000000000017bbd      0xa02 Src/stm32l1xx_it.o
 .debug_info    0x00000000000185bf      0xc76 Src/system_stm32l1xx.o
 .debug_info    0x0000000000019235       0x22 startup/startup_stm32l152xe.o

.debug_abbrev   0x0000000000000000     0x341c
 .debug_abbrev  0x0000000000000000      0x2c9 Drivers/STM32L1xx_HAL_Driver/Src/stm32l1xx_hal.o
 .debug_abbrev  0x00000000000002c9      0x3ba Drivers/STM32L1xx_HAL_Driver/Src/stm32l1xx_hal_cortex.o
 .debug_abbrev  0x0000000000000683      0x2a7 Drivers/STM32L1xx_HAL_Driver/Src/stm32l1xx_hal_gpio.o
 .debug_abbrev  0x000000000000092a      0x2ea Drivers/STM32L1xx_HAL_Driver/Src/stm32l1xx_hal_i2c.o
 .debug_abbrev  0x0000000000000c14      0x352 Drivers/STM32L1xx_HAL_Driver/Src/stm32l1xx_hal_rcc.o
 .debug_abbrev  0x0000000000000f66      0x2fd Drivers/STM32L1xx_HAL_Driver/Src/stm32l1xx_hal_uart.o
 .debug_abbrev  0x0000000000001263      0x3d4 Middlewares/Third_Party/FreeRTOS/Source/CMSIS_RTOS/cmsis_os.o
 .debug_abbrev  0x0000000000001637      0x21c Middlewares/Third_Party/FreeRTOS/Source/list.o
 .debug_abbrev  0x0000000000001853      0x3cf Middlewares/Third_Party/FreeRTOS/Source/tasks.o
 .debug_abbrev  0x0000000000001c22      0x24e Middlewares/Third_Party/FreeRTOS/Source/portable/GCC/ARM_CM3/port.o
 .debug_abbrev  0x0000000000001e70      0x318 Middlewares/Third_Party/FreeRTOS/Source/portable/MemMang/heap_4.o
 .debug_abbrev  0x0000000000002188      0x1ba Middlewares/Third_Party/SSD1306/fonts.o
 .debug_abbrev  0x0000000000002342      0x2b3 Middlewares/Third_Party/SSD1306/ssd1306.o
 .debug_abbrev  0x00000000000025f5      0x268 Middlewares/gamesys/gamesys.o
 .debug_abbrev  0x000000000000285d      0x260 Middlewares/gamesys/sprites.o
 .debug_abbrev  0x0000000000002abd      0x32b Src/main.o
 .debug_abbrev  0x0000000000002de8      0x236 Src/stm32l1xx_hal_msp.o
 .debug_abbrev  0x000000000000301e      0x1e7 Src/stm32l1xx_it.o
 .debug_abbrev  0x0000000000003205      0x205 Src/system_stm32l1xx.o
 .debug_abbrev  0x000000000000340a       0x12 startup/startup_stm32l152xe.o

.debug_loc      0x0000000000000000     0x7c68
 .debug_loc     0x0000000000000000       0x6a Drivers/STM32L1xx_HAL_Driver/Src/stm32l1xx_hal.o
 .debug_loc     0x000000000000006a      0x5ce Drivers/STM32L1xx_HAL_Driver/Src/stm32l1xx_hal_cortex.o
 .debug_loc     0x0000000000000638      0x38d Drivers/STM32L1xx_HAL_Driver/Src/stm32l1xx_hal_gpio.o
 .debug_loc     0x00000000000009c5     0x2988 Drivers/STM32L1xx_HAL_Driver/Src/stm32l1xx_hal_i2c.o
 .debug_loc     0x000000000000334d      0xb22 Drivers/STM32L1xx_HAL_Driver/Src/stm32l1xx_hal_rcc.o
 .debug_loc     0x0000000000003e6f     0x1268 Drivers/STM32L1xx_HAL_Driver/Src/stm32l1xx_hal_uart.o
 .debug_loc     0x00000000000050d7      0xee1 Middlewares/Third_Party/FreeRTOS/Source/CMSIS_RTOS/cmsis_os.o
 .debug_loc     0x0000000000005fb8       0x70 Middlewares/Third_Party/FreeRTOS/Source/list.o
 .debug_loc     0x0000000000006028     0x11ef Middlewares/Third_Party/FreeRTOS/Source/tasks.o
 .debug_loc     0x0000000000007217       0xce Middlewares/Third_Party/FreeRTOS/Source/portable/GCC/ARM_CM3/port.o
 .debug_loc     0x00000000000072e5      0x291 Middlewares/Third_Party/FreeRTOS/Source/portable/MemMang/heap_4.o
 .debug_loc     0x0000000000007576      0x23b Middlewares/Third_Party/SSD1306/ssd1306.o
 .debug_loc     0x00000000000077b1       0x5e Middlewares/gamesys/gamesys.o
 .debug_loc     0x000000000000780f      0x15e Middlewares/gamesys/sprites.o
 .debug_loc     0x000000000000796d       0x84 Src/main.o
 .debug_loc     0x00000000000079f1       0xe8 Src/stm32l1xx_hal_msp.o
 .debug_loc     0x0000000000007ad9      0x18f Src/system_stm32l1xx.o

.debug_aranges  0x0000000000000000      0xc90
 .debug_aranges
                0x0000000000000000       0xb0 Drivers/STM32L1xx_HAL_Driver/Src/stm32l1xx_hal.o
 .debug_aranges
                0x00000000000000b0       0xa8 Drivers/STM32L1xx_HAL_Driver/Src/stm32l1xx_hal_cortex.o
 .debug_aranges
                0x0000000000000158       0x58 Drivers/STM32L1xx_HAL_Driver/Src/stm32l1xx_hal_gpio.o
 .debug_aranges
                0x00000000000001b0      0x268 Drivers/STM32L1xx_HAL_Driver/Src/stm32l1xx_hal_i2c.o
 .debug_aranges
                0x0000000000000418       0x90 Drivers/STM32L1xx_HAL_Driver/Src/stm32l1xx_hal_rcc.o
 .debug_aranges
                0x00000000000004a8      0x150 Drivers/STM32L1xx_HAL_Driver/Src/stm32l1xx_hal_uart.o
 .debug_aranges
                0x00000000000005f8      0x1d8 Middlewares/Third_Party/FreeRTOS/Source/CMSIS_RTOS/cmsis_os.o
 .debug_aranges
                0x00000000000007d0       0x40 Middlewares/Third_Party/FreeRTOS/Source/list.o
 .debug_aranges
                0x0000000000000810      0x190 Middlewares/Third_Party/FreeRTOS/Source/tasks.o
 .debug_aranges
                0x00000000000009a0       0x78 Middlewares/Third_Party/FreeRTOS/Source/portable/GCC/ARM_CM3/port.o
 .debug_aranges
                0x0000000000000a18       0x50 Middlewares/Third_Party/FreeRTOS/Source/portable/MemMang/heap_4.o
 .debug_aranges
                0x0000000000000a68       0x18 Middlewares/Third_Party/SSD1306/fonts.o
 .debug_aranges
                0x0000000000000a80       0x58 Middlewares/Third_Party/SSD1306/ssd1306.o
 .debug_aranges
                0x0000000000000ad8       0x40 Middlewares/gamesys/gamesys.o
 .debug_aranges
                0x0000000000000b18       0x28 Middlewares/gamesys/sprites.o
 .debug_aranges
                0x0000000000000b40       0x70 Src/main.o
 .debug_aranges
                0x0000000000000bb0       0x40 Src/stm32l1xx_hal_msp.o
 .debug_aranges
                0x0000000000000bf0       0x50 Src/stm32l1xx_it.o
 .debug_aranges
                0x0000000000000c40       0x28 Src/system_stm32l1xx.o
 .debug_aranges
                0x0000000000000c68       0x28 startup/startup_stm32l152xe.o

.debug_ranges   0x0000000000000000      0xc80
 .debug_ranges  0x0000000000000000       0xa0 Drivers/STM32L1xx_HAL_Driver/Src/stm32l1xx_hal.o
 .debug_ranges  0x00000000000000a0       0xf8 Drivers/STM32L1xx_HAL_Driver/Src/stm32l1xx_hal_cortex.o
 .debug_ranges  0x0000000000000198       0x48 Drivers/STM32L1xx_HAL_Driver/Src/stm32l1xx_hal_gpio.o
 .debug_ranges  0x00000000000001e0      0x258 Drivers/STM32L1xx_HAL_Driver/Src/stm32l1xx_hal_i2c.o
 .debug_ranges  0x0000000000000438       0x98 Drivers/STM32L1xx_HAL_Driver/Src/stm32l1xx_hal_rcc.o
 .debug_ranges  0x00000000000004d0      0x140 Drivers/STM32L1xx_HAL_Driver/Src/stm32l1xx_hal_uart.o
 .debug_ranges  0x0000000000000610      0x1c8 Middlewares/Third_Party/FreeRTOS/Source/CMSIS_RTOS/cmsis_os.o
 .debug_ranges  0x00000000000007d8       0x30 Middlewares/Third_Party/FreeRTOS/Source/list.o
 .debug_ranges  0x0000000000000808      0x1f0 Middlewares/Third_Party/FreeRTOS/Source/tasks.o
 .debug_ranges  0x00000000000009f8       0x68 Middlewares/Third_Party/FreeRTOS/Source/portable/GCC/ARM_CM3/port.o
 .debug_ranges  0x0000000000000a60       0x40 Middlewares/Third_Party/FreeRTOS/Source/portable/MemMang/heap_4.o
 .debug_ranges  0x0000000000000aa0       0x48 Middlewares/Third_Party/SSD1306/ssd1306.o
 .debug_ranges  0x0000000000000ae8       0x30 Middlewares/gamesys/gamesys.o
 .debug_ranges  0x0000000000000b18       0x60 Middlewares/gamesys/sprites.o
 .debug_ranges  0x0000000000000b78       0x60 Src/main.o
 .debug_ranges  0x0000000000000bd8       0x30 Src/stm32l1xx_hal_msp.o
 .debug_ranges  0x0000000000000c08       0x40 Src/stm32l1xx_it.o
 .debug_ranges  0x0000000000000c48       0x18 Src/system_stm32l1xx.o
 .debug_ranges  0x0000000000000c60       0x20 startup/startup_stm32l152xe.o

.debug_macro    0x0000000000000000    0x189ff
 .debug_macro   0x0000000000000000      0x303 Drivers/STM32L1xx_HAL_Driver/Src/stm32l1xx_hal.o
 .debug_macro   0x0000000000000303      0xa60 Drivers/STM32L1xx_HAL_Driver/Src/stm32l1xx_hal.o
 .debug_macro   0x0000000000000d63       0x8e Drivers/STM32L1xx_HAL_Driver/Src/stm32l1xx_hal.o
 .debug_macro   0x0000000000000df1       0x2e Drivers/STM32L1xx_HAL_Driver/Src/stm32l1xx_hal.o
 .debug_macro   0x0000000000000e1f       0x22 Drivers/STM32L1xx_HAL_Driver/Src/stm32l1xx_hal.o
 .debug_macro   0x0000000000000e41       0x22 Drivers/STM32L1xx_HAL_Driver/Src/stm32l1xx_hal.o
 .debug_macro   0x0000000000000e63       0x87 Drivers/STM32L1xx_HAL_Driver/Src/stm32l1xx_hal.o
 .debug_macro   0x0000000000000eea       0x51 Drivers/STM32L1xx_HAL_Driver/Src/stm32l1xx_hal.o
 .debug_macro   0x0000000000000f3b       0xef Drivers/STM32L1xx_HAL_Driver/Src/stm32l1xx_hal.o
 .debug_macro   0x000000000000102a       0x6a Drivers/STM32L1xx_HAL_Driver/Src/stm32l1xx_hal.o
 .debug_macro   0x0000000000001094      0x1df Drivers/STM32L1xx_HAL_Driver/Src/stm32l1xx_hal.o
 .debug_macro   0x0000000000001273       0x34 Drivers/STM32L1xx_HAL_Driver/Src/stm32l1xx_hal.o
 .debug_macro   0x00000000000012a7       0x34 Drivers/STM32L1xx_HAL_Driver/Src/stm32l1xx_hal.o
 .debug_macro   0x00000000000012db      0xcb4 Drivers/STM32L1xx_HAL_Driver/Src/stm32l1xx_hal.o
 .debug_macro   0x0000000000001f8f     0xbeb6 Drivers/STM32L1xx_HAL_Driver/Src/stm32l1xx_hal.o
 .debug_macro   0x000000000000de45       0x43 Drivers/STM32L1xx_HAL_Driver/Src/stm32l1xx_hal.o
 .debug_macro   0x000000000000de88     0x342b Drivers/STM32L1xx_HAL_Driver/Src/stm32l1xx_hal.o
 .debug_macro   0x00000000000112b3       0x58 Drivers/STM32L1xx_HAL_Driver/Src/stm32l1xx_hal.o
 .debug_macro   0x000000000001130b       0x17 Drivers/STM32L1xx_HAL_Driver/Src/stm32l1xx_hal.o
 .debug_macro   0x0000000000011322       0x35 Drivers/STM32L1xx_HAL_Driver/Src/stm32l1xx_hal.o
 .debug_macro   0x0000000000011357       0x9c Drivers/STM32L1xx_HAL_Driver/Src/stm32l1xx_hal.o
 .debug_macro   0x00000000000113f3       0x16 Drivers/STM32L1xx_HAL_Driver/Src/stm32l1xx_hal.o
 .debug_macro   0x0000000000011409       0x97 Drivers/STM32L1xx_HAL_Driver/Src/stm32l1xx_hal.o
 .debug_macro   0x00000000000114a0      0x330 Drivers/STM32L1xx_HAL_Driver/Src/stm32l1xx_hal.o
 .debug_macro   0x00000000000117d0       0xfd Drivers/STM32L1xx_HAL_Driver/Src/stm32l1xx_hal.o
 .debug_macro   0x00000000000118cd       0x10 Drivers/STM32L1xx_HAL_Driver/Src/stm32l1xx_hal.o
 .debug_macro   0x00000000000118dd       0x58 Drivers/STM32L1xx_HAL_Driver/Src/stm32l1xx_hal.o
 .debug_macro   0x0000000000011935       0x1f Drivers/STM32L1xx_HAL_Driver/Src/stm32l1xx_hal.o
 .debug_macro   0x0000000000011954       0x43 Drivers/STM32L1xx_HAL_Driver/Src/stm32l1xx_hal.o
 .debug_macro   0x0000000000011997       0x20 Drivers/STM32L1xx_HAL_Driver/Src/stm32l1xx_hal.o
 .debug_macro   0x00000000000119b7      0x18e Drivers/STM32L1xx_HAL_Driver/Src/stm32l1xx_hal.o
 .debug_macro   0x0000000000011b45       0x10 Drivers/STM32L1xx_HAL_Driver/Src/stm32l1xx_hal.o
 .debug_macro   0x0000000000011b55       0x1c Drivers/STM32L1xx_HAL_Driver/Src/stm32l1xx_hal.o
 .debug_macro   0x0000000000011b71       0x52 Drivers/STM32L1xx_HAL_Driver/Src/stm32l1xx_hal.o
 .debug_macro   0x0000000000011bc3       0x40 Drivers/STM32L1xx_HAL_Driver/Src/stm32l1xx_hal.o
 .debug_macro   0x0000000000011c03       0x10 Drivers/STM32L1xx_HAL_Driver/Src/stm32l1xx_hal.o
 .debug_macro   0x0000000000011c13       0x40 Drivers/STM32L1xx_HAL_Driver/Src/stm32l1xx_hal.o
 .debug_macro   0x0000000000011c53       0xd7 Drivers/STM32L1xx_HAL_Driver/Src/stm32l1xx_hal.o
 .debug_macro   0x0000000000011d2a       0x1c Drivers/STM32L1xx_HAL_Driver/Src/stm32l1xx_hal.o
 .debug_macro   0x0000000000011d46       0x3d Drivers/STM32L1xx_HAL_Driver/Src/stm32l1xx_hal.o
 .debug_macro   0x0000000000011d83       0x16 Drivers/STM32L1xx_HAL_Driver/Src/stm32l1xx_hal.o
 .debug_macro   0x0000000000011d99      0x16f Drivers/STM32L1xx_HAL_Driver/Src/stm32l1xx_hal.o
 .debug_macro   0x0000000000011f08       0x50 Drivers/STM32L1xx_HAL_Driver/Src/stm32l1xx_hal.o
 .debug_macro   0x0000000000011f58      0xe3e Drivers/STM32L1xx_HAL_Driver/Src/stm32l1xx_hal.o
 .debug_macro   0x0000000000012d96      0x363 Drivers/STM32L1xx_HAL_Driver/Src/stm32l1xx_hal.o
 .debug_macro   0x00000000000130f9      0x141 Drivers/STM32L1xx_HAL_Driver/Src/stm32l1xx_hal.o
 .debug_macro   0x000000000001323a       0xc6 Drivers/STM32L1xx_HAL_Driver/Src/stm32l1xx_hal.o
 .debug_macro   0x0000000000013300      0x25d Drivers/STM32L1xx_HAL_Driver/Src/stm32l1xx_hal.o
 .debug_macro   0x000000000001355d      0x23a Drivers/STM32L1xx_HAL_Driver/Src/stm32l1xx_hal.o
 .debug_macro   0x0000000000013797      0x113 Drivers/STM32L1xx_HAL_Driver/Src/stm32l1xx_hal.o
 .debug_macro   0x00000000000138aa      0x56c Drivers/STM32L1xx_HAL_Driver/Src/stm32l1xx_hal.o
 .debug_macro   0x0000000000013e16      0x225 Drivers/STM32L1xx_HAL_Driver/Src/stm32l1xx_hal.o
 .debug_macro   0x000000000001403b      0x1ed Drivers/STM32L1xx_HAL_Driver/Src/stm32l1xx_hal.o
 .debug_macro   0x0000000000014228       0x22 Drivers/STM32L1xx_HAL_Driver/Src/stm32l1xx_hal.o
 .debug_macro   0x000000000001424a      0x287 Drivers/STM32L1xx_HAL_Driver/Src/stm32l1xx_hal.o
 .debug_macro   0x00000000000144d1      0x470 Drivers/STM32L1xx_HAL_Driver/Src/stm32l1xx_hal.o
 .debug_macro   0x0000000000014941      0x2df Drivers/STM32L1xx_HAL_Driver/Src/stm32l1xx_hal_cortex.o
 .debug_macro   0x0000000000014c20      0x318 Drivers/STM32L1xx_HAL_Driver/Src/stm32l1xx_hal_gpio.o
 .debug_macro   0x0000000000014f38      0x32d Drivers/STM32L1xx_HAL_Driver/Src/stm32l1xx_hal_i2c.o
 .debug_macro   0x0000000000015265      0x31b Drivers/STM32L1xx_HAL_Driver/Src/stm32l1xx_hal_rcc.o
 .debug_macro   0x0000000000015580      0x2e0 Drivers/STM32L1xx_HAL_Driver/Src/stm32l1xx_hal_uart.o
 .debug_macro   0x0000000000015860      0x1ed Middlewares/Third_Party/FreeRTOS/Source/CMSIS_RTOS/cmsis_os.o
 .debug_macro   0x0000000000015a4d       0x52 Middlewares/Third_Party/FreeRTOS/Source/CMSIS_RTOS/cmsis_os.o
 .debug_macro   0x0000000000015a9f       0x8d Middlewares/Third_Party/FreeRTOS/Source/CMSIS_RTOS/cmsis_os.o
 .debug_macro   0x0000000000015b2c      0x174 Middlewares/Third_Party/FreeRTOS/Source/CMSIS_RTOS/cmsis_os.o
 .debug_macro   0x0000000000015ca0       0x57 Middlewares/Third_Party/FreeRTOS/Source/CMSIS_RTOS/cmsis_os.o
 .debug_macro   0x0000000000015cf7       0x10 Middlewares/Third_Party/FreeRTOS/Source/CMSIS_RTOS/cmsis_os.o
 .debug_macro   0x0000000000015d07       0x35 Middlewares/Third_Party/FreeRTOS/Source/CMSIS_RTOS/cmsis_os.o
 .debug_macro   0x0000000000015d3c       0xd8 Middlewares/Third_Party/FreeRTOS/Source/CMSIS_RTOS/cmsis_os.o
 .debug_macro   0x0000000000015e14      0x168 Middlewares/Third_Party/FreeRTOS/Source/CMSIS_RTOS/cmsis_os.o
 .debug_macro   0x0000000000015f7c       0xe4 Middlewares/Third_Party/FreeRTOS/Source/CMSIS_RTOS/cmsis_os.o
 .debug_macro   0x0000000000016060       0x10 Middlewares/Third_Party/FreeRTOS/Source/CMSIS_RTOS/cmsis_os.o
 .debug_macro   0x0000000000016070       0x1f Middlewares/Third_Party/FreeRTOS/Source/CMSIS_RTOS/cmsis_os.o
 .debug_macro   0x000000000001608f      0x40f Middlewares/Third_Party/FreeRTOS/Source/CMSIS_RTOS/cmsis_os.o
 .debug_macro   0x000000000001649e       0xc0 Middlewares/Third_Party/FreeRTOS/Source/CMSIS_RTOS/cmsis_os.o
 .debug_macro   0x000000000001655e       0x8c Middlewares/Third_Party/FreeRTOS/Source/CMSIS_RTOS/cmsis_os.o
 .debug_macro   0x00000000000165ea       0x91 Middlewares/Third_Party/FreeRTOS/Source/CMSIS_RTOS/cmsis_os.o
 .debug_macro   0x000000000001667b       0x94 Middlewares/Third_Party/FreeRTOS/Source/CMSIS_RTOS/cmsis_os.o
 .debug_macro   0x000000000001670f       0x63 Middlewares/Third_Party/FreeRTOS/Source/CMSIS_RTOS/cmsis_os.o
 .debug_macro   0x0000000000016772       0x19 Middlewares/Third_Party/FreeRTOS/Source/CMSIS_RTOS/cmsis_os.o
 .debug_macro   0x000000000001678b       0xcf Middlewares/Third_Party/FreeRTOS/Source/CMSIS_RTOS/cmsis_os.o
 .debug_macro   0x000000000001685a       0x26 Middlewares/Third_Party/FreeRTOS/Source/CMSIS_RTOS/cmsis_os.o
 .debug_macro   0x0000000000016880      0x17b Middlewares/Third_Party/FreeRTOS/Source/list.o
 .debug_macro   0x00000000000169fb      0x264 Middlewares/Third_Party/FreeRTOS/Source/tasks.o
 .debug_macro   0x0000000000016c5f       0x11 Middlewares/Third_Party/FreeRTOS/Source/tasks.o
 .debug_macro   0x0000000000016c70      0x176 Middlewares/Third_Party/FreeRTOS/Source/portable/GCC/ARM_CM3/port.o
 .debug_macro   0x0000000000016de6      0x1a2 Middlewares/Third_Party/FreeRTOS/Source/portable/MemMang/heap_4.o
 .debug_macro   0x0000000000016f88      0x2e9 Middlewares/Third_Party/SSD1306/fonts.o
 .debug_macro   0x0000000000017271      0x2f2 Middlewares/Third_Party/SSD1306/ssd1306.o
 .debug_macro   0x0000000000017563       0x22 Middlewares/Third_Party/SSD1306/ssd1306.o
 .debug_macro   0x0000000000017585      0x34c Middlewares/gamesys/gamesys.o
 .debug_macro   0x00000000000178d1      0x2fc Middlewares/gamesys/sprites.o
 .debug_macro   0x0000000000017bcd      0x3db Src/main.o
 .debug_macro   0x0000000000017fa8       0xd8 Src/main.o
 .debug_macro   0x0000000000018080      0x2ee Src/stm32l1xx_hal_msp.o
 .debug_macro   0x000000000001836e      0x3ac Src/stm32l1xx_it.o
 .debug_macro   0x000000000001871a      0x2e5 Src/system_stm32l1xx.o

.debug_line     0x0000000000000000     0xc2e3
 .debug_line    0x0000000000000000      0x8e4 Drivers/STM32L1xx_HAL_Driver/Src/stm32l1xx_hal.o
 .debug_line    0x00000000000008e4      0x9c0 Drivers/STM32L1xx_HAL_Driver/Src/stm32l1xx_hal_cortex.o
 .debug_line    0x00000000000012a4      0x8fe Drivers/STM32L1xx_HAL_Driver/Src/stm32l1xx_hal_gpio.o
 .debug_line    0x0000000000001ba2     0x18d1 Drivers/STM32L1xx_HAL_Driver/Src/stm32l1xx_hal_i2c.o
 .debug_line    0x0000000000003473      0xd91 Drivers/STM32L1xx_HAL_Driver/Src/stm32l1xx_hal_rcc.o
 .debug_line    0x0000000000004204      0xe5e Drivers/STM32L1xx_HAL_Driver/Src/stm32l1xx_hal_uart.o
 .debug_line    0x0000000000005062      0xbe4 Middlewares/Third_Party/FreeRTOS/Source/CMSIS_RTOS/cmsis_os.o
 .debug_line    0x0000000000005c46      0x583 Middlewares/Third_Party/FreeRTOS/Source/list.o
 .debug_line    0x00000000000061c9      0xe1f Middlewares/Third_Party/FreeRTOS/Source/tasks.o
 .debug_line    0x0000000000006fe8      0x5ef Middlewares/Third_Party/FreeRTOS/Source/portable/GCC/ARM_CM3/port.o
 .debug_line    0x00000000000075d7      0x637 Middlewares/Third_Party/FreeRTOS/Source/portable/MemMang/heap_4.o
 .debug_line    0x0000000000007c0e      0x7cd Middlewares/Third_Party/SSD1306/fonts.o
 .debug_line    0x00000000000083db      0x90b Middlewares/Third_Party/SSD1306/ssd1306.o
 .debug_line    0x0000000000008ce6      0x87f Middlewares/gamesys/gamesys.o
 .debug_line    0x0000000000009565      0x83e Middlewares/gamesys/sprites.o
 .debug_line    0x0000000000009da3      0xb47 Src/main.o
 .debug_line    0x000000000000a8ea      0x7fb Src/stm32l1xx_hal_msp.o
 .debug_line    0x000000000000b0e5      0x9d4 Src/stm32l1xx_it.o
 .debug_line    0x000000000000bab9      0x7ad Src/system_stm32l1xx.o
 .debug_line    0x000000000000c266       0x7d startup/startup_stm32l152xe.o

.debug_str      0x0000000000000000    0x8eaaf
 .debug_str     0x0000000000000000    0x84bd3 Drivers/STM32L1xx_HAL_Driver/Src/stm32l1xx_hal.o
                                      0x84f76 (size before relaxing)
 .debug_str     0x0000000000084bd3      0x3d0 Drivers/STM32L1xx_HAL_Driver/Src/stm32l1xx_hal_cortex.o
                                      0x850c1 (size before relaxing)
 .debug_str     0x0000000000084fa3      0x294 Drivers/STM32L1xx_HAL_Driver/Src/stm32l1xx_hal_gpio.o
                                      0x84b44 (size before relaxing)
 .debug_str     0x0000000000085237      0xe7b Drivers/STM32L1xx_HAL_Driver/Src/stm32l1xx_hal_i2c.o
                                      0x8576a (size before relaxing)
 .debug_str     0x00000000000860b2      0x533 Drivers/STM32L1xx_HAL_Driver/Src/stm32l1xx_hal_rcc.o
                                      0x84ec7 (size before relaxing)
 .debug_str     0x00000000000865e5      0x518 Drivers/STM32L1xx_HAL_Driver/Src/stm32l1xx_hal_uart.o
                                      0x84fe5 (size before relaxing)
 .debug_str     0x0000000000086afd     0x5d11 Middlewares/Third_Party/FreeRTOS/Source/CMSIS_RTOS/cmsis_os.o
                                       0xcaef (size before relaxing)
 .debug_str     0x000000000008c80e      0x234 Middlewares/Third_Party/FreeRTOS/Source/list.o
                                       0x9d7f (size before relaxing)
 .debug_str     0x000000000008ca42     0x10b7 Middlewares/Third_Party/FreeRTOS/Source/tasks.o
                                       0xbe12 (size before relaxing)
 .debug_str     0x000000000008daf9      0x666 Middlewares/Third_Party/FreeRTOS/Source/portable/GCC/ARM_CM3/port.o
                                       0x7be8 (size before relaxing)
 .debug_str     0x000000000008e15f      0x243 Middlewares/Third_Party/FreeRTOS/Source/portable/MemMang/heap_4.o
                                       0xa4bf (size before relaxing)
 .debug_str     0x000000000008e3a2       0x8c Middlewares/Third_Party/SSD1306/fonts.o
                                      0x8488b (size before relaxing)
 .debug_str     0x000000000008e42e      0x18a Middlewares/Third_Party/SSD1306/ssd1306.o
                                      0x84e45 (size before relaxing)
 .debug_str     0x000000000008e5b8       0xfb Middlewares/gamesys/gamesys.o
                                      0x84f16 (size before relaxing)
 .debug_str     0x000000000008e6b3       0x44 Middlewares/gamesys/sprites.o
                                      0x84dc5 (size before relaxing)
 .debug_str     0x000000000008e6f7      0x25e Src/main.o
                                      0x8a7e9 (size before relaxing)
 .debug_str     0x000000000008e955       0x1b Src/stm32l1xx_hal_msp.o
                                      0x853da (size before relaxing)
 .debug_str     0x000000000008e970       0x9d Src/stm32l1xx_it.o
                                      0x89be5 (size before relaxing)
 .debug_str     0x000000000008ea0d       0x72 Src/system_stm32l1xx.o
                                      0x8491b (size before relaxing)
 .debug_str     0x000000000008ea7f       0x30 startup/startup_stm32l152xe.o
                                         0x5a (size before relaxing)

.comment        0x0000000000000000       0x7e
 .comment       0x0000000000000000       0x7e Drivers/STM32L1xx_HAL_Driver/Src/stm32l1xx_hal.o
                                         0x7f (size before relaxing)
 .comment       0x000000000000007e       0x7f Drivers/STM32L1xx_HAL_Driver/Src/stm32l1xx_hal_cortex.o
 .comment       0x000000000000007e       0x7f Drivers/STM32L1xx_HAL_Driver/Src/stm32l1xx_hal_gpio.o
 .comment       0x000000000000007e       0x7f Drivers/STM32L1xx_HAL_Driver/Src/stm32l1xx_hal_i2c.o
 .comment       0x000000000000007e       0x7f Drivers/STM32L1xx_HAL_Driver/Src/stm32l1xx_hal_rcc.o
 .comment       0x000000000000007e       0x7f Drivers/STM32L1xx_HAL_Driver/Src/stm32l1xx_hal_uart.o
 .comment       0x000000000000007e       0x7f Middlewares/Third_Party/FreeRTOS/Source/CMSIS_RTOS/cmsis_os.o
 .comment       0x000000000000007e       0x7f Middlewares/Third_Party/FreeRTOS/Source/list.o
 .comment       0x000000000000007e       0x7f Middlewares/Third_Party/FreeRTOS/Source/tasks.o
 .comment       0x000000000000007e       0x7f Middlewares/Third_Party/FreeRTOS/Source/portable/GCC/ARM_CM3/port.o
 .comment       0x000000000000007e       0x7f Middlewares/Third_Party/FreeRTOS/Source/portable/MemMang/heap_4.o
 .comment       0x000000000000007e       0x7f Middlewares/Third_Party/SSD1306/fonts.o
 .comment       0x000000000000007e       0x7f Middlewares/Third_Party/SSD1306/ssd1306.o
 .comment       0x000000000000007e       0x7f Middlewares/gamesys/gamesys.o
 .comment       0x000000000000007e       0x7f Middlewares/gamesys/sprites.o
 .comment       0x000000000000007e       0x7f Src/main.o
 .comment       0x000000000000007e       0x7f Src/stm32l1xx_hal_msp.o
 .comment       0x000000000000007e       0x7f Src/stm32l1xx_it.o
 .comment       0x000000000000007e       0x7f Src/system_stm32l1xx.o

.debug_frame    0x0000000000000000     0x2300
 .debug_frame   0x0000000000000000      0x168 Drivers/STM32L1xx_HAL_Driver/Src/stm32l1xx_hal.o
 .debug_frame   0x0000000000000168      0x15c Drivers/STM32L1xx_HAL_Driver/Src/stm32l1xx_hal_cortex.o
 .debug_frame   0x00000000000002c4       0xec Drivers/STM32L1xx_HAL_Driver/Src/stm32l1xx_hal_gpio.o
 .debug_frame   0x00000000000003b0      0x854 Drivers/STM32L1xx_HAL_Driver/Src/stm32l1xx_hal_i2c.o
 .debug_frame   0x0000000000000c04      0x168 Drivers/STM32L1xx_HAL_Driver/Src/stm32l1xx_hal_rcc.o
 .debug_frame   0x0000000000000d6c      0x380 Drivers/STM32L1xx_HAL_Driver/Src/stm32l1xx_hal_uart.o
 .debug_frame   0x00000000000010ec      0x584 Middlewares/Third_Party/FreeRTOS/Source/CMSIS_RTOS/cmsis_os.o
 .debug_frame   0x0000000000001670       0x6c Middlewares/Third_Party/FreeRTOS/Source/list.o
 .debug_frame   0x00000000000016dc      0x4e8 Middlewares/Third_Party/FreeRTOS/Source/tasks.o
 .debug_frame   0x0000000000001bc4       0xe0 Middlewares/Third_Party/FreeRTOS/Source/portable/GCC/ARM_CM3/port.o
 .debug_frame   0x0000000000001ca4       0xac Middlewares/Third_Party/FreeRTOS/Source/portable/MemMang/heap_4.o
 .debug_frame   0x0000000000001d50       0xe8 Middlewares/Third_Party/SSD1306/ssd1306.o
 .debug_frame   0x0000000000001e38       0x80 Middlewares/gamesys/gamesys.o
 .debug_frame   0x0000000000001eb8       0x54 Middlewares/gamesys/sprites.o
 .debug_frame   0x0000000000001f0c      0x120 Src/main.o
 .debug_frame   0x000000000000202c       0x9c Src/stm32l1xx_hal_msp.o
 .debug_frame   0x00000000000020c8       0x88 Src/stm32l1xx_it.o
 .debug_frame   0x0000000000002150       0x30 Src/system_stm32l1xx.o
 .debug_frame   0x0000000000002180       0x2c /home/gecko/Ac6/SystemWorkbench/plugins/fr.ac6.mcu.externaltools.arm-none.linux64_1.16.0.201807130628/tools/compiler/bin/../lib/gcc/arm-none-eabi/7.2.1/../../../../arm-none-eabi/lib/thumb/v7-m/libc_nano.a(lib_a-init.o)
 .debug_frame   0x00000000000021ac       0x30 /home/gecko/Ac6/SystemWorkbench/plugins/fr.ac6.mcu.externaltools.arm-none.linux64_1.16.0.201807130628/tools/compiler/bin/../lib/gcc/arm-none-eabi/7.2.1/../../../../arm-none-eabi/lib/thumb/v7-m/libc_nano.a(lib_a-malloc.o)
 .debug_frame   0x00000000000021dc       0x20 /home/gecko/Ac6/SystemWorkbench/plugins/fr.ac6.mcu.externaltools.arm-none.linux64_1.16.0.201807130628/tools/compiler/bin/../lib/gcc/arm-none-eabi/7.2.1/../../../../arm-none-eabi/lib/thumb/v7-m/libc_nano.a(lib_a-memset.o)
 .debug_frame   0x00000000000021fc       0x2c /home/gecko/Ac6/SystemWorkbench/plugins/fr.ac6.mcu.externaltools.arm-none.linux64_1.16.0.201807130628/tools/compiler/bin/../lib/gcc/arm-none-eabi/7.2.1/../../../../arm-none-eabi/lib/thumb/v7-m/libc_nano.a(lib_a-nano-mallocr.o)
 .debug_frame   0x0000000000002228       0x2c /home/gecko/Ac6/SystemWorkbench/plugins/fr.ac6.mcu.externaltools.arm-none.linux64_1.16.0.201807130628/tools/compiler/bin/../lib/gcc/arm-none-eabi/7.2.1/../../../../arm-none-eabi/lib/thumb/v7-m/libc_nano.a(lib_a-sbrkr.o)
 .debug_frame   0x0000000000002254       0x30 /home/gecko/Ac6/SystemWorkbench/plugins/fr.ac6.mcu.externaltools.arm-none.linux64_1.16.0.201807130628/tools/compiler/bin/../lib/gcc/arm-none-eabi/7.2.1/../../../../arm-none-eabi/lib/thumb/v7-m/libc_nano.a(lib_a-mlock.o)
 .debug_frame   0x0000000000002284       0x5c /home/gecko/Ac6/SystemWorkbench/plugins/fr.ac6.mcu.externaltools.arm-none.linux64_1.16.0.201807130628/tools/compiler/bin/../lib/gcc/arm-none-eabi/7.2.1/../../../../arm-none-eabi/lib/thumb/v7-m/libc_nano.a(lib_a-reent.o)
 .debug_frame   0x00000000000022e0       0x20 /home/gecko/Ac6/SystemWorkbench/plugins/fr.ac6.mcu.externaltools.arm-none.linux64_1.16.0.201807130628/tools/compiler/bin/../lib/gcc/arm-none-eabi/7.2.1/../../../../arm-none-eabi/lib/thumb/v7-m/libnosys.a(sbrk.o)
